Godot Engine v4.7.2.stable.mono.official.ed1daf0bf - https://godotengine.org
OpenGL API 3.3.0 NVIDIA 596.08 - Compatibility - Using Device: NVIDIA - NVIDIA GeForce RTX 3050 Ti Laptop GPU

FESTIVAL_TYCOON_LAUNCHED build=0.0.1-m0.01 godot=4.7.2-stable (official)
FARM_SCENE_READY scenario=scenario.lower-wittering-farm objects=6 hash=55ad8e80733f6b068a90b6572692f03cdc63d4214468e0cff5df68ab43336c2a
INCIDENT_AUDIO_READY ambient=True explosion=True female=True male=True mode=cc0-integrated
FARM_SELECTION_CLEARED
FARM_SELECTION_CLEARED
TIMETABLE_UI legacy_and_programme_load=True exact_booked_hash=True
TIMETABLE_STATE name=booked tick=0 slot=-1 phase= ready= people=32 performers=9 admitted=0 departed=0 status=Programme booked hash=2517350e983dfb565a8a153af5f2306f792971ffd2d9d612fa46e2d6b384c8ec
ATTENDEE_SELECTED id=26 orientation=South
TIMETABLE_STATE name=scheduled-first-start tick=800 slot=0 phase=BeforeSet ready=0 people=32 performers=9 admitted=28 departed=0 status=Late: performers not on marks hash=6b07f1fb754156b478f8a0fdfb7426f122bb42504af499e72bf91eee2cc559b5
TIMETABLE_BAND person=24 physical=-13250,17195 action=Travelling intent=performance.side-entry instrument=False
TIMETABLE_BAND person=25 physical=-13250,15029 action=Travelling intent=performance.side-entry instrument=False
TIMETABLE_BAND person=26 physical=-13250,15471 action=Travelling intent=performance.side-entry instrument=False
TIMETABLE_STATE name=checkpoint tick=2000 slot=0 phase=Live ready=3 people=32 performers=9 admitted=32 departed=0 status=Playing hash=1d22ba4276d9639c5fe0de50953bd5fc44ca7213c431a2c98b1ea48dd7fe32d5
TIMETABLE_BAND person=24 physical=-15750,11250 action=Arrived intent=performance.stage-entry instrument=True
TIMETABLE_BAND person=25 physical=-16750,9250 action=Arrived intent=performance.stage-entry instrument=True
TIMETABLE_BAND person=26 physical=-17250,12250 action=Arrived intent=performance.stage-entry instrument=False
ATTENDEE_SELECTED id=3 orientation=South
TIMETABLE_STATE name=first-set tick=2000 slot=0 phase=Live ready=3 people=32 performers=9 admitted=32 departed=0 status=Playing hash=1d22ba4276d9639c5fe0de50953bd5fc44ca7213c431a2c98b1ea48dd7fe32d5
TIMETABLE_BAND person=24 physical=-15750,11250 action=Arrived intent=performance.stage-entry instrument=True
TIMETABLE_BAND person=25 physical=-16750,9250 action=Arrived intent=performance.stage-entry instrument=True
TIMETABLE_BAND person=26 physical=-17250,12250 action=Arrived intent=performance.stage-entry instrument=False
FESTIVAL_AUDIO act=act.meadow-lanterns genre=0 stream=res://assets/audio/folk_loop_v1.wav playing=True
TIMETABLE_AUDIO_CHECK stream=res://assets/audio/folk_loop_v1.wav playing=True expected=True
FESTIVAL_AUDIO act=act.barnstorm-circuit genre=1 stream=res://assets/audio/rock_loop_v2.wav playing=True
TIMETABLE_AUDIO_CHECK stream=res://assets/audio/rock_loop_v2.wav playing=True expected=True
TIMETABLE_ROCK duration=16.695646 same_live_phase=True
FESTIVAL_AUDIO act=act.meadow-lanterns genre=0 stream=res://assets/audio/folk_loop_v1.wav playing=True
TIMETABLE_AUDIO_CHECK stream=res://assets/audio/folk_loop_v1.wav playing=True expected=True
TIMETABLE_AUDIO_CHECK stream=res://assets/audio/folk_loop_v1.wav playing=False expected=False
FARM_SELECTION_CLEARED
FESTIVAL_AUDIO act=act.meadow-lanterns genre=0 stream=res://assets/audio/folk_loop_v1.wav playing=True
TIMETABLE_AUDIO_CHECK stream=res://assets/audio/folk_loop_v1.wav playing=True expected=True
TIMETABLE_AUDIO_RELOAD exact_hash=True no_replayed_reaction=True power_cut_silence=True
ATTENDEE_SELECTED id=3 orientation=South
TIMETABLE_OPERATOR ordinary_medic_dispatch=True patient=22 tick=2000
TIMETABLE_STATE name=checkpoint tick=4160 slot=0 phase=Finished ready=0 people=32 performers=9 admitted=32 departed=0 status=Changeover: outgoing performers clearing stairs hash=b49ae2a3f368c6ca65b0466d2d5446e3dd5416393ff47cd2551bfe74f8f4c821
TIMETABLE_BAND person=24 physical=-13746,14250 action=Travelling intent=medical.free-water-approach instrument=False
TIMETABLE_BAND person=25 physical=-15478,13522 action=Travelling intent=medical.free-water-approach instrument=False
TIMETABLE_BAND person=26 physical=-13250,14039 action=Travelling intent=medical.free-water-approach instrument=False
TIMETABLE_AUDIO_CHECK stream=res://assets/audio/folk_loop_v1.wav playing=False expected=False
TIMETABLE_STATE name=first-changeover tick=4160 slot=0 phase=Finished ready=0 people=32 performers=9 admitted=32 departed=0 status=Changeover: outgoing performers clearing stairs hash=b49ae2a3f368c6ca65b0466d2d5446e3dd5416393ff47cd2551bfe74f8f4c821
TIMETABLE_BAND person=24 physical=-13746,14250 action=Travelling intent=medical.free-water-approach instrument=False
TIMETABLE_BAND person=25 physical=-15478,13522 action=Travelling intent=medical.free-water-approach instrument=False
TIMETABLE_BAND person=26 physical=-13250,14039 action=Travelling intent=medical.free-water-approach instrument=False
TIMETABLE_SAVE changeover_exact=True
TIMETABLE_OPERATOR ordinary_medic_dispatch=True patient=4 tick=4320
TIMETABLE_STATE name=checkpoint tick=5800 slot=1 phase=Live ready=3 people=32 performers=9 admitted=32 departed=0 status=Playing hash=47f16b1d0aca4d46f975c458b501c200b856c47536b7d55be3b5c6cf73a31b7d
TIMETABLE_BAND person=29 physical=-15750,11250 action=Arrived intent=performance.stage-entry instrument=True
TIMETABLE_BAND person=30 physical=-16750,9250 action=Arrived intent=performance.stage-entry instrument=True
TIMETABLE_BAND person=31 physical=-17250,12250 action=Arrived intent=performance.stage-entry instrument=False
TIMETABLE_STATE name=second-set tick=5800 slot=1 phase=Live ready=3 people=32 performers=9 admitted=32 departed=0 status=Playing hash=47f16b1d0aca4d46f975c458b501c200b856c47536b7d55be3b5c6cf73a31b7d
TIMETABLE_BAND person=29 physical=-15750,11250 action=Arrived intent=performance.stage-entry instrument=True
TIMETABLE_BAND person=30 physical=-16750,9250 action=Arrived intent=performance.stage-entry instrument=True
TIMETABLE_BAND person=31 physical=-17250,12250 action=Arrived intent=performance.stage-entry instrument=False
FESTIVAL_AUDIO act=act.neon-postcards genre=2 stream=res://assets/audio/pop_loop_v1.wav playing=True
TIMETABLE_AUDIO_CHECK stream=res://assets/audio/pop_loop_v1.wav playing=True expected=True
TIMETABLE_STATE name=checkpoint tick=8160 slot=1 phase=Finished ready=0 people=32 performers=9 admitted=32 departed=0 status=Changeover: outgoing performers clearing stairs hash=9599aeee861aa3e1d2527156f174b7bb032478cd6f4097d585f028adc2d4bfdf
TIMETABLE_BAND person=29 physical=-14217,14250 action=Travelling intent=medical.free-water-approach instrument=False
TIMETABLE_BAND person=30 physical=-15250,12936 action=Travelling intent=medical.free-water-approach instrument=False
TIMETABLE_BAND person=31 physical=-13581,14250 action=Travelling intent=medical.free-water-approach instrument=False
TIMETABLE_STATE name=second-changeover tick=8160 slot=1 phase=Finished ready=0 people=32 performers=9 admitted=32 departed=0 status=Changeover: outgoing performers clearing stairs hash=9599aeee861aa3e1d2527156f174b7bb032478cd6f4097d585f028adc2d4bfdf
TIMETABLE_BAND person=29 physical=-14217,14250 action=Travelling intent=medical.free-water-approach instrument=False
TIMETABLE_BAND person=30 physical=-15250,12936 action=Travelling intent=medical.free-water-approach instrument=False
TIMETABLE_BAND person=31 physical=-13581,14250 action=Travelling intent=medical.free-water-approach instrument=False
TIMETABLE_AUDIO_CHECK stream=res://assets/audio/pop_loop_v1.wav playing=False expected=False
TIMETABLE_STATE name=checkpoint tick=9800 slot=2 phase=Live ready=3 people=32 performers=9 admitted=32 departed=0 status=Playing hash=1ac04fc6f45bd095014301ad029cf368f0c9d6b9b327ecbe04ce28cdb0a995d8
TIMETABLE_BAND person=32 physical=-15750,11250 action=Arrived intent=performance.stage-entry instrument=True
TIMETABLE_BAND person=33 physical=-16750,9250 action=Arrived intent=performance.stage-entry instrument=True
TIMETABLE_BAND person=34 physical=-17250,12250 action=Arrived intent=performance.stage-entry instrument=False
TIMETABLE_STATE name=third-set tick=9800 slot=2 phase=Live ready=3 people=32 performers=9 admitted=32 departed=0 status=Playing hash=1ac04fc6f45bd095014301ad029cf368f0c9d6b9b327ecbe04ce28cdb0a995d8
TIMETABLE_BAND person=32 physical=-15750,11250 action=Arrived intent=performance.stage-entry instrument=True
TIMETABLE_BAND person=33 physical=-16750,9250 action=Arrived intent=performance.stage-entry instrument=True
TIMETABLE_BAND person=34 physical=-17250,12250 action=Arrived intent=performance.stage-entry instrument=False
FESTIVAL_AUDIO act=act.field-frequency genre=3 stream=res://assets/audio/electronic_loop_v1.wav playing=True
TIMETABLE_AUDIO_CHECK stream=res://assets/audio/electronic_loop_v1.wav playing=True expected=True
TIMETABLE_STATE name=checkpoint tick=12400 slot=2 phase=Finished ready=0 people=32 performers=9 admitted=32 departed=0 status=Final set finished; performers remain on farm hash=8e3ca41df3797229e931d3ea8b6097609325868583cabdf0ce6969c01ce87487
TIMETABLE_BAND person=32 physical=-13250,7067 action=Travelling intent=medical.free-water-approach instrument=False
TIMETABLE_BAND person=33 physical=-13250,9403 action=Travelling intent=medical.free-water-approach instrument=False
TIMETABLE_BAND person=34 physical=-13250,7453 action=Travelling intent=medical.free-water-approach instrument=False
TIMETABLE_STATE name=wind-down tick=12400 slot=2 phase=Finished ready=0 people=32 performers=9 admitted=32 departed=0 status=Final set finished; performers remain on farm hash=8e3ca41df3797229e931d3ea8b6097609325868583cabdf0ce6969c01ce87487
TIMETABLE_BAND person=32 physical=-13250,7067 action=Travelling intent=medical.free-water-approach instrument=False
TIMETABLE_BAND person=33 physical=-13250,9403 action=Travelling intent=medical.free-water-approach instrument=False
TIMETABLE_BAND person=34 physical=-13250,7453 action=Travelling intent=medical.free-water-approach instrument=False
TIMETABLE_AUDIO_CHECK stream=res://assets/audio/electronic_loop_v1.wav playing=False expected=False
TIMETABLE_STATE name=checkpoint tick=12801 slot=2 phase=Finished ready=0 people=32 performers=9 admitted=32 departed=0 status=Final set finished; performers remain on farm hash=69ac17917697842d422d409a9aeb54799fb301da2292abcfaaee42e04afe5c1a
TIMETABLE_BAND person=32 physical=-11485,7515 action=Travelling intent=edition.departure instrument=False
TIMETABLE_BAND person=33 physical=-10099,8901 action=Travelling intent=edition.departure instrument=False
TIMETABLE_BAND person=34 physical=-16227,2773 action=Travelling intent=edition.departure instrument=False
TIMETABLE_STATE name=physical-final-departure tick=14312 slot=2 phase=Finished ready=0 people=32 performers=9 admitted=32 departed=32 status=Final set finished; performers remain on farm hash=98e3dd6240a9467a5cf521ca46bbfaf8885297bc2dbce7a7b238915892e358a2
TIMETABLE_BAND person=32 physical=2250,35250 action=Arrived intent=edition.departure instrument=False
TIMETABLE_BAND person=33 physical=-2750,36250 action=Arrived intent=edition.departure instrument=False
TIMETABLE_BAND person=34 physical=-1750,36250 action=Arrived intent=edition.departure instrument=False
TIMETABLE_CAPTURE_COMPLETE three_sets=True protected_performers=9 physical_departure=True existing_graphics=True
