Godot Engine v4.7.2.stable.mono.official.ed1daf0bf - https://godotengine.org
OpenGL API 3.3.0 NVIDIA 596.08 - Compatibility - Using Device: NVIDIA - NVIDIA GeForce RTX 3050 Ti Laptop GPU

FESTIVAL_TYCOON_LAUNCHED build=0.0.1-m0.01 godot=4.7.2-stable (official)
FARM_SCENE_READY scenario=scenario.lower-wittering-farm objects=6 hash=bf6b6380cb0872fa2fa0d0ff9f491a1b2f387151677bffd8d6fc2e38630c5d69
INCIDENT_AUDIO_READY ambient=True explosion=True female=True male=True mode=cc0-integrated
IMMERSION_LAYOUT_PROJECTION world=(10.25, 0, -4.25) screen=(1035.4666, 402.09235) track=(905.0054, 320.25018) default_orientation=0 camera_focus=(4, 0, 8) camera_size=50
IMMERSION_LAYOUT_PROJECTION world=(18.25, 0, -3.75) screen=(1130.926, 469.96146) track=(898.6414, 324.2425) default_orientation=0 camera_focus=(4, 0, 8) camera_size=50
FARM_SELECTION_CLEARED
FARM_SELECTION_CLEARED
FARM_SELECTION_CLEARED
FARM_SELECTION_CLEARED
FARM_SELECTION_CLEARED
FARM_SELECTION_CLEARED
FARM_SELECTION_CLEARED
FARM_SELECTION_CLEARED
FARM_SELECTION_CLEARED
FARM_SELECTED id=farm.trailer-stage orientation=South
MEDICAL_FACILITY_SELECTED type=Water
MEDICAL_FACILITY_SELECTED type=FirstAid
SECURITY_POST_SELECTED
FARM_SELECTION_CLEARED
FARM_SELECTION_CLEARED
FARM_SELECTION_CLEARED
FARM_SELECTION_CLEARED
FARM_SELECTION_CLEARED
IMMERSION_LAYOUT_CAPTURE_COMPLETE tent_aligned_fronts_screen_right=True front_direction_positive_z=True food_awning_omitted=True bar_canopy_unchanged=True context_move=True rotation_cancel_commit=True exact_file_reload=True four_camera_views=True stage_reset_context=True no_disorder_legacy_load_context_clear=True context_backing_startup_clear_load_removed_escape=True facility_vendor_stage_security_context=True global_hud_retained=True
