passed HalfStarMidpointsRoundUpIncludingZeroAndMaximum (7ms)
passed EveryHeaderUsesRawFieldDirectionAndDeterministicNameIdTies (4ms)
passed GenreFilteringOnlyProjectsRowsAndNeverMutatesCatalog (1ms)
passed ActualR005nNormalSaveRemainsReadableWithoutMigrationOrMutation (450ms)
passed AtomicBookingsReorderWithoutDuplicateFeesAndRejectReplacement (28ms)
passed InsufficientFundsAndLateProgrammeCommandsLeaveStateUnchanged (89ms)
passed MalformedProgrammeAndOutOfWindowLiveStateAreRejectedWithoutThrowing (101ms)
passed IncomingCareRouteIsRetainedAndMissedSlotCannotExtendItsDeadline (131ms)
passed DayTimingIsExplicitAndOldTimetableVersionsAreNotSilentlyMigrated (4ms)
passed FullStaffCapacityHasThirtyFiveDistinctPhysicalPeople (1s 269ms)
passed SameTierRetryKeepsNineIdentitiesAndTastesButClearsProgrammeAndContracts (1s 881ms)
passed ThreeFixedSlotsPhysicallyRunAndFullRosterRemainsOnFarm (20260926,True) (13s 931ms)
passed ThreeFixedSlotsPhysicallyRunAndFullRosterRemainsOnFarm (20260922,False) (12s 833ms)
passed ExactStarBoundaries (0,1) (0ms)
passed ExactStarBoundaries (1999,1) (0ms)
passed ExactStarBoundaries (2000,2) (0ms)
passed ExactStarBoundaries (3999,2) (0ms)
passed ExactStarBoundaries (4000,3) (0ms)
passed ExactStarBoundaries (5999,3) (0ms)
passed ExactStarBoundaries (6000,4) (0ms)
passed ExactStarBoundaries (7999,4) (0ms)
passed ExactStarBoundaries (8000,5) (0ms)
passed ExactStarBoundaries (10000,5) (0ms)
passed NoGuestsIsUnratedAndRoundingCannotChangeBoundary (0ms)
passed NaturalDepartureFrozenReportAndActualFileReload (13s 988ms)
passed BeerPartialGuestCompletionAndPerformerExclusionAreExact (811ms)
passed LedgerOperatingProfitExcludesOpeningFundsAndCapital (13s 592ms)
passed LegacyNullMetricsPreserveCanonicalHashAndInvalidCompletionRejected (728ms)
passed ActualExitTickDeathPrecedesDepartureAndRetryClearsMetrics (12s 802ms)
passed FinalSettlementSaveFailureDoesNotPublishAndOrdinaryDepartureDoesNotAutosave (14s 643ms)
passed EarlyUnhappyGuestRetainedInFinalMeanAndHistory (13s 540ms)
passed ActualMedicalCollapseCountsOnceAndFightKnockoutDoesNotCount (12s 950ms)
passed FightMetricUsesOneActualEncounterIncludingGuestAndExcludesPerformerPair (702ms)
passed ActualHistoricalSaveRemainsReadableWithKnownHashAndNewIdentityRejectsIt (213ms)
passed CurrencyFormattingOmitsOnlyRoundPoundDecimals (1ms)
passed SuccessfulExpensesEmitOnceRejectedCommandsNeverEmitAndHashIsUntouched (5ms)
passed SameTickSalesProjectFestivalCashNotBuyerDebitOrCostAndLoadResetsHistory (96ms)
passed SuccessfulClonedCommandSessionStillEmitsRatherThanSilentlyResetting (80ms)
passed TransactionIdentityScopesCampaignAttemptAndPaymentId (1ms)
passed ActualWarningDeathFavourRetryRetainsReactionIdentityAndResetsAdmission (3s 027ms)
passed ActualResultsSaveStillLoadsWithOriginalHashAndNewHeaderRejectsWithoutRewrite (163ms)
passed ExactApprovedTraitsAndIntegerFormulasAreMonotonicAndBounded (3ms)
passed SharedResolverAssignsMovesSwapsReplacesRemovesAndRejectsStaleOrInvalid (217ms)
passed ActualAdmissionUsesFinalPaidMappingOnceAndLoadDoesNotStack (1s 998ms)
passed CoordinatorEditsAndFailedStartAreAtomicWithOneSetupPaymentAndLiveLock (775ms)
passed IdentityValidationPreservesLegacyNullCanonicalAndActualOldFile (238ms)
passed ThreeDistinctUniformChoicesUseSeparateSavedEntropyAndOneReroll (2s 331ms)
passed PendingDraftBlocksPreparationAndStaleUnknownDuplicateCommandsArePure (38ms)
passed FullHandExcludesOwnedAndAllowsRepeatedRemainingThreeReplacementAndSkip (103ms)
passed SlotPerksAddNoWorkersAndPaidContractsCannotBypassRemovedSlot (34ms)
passed SeparateRoleTrainingDerivesActualAbilitiesAndSavedWalkingSpeeds (395ms)
passed TowerTapRemovalRestoresBaselineAndNeverRemovesMain (57ms)
passed ThirstPerkChangesOnlyGuestsByTenPercentAndWaterHappinessRequiresActualService (174ms)
passed SaveFailureRetainsHandCursorMoneyAndIdsAndSuccessfulChoiceReloadsExactly (207ms)
passed MalformedVersionHandCapacityRngAndEffectsAreRejected (11ms)
passed LegacyNullableStateIsOmittedAndExactCanonicalAndEffectsRemainUnchanged (83ms)
passed ActualCommittedLegacyHudSaveRetainsChecksumHashCanonicalEffectsAndFileBytes (90ms)
passed ActualFatalHearingRetryKeepsPerksDrawsOnceExpiresContractsAndTerminalResetPreservesHistory (8s 863ms)
passed EveryPerkRemovalRestoresItsBoundedEffectAndOwnedExclusion (4ms)
passed ActualGuestFreeWaterTicksImproveSatisfactionAndResumeExactlyWhileStaffDoNotGain (859ms)
passed PairedModestSynergyDiagnosticKeepsBaselineCountersAndExactContinuationBelowFifty (3s 698ms)
passed ActualStaffFreeWaterAndGuestPaidDrinkDoNotEarnPerkHappiness (1s 396ms)
passed PerkTrainedPaidMedicTravelsTreatsAndResumesTheExactJob (1s 666ms)
passed SoundEngineerLabelsDescribeExistingQualityAndPrices (1ms)
passed EditsAreUnpaidReplaceableRemovableAndPersistIncompleteLineup (84ms)
passed MissingRoleSlotRejectsHireWithoutChangingDraftOrIds (37ms)
passed OverBudgetDraftSavesButCannotOpenAndMalformedPlanRejects (126ms)
passed ActualStartCoordinatorIsFailureSafeAndExactlyOnceAcrossLoad (1s 982ms)
passed OptionalOnlyStaffRetryRetainsImmutableSetupAndRehiresStablePerson (2s 780ms)
passed MalformedSetupAndCollectionsRejectWithoutThrowing (85ms)
passed PriorChargedSaveIsRejectedByNormalEconomicsIdentityAndFilePreserved (140ms)
passed TimetableShowsBothOwningTabsThenOnlyUnresolvedTabAndClearsWhenReady (54ms)
passed LegacyOneActGateAndAnyStaffContractSemanticsArePreserved (40ms)
passed MaintenanceAndOptionalEquipmentDoNotHideTheActualStaffBlocker (2ms)
passed PendingPerkUsesItsGlobalGuardAndDoesNotInventAnotherOwningTab (40ms)
passed StableOffersHaveBoundedAffordableChoicesWithoutReroll (97ms)
passed EntireProtectedRosterPhysicallyArrivesAndDeparts (1) (2s 527ms)
passed EntireProtectedRosterPhysicallyArrivesAndDeparts (2) (5s 512ms)
passed FailurePreservesPropertyContactsCashAndUnusedStockButExpiresContracts (625ms)
passed WeakMusicFitChangesNamedGuestSatisfactionAndRiskWithoutBlockingStart (579ms)
passed MalformedPreparationRejectsMissingRosterAndUnpaidProperty (1ms)
passed PurchasedRigCostsMoreNowAndImprovesActualMusicQuality (570ms)
passed SuccessfulRentalExpiresAndLedgerReconcilesExactly (1s 414ms)
passed CommittedRetryCostsEventuallyRejectWithoutNegativeCashOrMutation (258ms)
passed EditionBoundariesSaveCandidatesAndFailedWritesPreserveVisibleState (False) (1s 776ms)
passed EditionBoundariesSaveCandidatesAndFailedWritesPreserveVisibleState (True) (1s 871ms)
passed OpeningInventoryPlusDeliveriesLessActualConsumptionEqualsRemainingValue (320ms)
passed SaveResumeContinuationMatchesUninterruptedHashTransactionsIdsAndRandom (23ms)
passed PausedCommandSavesImmediatelyAndRemainsAppliedOnce (6ms)
passed CorruptionTruncationUnknownSchemaAndContentMismatchAreActionable (43ms)
passed R004OldLayoutSaveIsRejectedWithoutChangingTheFile (23ms)
passed InjectedFailurePreservesPriorGoodSlotAndSuccessfulReplaceKeepsBackup (34ms)
passed AcceptedPurchaseCannotReplayAfterLoading (10ms)
passed BuildMismatchIsWarningAndSlotNamesCannotEscapeDirectory (8ms)
passed CheckedInNonpersonalV1FixtureLoads (2ms)
passed ZeroCommandIdRejectsWithoutMutationAndCannotEnterSaveState (0ms)

Test run summary: Passed! - C:\Projects\festival-tycoon\tests\Festival.Tests\bin\Debug\net8.0\Festival.Tests.dll (net8.0|x64)
  total: 96
  failed: 0
  succeeded: 96
  skipped: 0
  duration: 2m 42s 575ms
