passed HalfStarMidpointsRoundUpIncludingZeroAndMaximum (7ms)
passed EveryHeaderUsesRawFieldDirectionAndDeterministicNameIdTies (5ms)
passed GenreFilteringOnlyProjectsRowsAndNeverMutatesCatalog (1ms)
passed ActualR005nNormalSaveRemainsReadableWithoutMigrationOrMutation (420ms)
passed AtomicBookingsReorderWithoutDuplicateFeesAndRejectReplacement (26ms)
passed InsufficientFundsAndLateProgrammeCommandsLeaveStateUnchanged (86ms)
passed MalformedProgrammeAndOutOfWindowLiveStateAreRejectedWithoutThrowing (83ms)
passed IncomingCareRouteIsRetainedAndMissedSlotCannotExtendItsDeadline (128ms)
passed DayTimingIsExplicitAndOldTimetableVersionsAreNotSilentlyMigrated (5ms)
passed FullStaffCapacityHasThirtyFiveDistinctPhysicalPeople (1s 218ms)
passed SameTierRetryKeepsNineIdentitiesAndTastesButClearsProgrammeAndContracts (2s 022ms)
passed ThreeFixedSlotsPhysicallyRunAndFullRosterRemainsOnFarm (20260926,True) (14s 197ms)
passed ThreeFixedSlotsPhysicallyRunAndFullRosterRemainsOnFarm (20260922,False) (13s 326ms)
passed ExactStarBoundaries (0,1) (0ms)
passed ExactStarBoundaries (1999,1) (0ms)
passed ExactStarBoundaries (2000,2) (0ms)
passed ExactStarBoundaries (3999,2) (0ms)
passed ExactStarBoundaries (4000,3) (0ms)
passed ExactStarBoundaries (5999,3) (0ms)
passed ExactStarBoundaries (6000,4) (0ms)
passed ExactStarBoundaries (7999,4) (0ms)
passed ExactStarBoundaries (8000,5) (0ms)
passed ExactStarBoundaries (10000,5) (0ms)
passed NoGuestsIsUnratedAndRoundingCannotChangeBoundary (0ms)
passed NaturalDepartureFrozenReportAndActualFileReload (14s 844ms)
passed BeerPartialGuestCompletionAndPerformerExclusionAreExact (802ms)
passed LedgerOperatingProfitExcludesOpeningFundsAndCapital (14s 354ms)
passed LegacyNullMetricsPreserveCanonicalHashAndInvalidCompletionRejected (779ms)
passed ActualExitTickDeathPrecedesDepartureAndRetryClearsMetrics (13s 323ms)
passed FinalSettlementSaveFailureDoesNotPublishAndOrdinaryDepartureDoesNotAutosave (15s 300ms)
passed EarlyUnhappyGuestRetainedInFinalMeanAndHistory (13s 813ms)
passed ActualMedicalCollapseCountsOnceAndFightKnockoutDoesNotCount (13s 224ms)
passed FightMetricUsesOneActualEncounterIncludingGuestAndExcludesPerformerPair (711ms)
passed ActualHistoricalSaveRemainsReadableWithKnownHashAndNewIdentityRejectsIt (225ms)
passed CurrencyFormattingOmitsOnlyRoundPoundDecimals (0ms)
passed SuccessfulExpensesEmitOnceRejectedCommandsNeverEmitAndHashIsUntouched (8ms)
passed SameTickSalesProjectFestivalCashNotBuyerDebitOrCostAndLoadResetsHistory (112ms)
passed SuccessfulClonedCommandSessionStillEmitsRatherThanSilentlyResetting (69ms)
passed TransactionIdentityScopesCampaignAttemptAndPaymentId (1ms)
passed ActualWarningDeathFavourRetryRetainsReactionIdentityAndResetsAdmission (3s 020ms)
passed ActualResultsSaveStillLoadsWithOriginalHashAndNewHeaderRejectsWithoutRewrite (174ms)
passed ExactApprovedTraitsAndIntegerFormulasAreMonotonicAndBounded (3ms)
passed SharedResolverAssignsMovesSwapsReplacesRemovesAndRejectsStaleOrInvalid (232ms)
passed ActualAdmissionUsesFinalPaidMappingOnceAndLoadDoesNotStack (2s 119ms)
passed CoordinatorEditsAndFailedStartAreAtomicWithOneSetupPaymentAndLiveLock (806ms)
passed IdentityValidationPreservesLegacyNullCanonicalAndActualOldFile (269ms)
passed ThreeDistinctUniformChoicesUseSeparateSavedEntropyAndOneReroll (2s 484ms)
passed PendingDraftBlocksPreparationAndStaleUnknownDuplicateCommandsArePure (41ms)
passed FullHandExcludesOwnedAndAllowsRepeatedRemainingThreeReplacementAndSkip (110ms)
passed SlotPerksAddNoWorkersAndPaidContractsCannotBypassRemovedSlot (40ms)
passed SeparateRoleTrainingDerivesActualAbilitiesAndSavedWalkingSpeeds (443ms)
passed TowerTapRemovalRestoresBaselineAndNeverRemovesMain (51ms)
passed ThirstPerkChangesOnlyGuestsByTenPercentAndWaterHappinessRequiresActualService (192ms)
passed SaveFailureRetainsHandCursorMoneyAndIdsAndSuccessfulChoiceReloadsExactly (227ms)
passed MalformedVersionHandCapacityRngAndEffectsAreRejected (9ms)
passed LegacyNullableStateIsOmittedAndExactCanonicalAndEffectsRemainUnchanged (85ms)
passed ActualCommittedLegacyHudSaveRetainsChecksumHashCanonicalEffectsAndFileBytes (97ms)
passed ActualFatalHearingRetryKeepsPerksDrawsOnceExpiresContractsAndTerminalResetPreservesHistory (9s 278ms)
passed EveryPerkRemovalRestoresItsBoundedEffectAndOwnedExclusion (4ms)
passed ActualGuestFreeWaterTicksImproveSatisfactionAndResumeExactlyWhileStaffDoNotGain (797ms)
passed PairedModestSynergyDiagnosticKeepsBaselineCountersAndExactContinuationBelowFifty (3s 607ms)
passed ActualStaffFreeWaterAndGuestPaidDrinkDoNotEarnPerkHappiness (1s 472ms)
passed PerkTrainedPaidMedicTravelsTreatsAndResumesTheExactJob (1s 825ms)
passed SoundEngineerLabelsDescribeExistingQualityAndPrices (1ms)
passed EditsAreUnpaidReplaceableRemovableAndPersistIncompleteLineup (77ms)
passed MissingRoleSlotRejectsHireWithoutChangingDraftOrIds (37ms)
passed OverBudgetDraftSavesButCannotOpenAndMalformedPlanRejects (126ms)
passed ActualStartCoordinatorIsFailureSafeAndExactlyOnceAcrossLoad (2s 140ms)
passed OptionalOnlyStaffRetryRetainsImmutableSetupAndRehiresStablePerson (2s 965ms)
passed MalformedSetupAndCollectionsRejectWithoutThrowing (87ms)
passed PriorChargedSaveIsRejectedByNormalEconomicsIdentityAndFilePreserved (145ms)
passed TimetableShowsBothOwningTabsThenOnlyUnresolvedTabAndClearsWhenReady (50ms)
passed LegacyOneActGateAndAnyStaffContractSemanticsArePreserved (47ms)
passed MaintenanceAndOptionalEquipmentDoNotHideTheActualStaffBlocker (6ms)
passed PendingPerkUsesItsGlobalGuardAndDoesNotInventAnotherOwningTab (39ms)
passed StableOffersHaveBoundedAffordableChoicesWithoutReroll (103ms)
passed EntireProtectedRosterPhysicallyArrivesAndDeparts (1) (2s 714ms)
passed EntireProtectedRosterPhysicallyArrivesAndDeparts (2) (5s 705ms)
passed FailurePreservesPropertyContactsCashAndUnusedStockButExpiresContracts (685ms)
passed WeakMusicFitChangesNamedGuestSatisfactionAndRiskWithoutBlockingStart (617ms)
passed MalformedPreparationRejectsMissingRosterAndUnpaidProperty (1ms)
passed PurchasedRigCostsMoreNowAndImprovesActualMusicQuality (632ms)
passed SuccessfulRentalExpiresAndLedgerReconcilesExactly (1s 484ms)
passed CommittedRetryCostsEventuallyRejectWithoutNegativeCashOrMutation (264ms)
passed EditionBoundariesSaveCandidatesAndFailedWritesPreserveVisibleState (False) (1s 913ms)
passed EditionBoundariesSaveCandidatesAndFailedWritesPreserveVisibleState (True) (2s 011ms)
passed OpeningInventoryPlusDeliveriesLessActualConsumptionEqualsRemainingValue (317ms)
passed SaveResumeContinuationMatchesUninterruptedHashTransactionsIdsAndRandom (35ms)
passed PausedCommandSavesImmediatelyAndRemainsAppliedOnce (8ms)
passed CorruptionTruncationUnknownSchemaAndContentMismatchAreActionable (53ms)
passed R004OldLayoutSaveIsRejectedWithoutChangingTheFile (15ms)
passed InjectedFailurePreservesPriorGoodSlotAndSuccessfulReplaceKeepsBackup (39ms)
passed AcceptedPurchaseCannotReplayAfterLoading (8ms)
passed BuildMismatchIsWarningAndSlotNamesCannotEscapeDirectory (10ms)
passed CheckedInNonpersonalV1FixtureLoads (3ms)
passed ZeroCommandIdRejectsWithoutMutationAndCannotEnterSaveState (0ms)

Test run summary: Passed! - C:\Projects\festival-tycoon\tests\Festival.Tests\bin\Debug\net8.0\Festival.Tests.dll (net8.0|x64)
  total: 96
  failed: 0
  succeeded: 96
  skipped: 0
  duration: 2m 49s 011ms
