Godot Engine v4.7.2.stable.mono.official.ed1daf0bf - https://godotengine.org
OpenGL API 3.3.0 NVIDIA 596.08 - Compatibility - Using Device: NVIDIA - NVIDIA GeForce RTX 3050 Ti Laptop GPU

FESTIVAL_TYCOON_LAUNCHED build=0.0.1-m0.01 godot=4.7.2-stable (official)
FARM_SCENE_READY scenario=scenario.lower-wittering-farm objects=5 hash=7a0395fa838271f7b21d38450134c175fa2ae5a64805f2b0b3142d2994ed639d
INCIDENT_AUDIO_READY ambient=True explosion=True female=True male=True mode=cc0-integrated
ATTENDEE_PALETTE_BASE filter=NearestWithMipmaps repeat=True roughness=0.93 dimensions=96x8
FARM_SELECTION_CLEARED
RESULTS_CAPTURE image=01-natural-last-guest size=1920x1080
FARM_SELECTION_CLEARED
RESULTS_NATURAL hash=549d7d78a57d0e1322383af67a1bdd36353d2a658c337cf8faeffce19ac7b4c3 count=20 stars=4 frozen=True reload=True
RESULTS_DEPARTED visuals_hidden=True picker_registry_empty=True historical_people_retained=True
RESULTS_CAPTURE image=02b-natural-facts-scroll size=1920x1080
RESULTS_CAPTURE image=03-initialized-1star size=1920x1080
RESULTS_CAPTURE image=04-initialized-3star size=1920x1080
RESULTS_CAPTURE image=05-initialized-5star size=1920x1080
RESULTS_CAPTURE image=06-initialized-unrated-missing size=1920x1080
INCIDENT_AUDIO cue=DeathScream voice=Male tick=26874 mode=cc0-integrated
RESULTS_CAPTURE image=07-initialized-council-bypass size=1920x1080
RESULTS_CAPTURE image=07-menu size=1920x1080
FARM_SELECTION_CLEARED
NEW_CAMPAIGN_STARTED id=11175815686133936463 seed=11175815686133936463 status=Preparing
RESULTS_NEW_CAMPAIGN terminal=20260922 fresh=11175815686133936463 save_unchanged=True
RESULTS_NEW_CAMPAIGN draft_cards_actions_fit=True
RESULTS_CAPTURE image=08-fresh-preparation size=1920x1080
