Godot Engine v4.7.2.stable.mono.official.ed1daf0bf - https://godotengine.org
OpenGL API 3.3.0 NVIDIA 596.08 - Compatibility - Using Device: NVIDIA - NVIDIA GeForce RTX 3050 Ti Laptop GPU

FESTIVAL_TYCOON_LAUNCHED build=0.0.1-m0.01 godot=4.7.2-stable (official)
FARM_SCENE_READY scenario=scenario.lower-wittering-farm objects=5 hash=4532e818d06f658cc4a9adcec30851e3215853be13fb143547a816f71ba8e90e
INCIDENT_AUDIO_READY ambient=True explosion=True female=True male=True mode=cc0-integrated
ATTENDEE_PALETTE_BASE filter=NearestWithMipmaps repeat=True roughness=0.93 dimensions=96x8
FARM_SELECTION_CLEARED
RESULTS_CAPTURE image=01-natural-last-guest size=1280x720
FARM_SELECTION_CLEARED
RESULTS_NATURAL hash=87273d70e7c05bfd9840b0a3dd5f568d1a6d1cd99639c46711b37815e90e89ae count=20 stars=4 frozen=True reload=True
RESULTS_DEPARTED visuals_hidden=True picker_registry_empty=True historical_people_retained=True
RESULTS_CAPTURE image=02b-natural-facts-scroll size=1280x720
RESULTS_CAPTURE image=03-initialized-1star size=1280x720
RESULTS_CAPTURE image=04-initialized-3star size=1280x720
RESULTS_CAPTURE image=05-initialized-5star size=1280x720
RESULTS_CAPTURE image=06-initialized-unrated-missing size=1280x720
INCIDENT_AUDIO cue=DeathScream voice=Male tick=26874 mode=cc0-integrated
RESULTS_CAPTURE image=07-initialized-council-bypass size=1280x720
RESULTS_CAPTURE image=07-menu size=1280x720
FARM_SELECTION_CLEARED
NEW_CAMPAIGN_STARTED id=13907431705029524127 seed=13907431705029524127 status=Preparing
RESULTS_NEW_CAMPAIGN terminal=20260922 fresh=13907431705029524127 save_unchanged=True
RESULTS_NEW_CAMPAIGN draft_cards_actions_fit=True
RESULTS_CAPTURE image=08-fresh-preparation size=1280x720
RESULTS_NEW_CAMPAIGN programme_cost_start_fit=True
RESULTS_CAPTURE image=09-fresh-programme size=1280x720
FARM_SELECTION_CLEARED
FARM_SELECTION_CLEARED
NEW_CAMPAIGN_STARTED id=9989514860178627409 seed=9989514860178627409 status=Preparing
RESULTS_NEW_CAMPAIGN repeated=True incompatible_read_unchanged=True explicit_terminal_load=True terminal_save_unchanged=True
RESULTS_CAPTURE completed natural_exit_reload_freeze=True last_guest_gate=True initialized_ratings_labelled=True council_bypass=True new_campaign=True
