Godot Engine v4.7.2.stable.mono.official.ed1daf0bf - https://godotengine.org

[   0% ] first_scan_filesystem | Started Project initialization (5 steps)
[   0% ] first_scan_filesystem | Scanning file structure...
[  16% ] first_scan_filesystem | Loading global class names...
[  33% ] first_scan_filesystem | Verifying GDExtensions...
[  50% ] first_scan_filesystem | Creating autoload scripts...
[  66% ] first_scan_filesystem | Initializing plugins...
[  83% ] first_scan_filesystem | Starting file scan...
[ DONE ] first_scan_filesystem

[   0% ] update_scripts_classes | Started Registering global classes... (3 steps)
[   0% ] update_scripts_classes | 
[  25% ] update_scripts_classes | 
[  50% ] update_scripts_classes | 
[ DONE ] update_scripts_classes

[   0% ] dotnet_publish_project | Started Publishing .NET project... (1 steps)
[   0% ] dotnet_publish_project | Running dotnet publish
[ DONE ] dotnet_publish_project

[   0% ] savepack | Started Packing (102 steps)
[   1% ] savepack | Storing File: res://.godot/imported/background-crowd.wav-a9e1fe34700156c1ea437a13efbb7d78.sample
[   1% ] savepack | Storing File: res://assets/audio/crowd/background-crowd.wav.import
[   1% ] savepack | Storing File: res://.godot/imported/exaggerated-female-scream.wav-ddf728a629377db1f15f2e14c340c897.sample
[   1% ] savepack | Storing File: res://assets/audio/crowd/exaggerated-female-scream.wav.import
[   2% ] savepack | Storing File: res://.godot/imported/exaggerated-male-scream.mp3-d0bcb1da1a4f0d340cc4a07966284e0f.mp3str
[   2% ] savepack | Storing File: res://assets/audio/crowd/exaggerated-male-scream.mp3.import
[   3% ] savepack | Storing File: res://.godot/imported/generator-explosion2.wav-68e597b551e7ed0303bc99aa65b9ba43.sample
[   3% ] savepack | Storing File: res://assets/audio/crowd/generator-explosion2.wav.import
[   4% ] savepack | Storing File: res://.godot/imported/264378__howardv__crowd-booing.wav-9a8be4e0a9f34a14729b9dd785f912ce.sample
[   4% ] savepack | Storing File: res://assets/audio/264378__howardv__crowd-booing.wav.import
[   5% ] savepack | Storing File: res://.godot/imported/band_entry_enthusiastic_applause.wav-0749d72512ae96a04ef1d0bec5d6d4b5.sample
[   5% ] savepack | Storing File: res://assets/audio/band_entry_enthusiastic_applause.wav.import
[   6% ] savepack | Storing File: res://.godot/imported/band_entry_polite_applause.wav-8d4bfa5e7b7fe0dbcee7b5ad67798c33.sample
[   6% ] savepack | Storing File: res://assets/audio/band_entry_polite_applause.wav.import
[   7% ] savepack | Storing File: res://.godot/imported/folk_loop_v1.wav-96b45145282a7ddad103d24bbc3572c4.sample
[   7% ] savepack | Storing File: res://assets/audio/folk_loop_v1.wav.import
[   7% ] savepack | Storing File: res://.godot/imported/punk_loop_v1.wav-6bce1899e14a5507c3a01ce8bbca8ce5.sample
[   7% ] savepack | Storing File: res://assets/audio/punk_loop_v1.wav.import
[   8% ] savepack | Storing File: res://.godot/imported/set_start_cheer.wav-b1dd9994e8ba676f87de5fafe26d56c2.sample
[   8% ] savepack | Storing File: res://assets/audio/set_start_cheer.wav.import
[   9% ] savepack | Storing File: res://.godot/imported/festival-tycoon-mosaic-logo-v2.png-ae67a448def319b7ab18faeacd37db7d.ctex
[   9% ] savepack | Storing File: res://assets/branding/festival-tycoon-mosaic-logo-v2.png.import
[  10% ] savepack | Storing File: res://.godot/imported/festival-tycoon-stage-sun-icon-v3.png-029379bc4c6b985627336b1083ce7d53.ctex
[  10% ] savepack | Storing File: res://assets/branding/festival-tycoon-stage-sun-icon-v3.png.import
[  11% ] savepack | Storing File: res://.godot/imported/festival-tycoon-stage-sun-icon.png-74776478df61625a2668edac2ed26926.ctex
[  11% ] savepack | Storing File: res://assets/branding/festival-tycoon-stage-sun-icon.png.import
[  12% ] savepack | Storing File: res://.godot/imported/lwf-festival-tycoon-logo-v1.png-a90678f51bcb0231ad54e15a1e14646a.ctex
[  12% ] savepack | Storing File: res://assets/branding/lwf-festival-tycoon-logo-v1.png.import
[  13% ] savepack | Storing File: res://.godot/imported/palette-01.png-20c7858c5b6aba0676be187bbd46bc25.ctex
[  13% ] savepack | Storing File: res://assets/characters/colourways/palette-01.png.import
[  13% ] savepack | Storing File: res://.godot/exported/133200997/export-bbaafb18cf12213b945fca4dae6e3518-palette-01.res
[  14% ] savepack | Storing File: res://.godot/imported/palette-02.png-187a5547982330e13af09c12be67c71b.ctex
[  14% ] savepack | Storing File: res://assets/characters/colourways/palette-02.png.import
[  15% ] savepack | Storing File: res://.godot/exported/133200997/export-291504690cce339bd72d8e9051605154-palette-02.res
[  16% ] savepack | Storing File: res://.godot/imported/palette-03.png-bf4d40f021842b46f9d706230ee25634.ctex
[  16% ] savepack | Storing File: res://assets/characters/colourways/palette-03.png.import
[  17% ] savepack | Storing File: res://.godot/exported/133200997/export-5a9cb1e8592c4ea51ec3c2d0b8b4a7dd-palette-03.res
[  18% ] savepack | Storing File: res://.godot/imported/palette-04.png-265b94923ba8cd8be745ea2d0f962df7.ctex
[  18% ] savepack | Storing File: res://assets/characters/colourways/palette-04.png.import
[  19% ] savepack | Storing File: res://.godot/exported/133200997/export-e4d64aa37e4feb784e8cc65bd9a8af4f-palette-04.res
[  19% ] savepack | Storing File: res://.godot/imported/palette-05.png-cbd34051343a6e33e06c1b36e4c6c37e.ctex
[  19% ] savepack | Storing File: res://assets/characters/colourways/palette-05.png.import
[  20% ] savepack | Storing File: res://.godot/exported/133200997/export-37c19e5dfbaaa8f16ba8ae56132868bb-palette-05.res
[  21% ] savepack | Storing File: res://.godot/imported/palette-06.png-4686f8ac8aa562e650d5bca47785ae6c.ctex
[  21% ] savepack | Storing File: res://assets/characters/colourways/palette-06.png.import
[  22% ] savepack | Storing File: res://.godot/exported/133200997/export-efad3a586f3aaad8df9a617dd74a53ee-palette-06.res
[  23% ] savepack | Storing File: res://.godot/imported/palette-07.png-a1959ec47fde9d3ec2e479b2fc78c239.ctex
[  23% ] savepack | Storing File: res://assets/characters/colourways/palette-07.png.import
[  24% ] savepack | Storing File: res://.godot/exported/133200997/export-89e7dfd017a700010b4ccde068ebe67b-palette-07.res
[  25% ] savepack | Storing File: res://.godot/imported/palette-08.png-01d5f5c37006e0a63af4765c10107e3a.ctex
[  25% ] savepack | Storing File: res://assets/characters/colourways/palette-08.png.import
[  26% ] savepack | Storing File: res://.godot/exported/133200997/export-fdbf4a5cde8ebdab47a2b13ae8a74368-palette-08.res
[  26% ] savepack | Storing File: res://.godot/imported/palette-09.png-3eb83b4bc668ae0448370ecc027107ca.ctex
[  26% ] savepack | Storing File: res://assets/characters/colourways/palette-09.png.import
[  27% ] savepack | Storing File: res://.godot/exported/133200997/export-5620a7cab73949ddbcaf15a81a0e476a-palette-09.res
[  28% ] savepack | Storing File: res://.godot/imported/palette-10.png-1cff8e26628eded6f27a051c64e35eb1.ctex
[  28% ] savepack | Storing File: res://assets/characters/colourways/palette-10.png.import
[  29% ] savepack | Storing File: res://.godot/exported/133200997/export-cf18013f52367b020a6b07be37f6bcde-palette-10.res
[  30% ] savepack | Storing File: res://.godot/imported/lwf_generic_attendee_v1.glb-5242934b779cc50c8356b689f648e4a2.scn
[  30% ] savepack | Storing File: res://assets/characters/lwf_generic_attendee_v1.glb.import
[  31% ] savepack | Storing File: res://.godot/imported/lwf_generic_attendee_v1_attendee_palette.png-428fcea7bd9a6fde179bcd5e363ba225.ctex
[  31% ] savepack | Storing File: res://assets/characters/lwf_generic_attendee_v1_attendee_palette.png.import
[  32% ] savepack | Storing File: res://.godot/imported/lwf_medic_vest_cue_v1.glb-3df35bed8c8cee567133bf264b2149d6.scn
[  32% ] savepack | Storing File: res://assets/characters/lwf_medic_vest_cue_v1.glb.import
[  32% ] savepack | Storing File: res://.godot/imported/lwf_medic_vest_cue_v1_lwf_medic_vest_palette.png-186ccf1a75d5ffae36a2e01fb70a0692.ctex
[  32% ] savepack | Storing File: res://assets/characters/lwf_medic_vest_cue_v1_lwf_medic_vest_palette.png.import
[  33% ] savepack | Storing File: res://.godot/imported/lwf_performer_acoustic_guitar_kit_v1.glb-6445bd47b2d656fd977b4a9c1d0be86b.scn
[  33% ] savepack | Storing File: res://assets/characters/lwf_performer_acoustic_guitar_kit_v1.glb.import
[  33% ] savepack | Storing File: res://.godot/imported/lwf_performer_acoustic_guitar_kit_v1_lwf_guitarist_palette.png-494acbaae2efc58f172e6c0dd5051deb.ctex
[  33% ] savepack | Storing File: res://assets/characters/lwf_performer_acoustic_guitar_kit_v1_lwf_guitarist_palette.png.import
[  34% ] savepack | Storing File: res://.godot/imported/lwf_performer_bassist_body_v1.glb-8b14c39937519e88d8491e23e341f7c3.scn
[  34% ] savepack | Storing File: res://assets/characters/lwf_performer_bassist_body_v1.glb.import
[  35% ] savepack | Storing File: res://.godot/imported/lwf_performer_bassist_body_v1_lwf_bassist_palette.png-7d7aa04e06fb33769591f7d22070c3e9.ctex
[  35% ] savepack | Storing File: res://assets/characters/lwf_performer_bassist_body_v1_lwf_bassist_palette.png.import
[  36% ] savepack | Storing File: res://.godot/imported/lwf_performer_compact_drum_kit_v1.glb-57d1c10f92644fd124688ad776eb5b82.scn
[  36% ] savepack | Storing File: res://assets/characters/lwf_performer_compact_drum_kit_v1.glb.import
[  37% ] savepack | Storing File: res://.godot/imported/lwf_performer_compact_drum_kit_v1_lwf_drummer_palette.png-194ff36349a349c5fc00efd787fad7e3.ctex
[  37% ] savepack | Storing File: res://assets/characters/lwf_performer_compact_drum_kit_v1_lwf_drummer_palette.png.import
[  37% ] savepack | Storing File: res://.godot/imported/lwf_performer_drummer_body_v1.glb-96384f03aada57615e017b43eea54033.scn
[  37% ] savepack | Storing File: res://assets/characters/lwf_performer_drummer_body_v1.glb.import
[  38% ] savepack | Storing File: res://.godot/imported/lwf_performer_drummer_body_v1_lwf_drummer_palette.png-5235703362ff014828f4666e60f3c5d4.ctex
[  38% ] savepack | Storing File: res://assets/characters/lwf_performer_drummer_body_v1_lwf_drummer_palette.png.import
[  39% ] savepack | Storing File: res://.godot/imported/lwf_performer_frontperson_body_v1.glb-063dbea5180d25f4869a1146a01f9348.scn
[  39% ] savepack | Storing File: res://assets/characters/lwf_performer_frontperson_body_v1.glb.import
[  40% ] savepack | Storing File: res://.godot/imported/lwf_performer_frontperson_body_v1_lwf_guitarist_palette.png-5ab303f504c5ac37c45fd28bc263d8df.ctex
[  40% ] savepack | Storing File: res://assets/characters/lwf_performer_frontperson_body_v1_lwf_guitarist_palette.png.import
[  41% ] savepack | Storing File: res://.godot/imported/lwf_performer_solid_bass_kit_v1.glb-084fd76fef2547847faaa5c268622cb2.scn
[  41% ] savepack | Storing File: res://assets/characters/lwf_performer_solid_bass_kit_v1.glb.import
[  42% ] savepack | Storing File: res://.godot/imported/lwf_performer_solid_bass_kit_v1_lwf_bassist_palette.png-9feeea819749f76928b8a49382b6fa95.ctex
[  42% ] savepack | Storing File: res://assets/characters/lwf_performer_solid_bass_kit_v1_lwf_bassist_palette.png.import
[  43% ] savepack | Storing File: res://.godot/imported/lwf_steward_yoke_cue_v1.glb-616e09d968a54a10fb85e2d2454ad733.scn
[  43% ] savepack | Storing File: res://assets/characters/lwf_steward_yoke_cue_v1.glb.import
[  43% ] savepack | Storing File: res://.godot/imported/lwf_steward_yoke_cue_v1_lwf_steward_yoke_v1_palette.png-1ae7791a34c03dd397908b2a60150629.ctex
[  43% ] savepack | Storing File: res://assets/characters/lwf_steward_yoke_cue_v1_lwf_steward_yoke_v1_palette.png.import
[  44% ] savepack | Storing File: res://.godot/imported/lwf_barn_v2.glb-54db6d569f079688c5db100cf1495e66.scn
[  44% ] savepack | Storing File: res://assets/environment/lwf_barn_v2.glb.import
[  45% ] savepack | Storing File: res://.godot/imported/lwf_barn_v2_barn_v2_palette.png-8414ad25e7731febfe243bdd77dca0d1.ctex
[  45% ] savepack | Storing File: res://assets/environment/lwf_barn_v2_barn_v2_palette.png.import
[  46% ] savepack | Storing File: res://.godot/imported/lwf_farmhouse_v1.glb-fdb90eecdd289ea875c6b81140b3aea5.scn
[  46% ] savepack | Storing File: res://assets/environment/lwf_farmhouse_v1.glb.import
[  47% ] savepack | Storing File: res://.godot/imported/lwf_farmhouse_v1_farmhouse_palette.png-ae8c428015726334a8ac17037eb481e9.ctex
[  47% ] savepack | Storing File: res://assets/environment/lwf_farmhouse_v1_farmhouse_palette.png.import
[  48% ] savepack | Storing File: res://.godot/imported/lwf_farm_gate_leaf_v1.glb-6a71adb9ffa5510a1e859544ec5cbf5f.scn
[  48% ] savepack | Storing File: res://assets/environment/lwf_farm_gate_leaf_v1.glb.import
[  49% ] savepack | Storing File: res://.godot/imported/lwf_farm_gate_leaf_v1_farm_gate_palette.png-0c5db1afa8c4a313e4688f7ddc02b255.ctex
[  49% ] savepack | Storing File: res://assets/environment/lwf_farm_gate_leaf_v1_farm_gate_palette.png.import
[  50% ] savepack | Storing File: res://.godot/imported/lwf_farm_gate_posts_v1.glb-8c495f6c7d5b610ed9f66ba45014af30.scn
[  50% ] savepack | Storing File: res://assets/environment/lwf_farm_gate_posts_v1.glb.import
[  50% ] savepack | Storing File: res://.godot/imported/lwf_farm_gate_posts_v1_farm_gate_palette.png-f0746410a0f04c4f8d9406067ecd7d12.ctex
[  50% ] savepack | Storing File: res://assets/environment/lwf_farm_gate_posts_v1_farm_gate_palette.png.import
[  51% ] savepack | Storing File: res://.godot/imported/lwf_field_grass_tile_8m_v1.glb-f86d02f030cfe1ce62aaccdbedfd43e6.scn
[  51% ] savepack | Storing File: res://assets/environment/lwf_field_grass_tile_8m_v1.glb.import
[  52% ] savepack | Storing File: res://.godot/imported/lwf_field_grass_tile_8m_v1_field_track_palette.png-05b71b221612753a8ff9b6205d9c17b3.ctex
[  52% ] savepack | Storing File: res://assets/environment/lwf_field_grass_tile_8m_v1_field_track_palette.png.import
[  53% ] savepack | Storing File: res://.godot/imported/lwf_first_aid_point_v2.glb-3bba30e9b6b697cee5668c92e165037f.scn
[  53% ] savepack | Storing File: res://assets/environment/lwf_first_aid_point_v2.glb.import
[  54% ] savepack | Storing File: res://.godot/imported/lwf_first_aid_point_v2_lwf_first_aid_v2_palette.png-0f8903c1e7f02ef89af2495d1abbd7d7.ctex
[  54% ] savepack | Storing File: res://assets/environment/lwf_first_aid_point_v2_lwf_first_aid_v2_palette.png.import
[  55% ] savepack | Storing File: res://.godot/imported/lwf_free_water_point_v1.glb-522a5b90c14d719c23ac1586ebd0fa38.scn
[  55% ] savepack | Storing File: res://assets/environment/lwf_free_water_point_v1.glb.import
[  56% ] savepack | Storing File: res://.godot/imported/lwf_free_water_point_v1_lwf_water_palette.png-0b182c6032633c43e94459df44a344dd.ctex
[  56% ] savepack | Storing File: res://assets/environment/lwf_free_water_point_v1_lwf_water_palette.png.import
[  56% ] savepack | Storing File: res://.godot/imported/lwf_free_water_point_v3.glb-9862d3841f9bd0190ef64d9f67045494.scn
[  56% ] savepack | Storing File: res://assets/environment/lwf_free_water_point_v3.glb.import
[  57% ] savepack | Storing File: res://.godot/imported/lwf_free_water_point_v3_lwf_water_v3_palette.png-9075aced0ff102e4c08a4120264fb141.ctex
[  57% ] savepack | Storing File: res://assets/environment/lwf_free_water_point_v3_lwf_water_v3_palette.png.import
[  58% ] savepack | Storing File: res://.godot/imported/lwf_free_water_point_v4.glb-41d5650b6639f4d4accfd56b508d2e5f.scn
[  58% ] savepack | Storing File: res://assets/environment/lwf_free_water_point_v4.glb.import
[  59% ] savepack | Storing File: res://.godot/imported/lwf_free_water_point_v4_lwf_water_v3_palette.png-4db3c4b4c002a1eb5f231684269a9ce0.ctex
[  59% ] savepack | Storing File: res://assets/environment/lwf_free_water_point_v4_lwf_water_v3_palette.png.import
[  60% ] savepack | Storing File: res://.godot/imported/lwf_free_water_point_v4_water-painted-sign.png-3777cb273843a4d08ef4c3fff418aec7.ctex
[  60% ] savepack | Storing File: res://assets/environment/lwf_free_water_point_v4_water-painted-sign.png.import
[  61% ] savepack | Storing File: res://.godot/imported/lwf_hedge_gate_end_v1.glb-556338be16815187d152540f18eb47de.scn
[  61% ] savepack | Storing File: res://assets/environment/lwf_hedge_gate_end_v1.glb.import
[  62% ] savepack | Storing File: res://.godot/imported/lwf_hedge_gate_end_v1_hedge_palette.png-4c6c9f3e81c2655b1563285c88fe4cb7.ctex
[  62% ] savepack | Storing File: res://assets/environment/lwf_hedge_gate_end_v1_hedge_palette.png.import
[  62% ] savepack | Storing File: res://.godot/imported/lwf_hedge_straight_4m_a_v1.glb-419851c5f63b5601a0e05d51456c1b1d.scn
[  62% ] savepack | Storing File: res://assets/environment/lwf_hedge_straight_4m_a_v1.glb.import
[  63% ] savepack | Storing File: res://.godot/imported/lwf_hedge_straight_4m_a_v1_hedge_palette.png-35f005a7f8fe124025d5a54bfdd356e3.ctex
[  63% ] savepack | Storing File: res://assets/environment/lwf_hedge_straight_4m_a_v1_hedge_palette.png.import
[  64% ] savepack | Storing File: res://.godot/imported/lwf_hedge_straight_8m_a_v1.glb-86a82be7ca4e16e9043a0aafd4094308.scn
[  64% ] savepack | Storing File: res://assets/environment/lwf_hedge_straight_8m_a_v1.glb.import
[  65% ] savepack | Storing File: res://.godot/imported/lwf_hedge_straight_8m_a_v1_hedge_palette.png-d3d2472ea4073f2d9214fada2d0f3e2e.ctex
[  65% ] savepack | Storing File: res://assets/environment/lwf_hedge_straight_8m_a_v1_hedge_palette.png.import
[  66% ] savepack | Storing File: res://.godot/imported/lwf_large_barn_v1.glb-f3b6f520be18f8c0dec671b86052e95d.scn
[  66% ] savepack | Storing File: res://assets/environment/lwf_large_barn_v1.glb.import
[  66% ] savepack | Storing File: res://.godot/imported/lwf_large_barn_v1_large_barn_v1_palette.png-600193aab8326dbb5c448d6cfeea2dd1.ctex
[  66% ] savepack | Storing File: res://assets/environment/lwf_large_barn_v1_large_barn_v1_palette.png.import
[  67% ] savepack | Storing File: res://.godot/imported/lwf_security_post_v1.glb-3f2e27f2bb2ec2a2ecc0bfe407327890.scn
[  67% ] savepack | Storing File: res://assets/environment/lwf_security_post_v1.glb.import
[  67% ] savepack | Storing File: res://.godot/imported/lwf_security_post_v1_lwf_security_post_v1_palette.png-aa26655db60b758f97f8db1e6d8b3872.ctex
[  67% ] savepack | Storing File: res://assets/environment/lwf_security_post_v1_lwf_security_post_v1_palette.png.import
[  68% ] savepack | Storing File: res://.godot/imported/lwf_service_point_v2.glb-878e8a703ac694db6942837b9ab12ad2.scn
[  68% ] savepack | Storing File: res://assets/environment/lwf_service_point_v2.glb.import
[  69% ] savepack | Storing File: res://.godot/imported/lwf_service_point_v2_service_v2_palette.png-5b101942ab5a9dee6f7f00c5426b2bf4.ctex
[  69% ] savepack | Storing File: res://assets/environment/lwf_service_point_v2_service_v2_palette.png.import
[  70% ] savepack | Storing File: res://.godot/imported/lwf_trailer_stage_v2.glb-7a21a2b87a42564e61c19701a2edef26.scn
[  70% ] savepack | Storing File: res://assets/environment/lwf_trailer_stage_v2.glb.import
[  71% ] savepack | Storing File: res://.godot/imported/lwf_trailer_stage_v2_trailer_palette.png-33971375007c664825af168d28daeaac.ctex
[  71% ] savepack | Storing File: res://assets/environment/lwf_trailer_stage_v2_trailer_palette.png.import
[  72% ] savepack | Storing File: res://.godot/imported/lwf_vehicle_track_straight_8x4m_v1.glb-a5c11d8d75787456c42c23f31024cb6c.scn
[  72% ] savepack | Storing File: res://assets/environment/lwf_vehicle_track_straight_8x4m_v1.glb.import
[  73% ] savepack | Storing File: res://.godot/imported/lwf_vehicle_track_straight_8x4m_v1_field_track_palette.png-f1394faf4f1097dba1cb55265eafb685.ctex
[  73% ] savepack | Storing File: res://assets/environment/lwf_vehicle_track_straight_8x4m_v1_field_track_palette.png.import
[  74% ] savepack | Storing File: res://.godot/imported/lwf_water_tower_prototype_v1.glb-a75c9de2ca06bdb30dc475525f973f67.scn
[  74% ] savepack | Storing File: res://assets/environment/lwf_water_tower_prototype_v1.glb.import
[  74% ] savepack | Storing File: res://.godot/imported/lwf_towable_generator_fault_v1.glb-7aee9a95bb3d21b393b3c88a81598071.scn
[  74% ] savepack | Storing File: res://assets/equipment/lwf_towable_generator_fault_v1.glb.import
[  75% ] savepack | Storing File: res://.godot/imported/lwf_towable_generator_fault_v1_lwf_generator_palette.png-bd255fa64b43583b70d47a1cb0795d96.ctex
[  75% ] savepack | Storing File: res://assets/equipment/lwf_towable_generator_fault_v1_lwf_generator_palette.png.import
[  76% ] savepack | Storing File: res://.godot/imported/lwf_towable_generator_isolated_v1.glb-e892424beb76854b3a7a1d3a057e90b1.scn
[  76% ] savepack | Storing File: res://assets/equipment/lwf_towable_generator_isolated_v1.glb.import
[  77% ] savepack | Storing File: res://.godot/imported/lwf_towable_generator_isolated_v1_lwf_generator_palette.png-9cf05ade29ca9d2c066aa906937f5ac5.ctex
[  77% ] savepack | Storing File: res://assets/equipment/lwf_towable_generator_isolated_v1_lwf_generator_palette.png.import
[  78% ] savepack | Storing File: res://.godot/imported/lwf_towable_generator_normal_v1.glb-6b40e5c46c96fb315f280b538111a24c.scn
[  78% ] savepack | Storing File: res://assets/equipment/lwf_towable_generator_normal_v1.glb.import
[  79% ] savepack | Storing File: res://.godot/imported/lwf_towable_generator_normal_v1_lwf_generator_palette.png-f1817cdeebe3a03c1532c86fe89de9e4.ctex
[  79% ] savepack | Storing File: res://assets/equipment/lwf_towable_generator_normal_v1_lwf_generator_palette.png.import
[  80% ] savepack | Storing File: res://.godot/imported/lwf_towable_generator_overloaded_v1.glb-40de2eb269287fcbe7b8b7517bf5b1e3.scn
[  80% ] savepack | Storing File: res://assets/equipment/lwf_towable_generator_overloaded_v1.glb.import
[  80% ] savepack | Storing File: res://.godot/imported/lwf_towable_generator_overloaded_v1_lwf_generator_palette.png-00c6217e17612eb82c8daebd67b574c1.ctex
[  80% ] savepack | Storing File: res://assets/equipment/lwf_towable_generator_overloaded_v1_lwf_generator_palette.png.import
[  81% ] savepack | Storing File: res://.godot/imported/lwf_tap_flow_boosted_v1_48px.png-7a10032ac8a44ed58575a33fb5112282.ctex
[  81% ] savepack | Storing File: res://assets/ui/lwf_tap_flow_boosted_v1_48px.png.import
[  82% ] savepack | Storing File: res://.godot/imported/lwf_tap_flow_low_v1_48px.png-148ca682b743325b052e6187f990a817.ctex
[  82% ] savepack | Storing File: res://assets/ui/lwf_tap_flow_low_v1_48px.png.import
[  83% ] savepack | Storing File: res://.godot/imported/lwf_tap_flow_normal_v1_48px.png-3742f5565718b902c7672d79ed7b5a13.ctex
[  83% ] savepack | Storing File: res://assets/ui/lwf_tap_flow_normal_v1_48px.png.import
[  84% ] savepack | Storing File: res://Main.AudienceCapture.cs
[  85% ] savepack | Storing File: res://Main.cs
[  86% ] savepack | Storing File: res://Main.Disorder.cs
[  86% ] savepack | Storing File: res://Main.Equipment.cs
[  87% ] savepack | Storing File: res://Main.EquipmentPerformance.cs
[  88% ] savepack | Storing File: res://Main.Hearing.cs
[  89% ] savepack | Storing File: res://Main.IncidentAudio.cs
[  90% ] savepack | Storing File: res://Main.InterventionCapture.cs
[  91% ] savepack | Storing File: res://Main.Interventions.cs
[  92% ] savepack | Storing File: res://Main.LivePerformance.cs
[  92% ] savepack | Storing File: res://Main.Medical.cs
[  93% ] savepack | Storing File: res://Main.Preparation.cs
[  94% ] savepack | Storing File: res://Main.PreparationProfile.cs
[  95% ] savepack | Storing File: res://Main.Splash.cs
[  96% ] savepack | Storing File: res://Main.Staff.cs
[  97% ] savepack | Storing File: res://.godot/exported/133200997/export-bcb0d2eb5949c52b6a65bfe9de3e985b-Main.scn
[  98% ] savepack | Storing File: res://Main.WaterPlaytest.cs
[  98% ] savepack | Storing File: res://assets/characters/colourways/palette-01.tres.remap
[  98% ] savepack | Storing File: res://assets/characters/colourways/palette-02.tres.remap
[  98% ] savepack | Storing File: res://assets/characters/colourways/palette-03.tres.remap
[  98% ] savepack | Storing File: res://assets/characters/colourways/palette-04.tres.remap
[  98% ] savepack | Storing File: res://assets/characters/colourways/palette-05.tres.remap
[  98% ] savepack | Storing File: res://assets/characters/colourways/palette-06.tres.remap
[  98% ] savepack | Storing File: res://assets/characters/colourways/palette-07.tres.remap
[  98% ] savepack | Storing File: res://assets/characters/colourways/palette-08.tres.remap
[  98% ] savepack | Storing File: res://assets/characters/colourways/palette-09.tres.remap
[  98% ] savepack | Storing File: res://assets/characters/colourways/palette-10.tres.remap
[  98% ] savepack | Storing File: res://Main.tscn.remap
[  98% ] savepack | Storing File: res://.godot/global_script_class_cache.cfg
[  98% ] savepack | Storing File: res://assets/branding/festival-tycoon-stage-sun-icon-v3.png
[  98% ] savepack | Storing File: res://assets/branding/festival-tycoon-mosaic-logo-v2.png
[  98% ] savepack | Storing File: res://.godot/uid_cache.bin
[  98% ] savepack | Storing File: res://project.binary
[ DONE ] savepack

