Godot Engine v4.7.2.stable.mono.official.ed1daf0bf - https://godotengine.org

ERROR: Could not open 'user://' directory: 'user://'.
   at: _get_and_create_snapshot_storage_dir (modules/objectdb_profiler/editor/objectdb_profiler_panel.cpp:157)
[   0% ] [90m[1mfirst_scan_filesystem[22m | Started Project initialization (5 steps)[39m[0m
[   0% ] [90m[1mfirst_scan_filesystem[22m | Scanning file structure...[39m[0m
[  16% ] [90m[1mfirst_scan_filesystem[22m | Loading global class names...[39m[0m
[  33% ] [90m[1mfirst_scan_filesystem[22m | Verifying GDExtensions...[39m[0m
[  50% ] [90m[1mfirst_scan_filesystem[22m | Creating autoload scripts...[39m[0m
[  66% ] [90m[1mfirst_scan_filesystem[22m | Initializing plugins...[39m[0m
[  83% ] [90m[1mfirst_scan_filesystem[22m | Starting file scan...[39m[0m
[92m[ DONE ][39m [1mfirst_scan_filesystem[22m
[0m
[   0% ] [90m[1m_update_scan_actions[22m | Started Scanning actions... (51 steps)[39m[0m
[   0% ] [90m[1m_update_scan_actions[22m | lwf_attendee_female_drinking_beer_v2.glb[39m[0m
[   1% ] [90m[1m_update_scan_actions[22m | lwf_attendee_female_drinking_soft_v2.glb[39m[0m
[   3% ] [90m[1m_update_scan_actions[22m | lwf_attendee_female_drink_hold_v2.glb[39m[0m
[   5% ] [90m[1m_update_scan_actions[22m | lwf_attendee_female_eating_v2.glb[39m[0m
[   7% ] [90m[1m_update_scan_actions[22m | lwf_attendee_female_eating_v2_attendee-palette.png[39m[0m
[   9% ] [90m[1m_update_scan_actions[22m | lwf_attendee_female_food_hold_v2.glb[39m[0m
[  11% ] [90m[1m_update_scan_actions[22m | lwf_attendee_female_relaxed_v2.glb[39m[0m
[  13% ] [90m[1m_update_scan_actions[22m | lwf_attendee_male_drinking_beer_v2.glb[39m[0m
[  15% ] [90m[1m_update_scan_actions[22m | lwf_attendee_male_drinking_beer_v2_attendee-palette.png[39m[0m
[  17% ] [90m[1m_update_scan_actions[22m | lwf_attendee_male_drinking_soft_v2.glb[39m[0m
[  19% ] [90m[1m_update_scan_actions[22m | lwf_attendee_male_drinking_soft_v2_attendee-palette.png[39m[0m
[  21% ] [90m[1m_update_scan_actions[22m | lwf_attendee_male_drink_hold_v2.glb[39m[0m
[  23% ] [90m[1m_update_scan_actions[22m | lwf_attendee_male_drink_hold_v2_attendee-palette.png[39m[0m
[  25% ] [90m[1m_update_scan_actions[22m | lwf_attendee_male_eating_v2.glb[39m[0m
[  26% ] [90m[1m_update_scan_actions[22m | lwf_attendee_male_food_hold_v2.glb[39m[0m
[  28% ] [90m[1m_update_scan_actions[22m | lwf_attendee_male_food_hold_v2_attendee-palette.png[39m[0m
[  30% ] [90m[1m_update_scan_actions[22m | lwf_attendee_male_relaxed_v2.glb[39m[0m
[  32% ] [90m[1m_update_scan_actions[22m | lwf_attendee_male_relaxed_v2_attendee-palette.png[39m[0m
[  34% ] [90m[1m_update_scan_actions[22m | lwf_bassist_female_kit_v2.glb[39m[0m
[  36% ] [90m[1m_update_scan_actions[22m | lwf_bassist_female_kit_v2_lwf_bassist_body_palette_v1.png[39m[0m
[  38% ] [90m[1m_update_scan_actions[22m | lwf_bassist_male_kit_v2.glb[39m[0m
[  40% ] [90m[1m_update_scan_actions[22m | lwf_bassist_male_kit_v2_lwf_bassist_body_palette_v1.png[39m[0m
[  42% ] [90m[1m_update_scan_actions[22m | lwf_bassist_male_kit_v2_lwf_bassist_palette.png[39m[0m
[  44% ] [90m[1m_update_scan_actions[22m | lwf_bassist_male_kit_v2_lwf_crew_trim_palette_v1.png[39m[0m
[  46% ] [90m[1m_update_scan_actions[22m | lwf_drummer_female_kit_v2.glb[39m[0m
[  48% ] [90m[1m_update_scan_actions[22m | lwf_drummer_male_kit_v2.glb[39m[0m
[  50% ] [90m[1m_update_scan_actions[22m | lwf_drummer_male_kit_v2_lwf_crew_trim_palette_v1.png[39m[0m
[  51% ] [90m[1m_update_scan_actions[22m | lwf_drummer_male_kit_v2_lwf_drummer_body_palette_v1.png[39m[0m
[  53% ] [90m[1m_update_scan_actions[22m | lwf_drum_hardware_only_v2.glb[39m[0m
[  55% ] [90m[1m_update_scan_actions[22m | lwf_drum_hardware_only_v2_lwf_drummer_palette.png[39m[0m
[  57% ] [90m[1m_update_scan_actions[22m | lwf_guitarist_female_kit_v2.glb[39m[0m
[  59% ] [90m[1m_update_scan_actions[22m | lwf_guitarist_female_kit_v2_lwf_crew_trim_palette_v1.png[39m[0m
[  61% ] [90m[1m_update_scan_actions[22m | lwf_guitarist_male_kit_v2.glb[39m[0m
[  63% ] [90m[1m_update_scan_actions[22m | lwf_guitarist_male_kit_v2_lwf_crew_trim_palette_v1.png[39m[0m
[  65% ] [90m[1m_update_scan_actions[22m | lwf_guitarist_male_kit_v2_lwf_guitarist_body_palette_v1.png[39m[0m
[  67% ] [90m[1m_update_scan_actions[22m | lwf_maintenance_female_overlay_v2.glb[39m[0m
[  69% ] [90m[1m_update_scan_actions[22m | lwf_maintenance_female_overlay_v2_lwf_crew_trim_palette_v1.png[39m[0m
[  71% ] [90m[1m_update_scan_actions[22m | lwf_maintenance_male_overlay_v2.glb[39m[0m
[  73% ] [90m[1m_update_scan_actions[22m | lwf_medic_female_overlay_v2.glb[39m[0m
[  75% ] [90m[1m_update_scan_actions[22m | lwf_medic_male_overlay_v2.glb[39m[0m
[  76% ] [90m[1m_update_scan_actions[22m | lwf_performer_female_body_v2.glb[39m[0m
[  78% ] [90m[1m_update_scan_actions[22m | lwf_performer_male_body_v2.glb[39m[0m
[  80% ] [90m[1m_update_scan_actions[22m | lwf_performer_male_body_v2_lwf_guitarist_body_palette_v1.png[39m[0m
[  82% ] [90m[1m_update_scan_actions[22m | lwf_sound_female_overlay_v2.glb[39m[0m
[  84% ] [90m[1m_update_scan_actions[22m | lwf_sound_male_overlay_v2.glb[39m[0m
[  86% ] [90m[1m_update_scan_actions[22m | lwf_steward_female_overlay_v2.glb[39m[0m
[  88% ] [90m[1m_update_scan_actions[22m | lwf_steward_female_overlay_v2_lwf_crew_trim_palette_v1.png[39m[0m
[  90% ] [90m[1m_update_scan_actions[22m | lwf_steward_male_overlay_v2.glb[39m[0m
[  92% ] [90m[1m_update_scan_actions[22m | lwf_steward_male_overlay_v2_lwf_crew_trim_palette_v1.png[39m[0m
[  94% ] [90m[1m_update_scan_actions[22m | lwf_modular_riser_speaker_v1.glb[39m[0m
[  96% ] [90m[1m_update_scan_actions[22m | lwf_modular_riser_stage_v1.glb[39m[0m
[92m[ DONE ][39m [1m_update_scan_actions[22m
[0m
[   0% ] [90m[1mreimport[22m | Started (Re)Importing Assets (90 steps)[39m[0m
[   0% ] [90m[1mreimport[22m | Preparing files to reimport...[39m[0m
[   1% ] [90m[1mreimport[22m | Preparing files to reimport...[39m[0m
[   2% ] [90m[1mreimport[22m | Preparing files to reimport...[39m[0m
[   3% ] [90m[1mreimport[22m | Preparing files to reimport...[39m[0m
[   4% ] [90m[1mreimport[22m | Preparing files to reimport...[39m[0m
[   5% ] [90m[1mreimport[22m | Preparing files to reimport...[39m[0m
[   6% ] [90m[1mreimport[22m | Preparing files to reimport...[39m[0m
[   7% ] [90m[1mreimport[22m | Preparing files to reimport...[39m[0m
[   8% ] [90m[1mreimport[22m | Preparing files to reimport...[39m[0m
[   9% ] [90m[1mreimport[22m | Preparing files to reimport...[39m[0m
[  10% ] [90m[1mreimport[22m | Preparing files to reimport...[39m[0m
[  12% ] [90m[1mreimport[22m | Preparing files to reimport...[39m[0m
[  13% ] [90m[1mreimport[22m | Preparing files to reimport...[39m[0m
[  14% ] [90m[1mreimport[22m | Preparing files to reimport...[39m[0m
[  15% ] [90m[1mreimport[22m | Preparing files to reimport...[39m[0m
[  16% ] [90m[1mreimport[22m | Preparing files to reimport...[39m[0m
[  17% ] [90m[1mreimport[22m | Preparing files to reimport...[39m[0m
[  18% ] [90m[1mreimport[22m | Preparing files to reimport...[39m[0m
[  19% ] [90m[1mreimport[22m | Preparing files to reimport...[39m[0m
[  20% ] [90m[1mreimport[22m | Preparing files to reimport...[39m[0m
[  21% ] [90m[1mreimport[22m | Preparing files to reimport...[39m[0m
[  23% ] [90m[1mreimport[22m | Preparing files to reimport...[39m[0m
[  24% ] [90m[1mreimport[22m | Preparing files to reimport...[39m[0m
[  25% ] [90m[1mreimport[22m | Preparing files to reimport...[39m[0m
[  26% ] [90m[1mreimport[22m | Preparing files to reimport...[39m[0m
[  27% ] [90m[1mreimport[22m | Preparing files to reimport...[39m[0m
[  28% ] [90m[1mreimport[22m | Preparing files to reimport...[39m[0m
[  29% ] [90m[1mreimport[22m | Preparing files to reimport...[39m[0m
[  30% ] [90m[1mreimport[22m | Preparing files to reimport...[39m[0m
[  31% ] [90m[1mreimport[22m | Preparing files to reimport...[39m[0m
[  32% ] [90m[1mreimport[22m | Preparing files to reimport...[39m[0m
[  34% ] [90m[1mreimport[22m | Preparing files to reimport...[39m[0m
[  35% ] [90m[1mreimport[22m | Preparing files to reimport...[39m[0m
[  36% ] [90m[1mreimport[22m | Preparing files to reimport...[39m[0m
[  37% ] [90m[1mreimport[22m | Preparing files to reimport...[39m[0m
[  38% ] [90m[1mreimport[22m | Preparing files to reimport...[39m[0m
[  39% ] [90m[1mreimport[22m | Preparing files to reimport...[39m[0m
[  40% ] [90m[1mreimport[22m | Preparing files to reimport...[39m[0m
[  41% ] [90m[1mreimport[22m | Preparing files to reimport...[39m[0m
[  42% ] [90m[1mreimport[22m | Preparing files to reimport...[39m[0m
[  43% ] [90m[1mreimport[22m | Preparing files to reimport...[39m[0m
[  45% ] [90m[1mreimport[22m | Preparing files to reimport...[39m[0m
[  46% ] [90m[1mreimport[22m | Preparing files to reimport...[39m[0m
[  47% ] [90m[1mreimport[22m | Preparing files to reimport...[39m[0m
[  48% ] [90m[1mreimport[22m | Preparing files to reimport...[39m[0m
[  49% ] [90m[1mreimport[22m | Preparing files to reimport...[39m[0m
[  50% ] [90m[1mreimport[22m | Preparing files to reimport...[39m[0m
[  51% ] [90m[1mreimport[22m | Preparing files to reimport...[39m[0m
[  52% ] [90m[1mreimport[22m | Preparing files to reimport...[39m[0m
[  53% ] [90m[1mreimport[22m | Preparing files to reimport...[39m[0m
[  54% ] [90m[1mreimport[22m | Preparing files to reimport...[39m[0m
[  56% ] [90m[1mreimport[22m | Preparing files to reimport...[39m[0m
[  57% ] [90m[1mreimport[22m | Preparing files to reimport...[39m[0m
[  58% ] [90m[1mreimport[22m | Preparing files to reimport...[39m[0m
[  59% ] [90m[1mreimport[22m | Preparing files to reimport...[39m[0m
[  60% ] [90m[1mreimport[22m | Preparing files to reimport...[39m[0m
[  61% ] [90m[1mreimport[22m | Preparing files to reimport...[39m[0m
[  62% ] [90m[1mreimport[22m | Preparing files to reimport...[39m[0m
[  63% ] [90m[1mreimport[22m | Preparing files to reimport...[39m[0m
[  64% ] [90m[1mreimport[22m | Preparing files to reimport...[39m[0m
[  65% ] [90m[1mreimport[22m | Preparing files to reimport...[39m[0m
[  67% ] [90m[1mreimport[22m | Preparing files to reimport...[39m[0m
[  68% ] [90m[1mreimport[22m | Preparing files to reimport...[39m[0m
[  69% ] [90m[1mreimport[22m | Preparing files to reimport...[39m[0m
[  70% ] [90m[1mreimport[22m | Preparing files to reimport...[39m[0m
[  71% ] [90m[1mreimport[22m | Preparing files to reimport...[39m[0m
[  72% ] [90m[1mreimport[22m | Preparing files to reimport...[39m[0m
[  73% ] [90m[1mreimport[22m | Preparing files to reimport...[39m[0m
[  74% ] [90m[1mreimport[22m | Preparing files to reimport...[39m[0m
[  75% ] [90m[1mreimport[22m | Preparing files to reimport...[39m[0m
[  76% ] [90m[1mreimport[22m | Preparing files to reimport...[39m[0m
[  78% ] [90m[1mreimport[22m | Preparing files to reimport...[39m[0m
[  79% ] [90m[1mreimport[22m | Preparing files to reimport...[39m[0m
[  80% ] [90m[1mreimport[22m | Preparing files to reimport...[39m[0m
[  81% ] [90m[1mreimport[22m | Preparing files to reimport...[39m[0m
[  82% ] [90m[1mreimport[22m | Preparing files to reimport...[39m[0m
[  83% ] [90m[1mreimport[22m | Preparing files to reimport...[39m[0m
[  84% ] [90m[1mreimport[22m | Preparing files to reimport...[39m[0m
[  85% ] [90m[1mreimport[22m | Preparing files to reimport...[39m[0m
[  86% ] [90m[1mreimport[22m | Preparing files to reimport...[39m[0m
[  87% ] [90m[1mreimport[22m | Preparing files to reimport...[39m[0m
[  89% ] [90m[1mreimport[22m | Preparing files to reimport...[39m[0m
[  90% ] [90m[1mreimport[22m | Preparing files to reimport...[39m[0m
[  91% ] [90m[1mreimport[22m | Preparing files to reimport...[39m[0m
[  92% ] [90m[1mreimport[22m | Preparing files to reimport...[39m[0m
[  93% ] [90m[1mreimport[22m | Preparing files to reimport...[39m[0m
[  94% ] [90m[1mreimport[22m | Preparing files to reimport...[39m[0m
[  95% ] [90m[1mreimport[22m | Preparing files to reimport...[39m[0m
[  96% ] [90m[1mreimport[22m | Preparing files to reimport...[39m[0m
[  97% ] [90m[1mreimport[22m | Preparing files to reimport...[39m[0m
[   0% ] [90m[1mreimport[22m | Executing pre-reimport operations...[39m[0m
[   0% ] [90m[1mpreload_reimporting_scene[22m | Started Preparing scenes for reload (1 steps)[39m[0m
[   0% ] [90m[1mpreload_reimporting_scene[22m | Analyzing scene [empty][39m[0m
[  50% ] [90m[1mpreload_reimporting_scene[22m | Preparation done.[39m[0m
[92m[ DONE ][39m [1mpreload_reimporting_scene[22m
[0m
[   0% ] [90m[1mreimport[22m | lwf_bassist_female_kit_v2_lwf_bassist_body_palette_v1.png[39m[0m
ERROR: Condition "f.is_null()" is true. Continuing.
   at: get_multiple_md5 (core/io/file_access.cpp:967)
[   1% ] [90m[1mreimport[22m | lwf_bassist_female_kit_v2_lwf_bassist_body_palette_v1.png[39m[0m
[   2% ] [90m[1mreimport[22m | lwf_performer_male_body_v2_lwf_guitarist_body_palette_v1.png[39m[0m
[   3% ] [90m[1mreimport[22m | lwf_bassist_male_kit_v2_lwf_crew_trim_palette_v1.png[39m[0m
[   4% ] [90m[1mreimport[22m | lwf_bassist_male_kit_v2_lwf_bassist_palette.png[39m[0m
[   5% ] [90m[1mreimport[22m | lwf_bassist_male_kit_v2_lwf_bassist_body_palette_v1.png[39m[0m
[   6% ] [90m[1mreimport[22m | lwf_bassist_male_kit_v2_lwf_bassist_body_palette_v1.png[39m[0m
[   7% ] [90m[1mreimport[22m | lwf_bassist_male_kit_v2_lwf_bassist_palette.png[39m[0m
[   8% ] [90m[1mreimport[22m | lwf_bassist_male_kit_v2_lwf_crew_trim_palette_v1.png[39m[0m
[   9% ] [90m[1mreimport[22m | lwf_drummer_female_kit_v2_lwf_drummer_body_palette_v1.png[39m[0m
[  10% ] [90m[1mreimport[22m | lwf_drummer_female_kit_v2_lwf_crew_trim_palette_v1.png[39m[0m
[  12% ] [90m[1mreimport[22m | lwf_performer_female_body_v2_lwf_guitarist_body_palette_v1.png[39m[0m
[  13% ] [90m[1mreimport[22m | lwf_drummer_male_kit_v2_lwf_drummer_body_palette_v1.png[39m[0m
[  14% ] [90m[1mreimport[22m | lwf_drummer_male_kit_v2_lwf_crew_trim_palette_v1.png[39m[0m
[  15% ] [90m[1mreimport[22m | lwf_drummer_male_kit_v2_lwf_crew_trim_palette_v1.png[39m[0m
[  16% ] [90m[1mreimport[22m | lwf_drummer_male_kit_v2_lwf_drummer_body_palette_v1.png[39m[0m
[  17% ] [90m[1mreimport[22m | lwf_drum_hardware_only_v2_lwf_drummer_palette.png[39m[0m
[  18% ] [90m[1mreimport[22m | lwf_drum_hardware_only_v2_lwf_drummer_palette.png[39m[0m
ERROR: Condition "f.is_null()" is true. Continuing.
   at: get_multiple_md5 (core/io/file_access.cpp:967)
[  19% ] [90m[1mreimport[22m | lwf_medic_male_overlay_v2_lwf_crew_trim_palette_v1.png[39m[0m
[  20% ] [90m[1mreimport[22m | lwf_guitarist_female_kit_v2_lwf_guitarist_palette.png[39m[0m
[  21% ] [90m[1mreimport[22m | lwf_guitarist_female_kit_v2_lwf_crew_trim_palette_v1.png[39m[0m
[  23% ] [90m[1mreimport[22m | lwf_guitarist_female_kit_v2_lwf_guitarist_body_palette_v1.png[39m[0m
[  24% ] [90m[1mreimport[22m | lwf_guitarist_female_kit_v2_lwf_crew_trim_palette_v1.png[39m[0m
[  25% ] [90m[1mreimport[22m | lwf_guitarist_male_kit_v2_lwf_guitarist_palette.png[39m[0m
[  26% ] [90m[1mreimport[22m | lwf_guitarist_male_kit_v2_lwf_crew_trim_palette_v1.png[39m[0m
[  27% ] [90m[1mreimport[22m | lwf_guitarist_male_kit_v2_lwf_guitarist_body_palette_v1.png[39m[0m
[  28% ] [90m[1mreimport[22m | lwf_guitarist_male_kit_v2_lwf_crew_trim_palette_v1.png[39m[0m
[  29% ] [90m[1mreimport[22m | lwf_guitarist_male_kit_v2_lwf_guitarist_body_palette_v1.png[39m[0m
[  30% ] [90m[1mreimport[22m | lwf_medic_female_overlay_v2_lwf_crew_trim_palette_v1.png[39m[0m
[  31% ] [90m[1mreimport[22m | lwf_maintenance_female_overlay_v2_lwf_crew_trim_palette_v1.png[39m[0m
[  32% ] [90m[1mreimport[22m | lwf_maintenance_female_overlay_v2_lwf_crew_trim_palette_v1.png[39m[0m
ERROR: Condition "f.is_null()" is true. Continuing.
   at: get_multiple_md5 (core/io/file_access.cpp:967)
[  34% ] [90m[1mreimport[22m | lwf_maintenance_male_overlay_v2_lwf_crew_trim_palette_v1.png[39m[0m
[  35% ] [90m[1mreimport[22m | lwf_steward_male_overlay_v2_lwf_crew_trim_palette_v1.png[39m[0m
[  36% ] [90m[1mreimport[22m | lwf_attendee_female_eating_v2_attendee-palette.png[39m[0m
ERROR: Condition "f.is_null()" is true. Continuing.
   at: get_multiple_md5 (core/io/file_access.cpp:967)
[  37% ] [90m[1mreimport[22m | lwf_attendee_female_eating_v2_attendee-palette.png[39m[0m
[  38% ] [90m[1mreimport[22m | lwf_attendee_female_drink_hold_v2_attendee-palette.png[39m[0m
[  39% ] [90m[1mreimport[22m | lwf_steward_male_overlay_v2_lwf_crew_trim_palette_v1.png[39m[0m
[  40% ] [90m[1mreimport[22m | lwf_attendee_female_food_hold_v2_attendee-palette.png[39m[0m
[  41% ] [90m[1mreimport[22m | lwf_steward_female_overlay_v2_lwf_crew_trim_palette_v1.png[39m[0m
[  42% ] [90m[1mreimport[22m | lwf_attendee_female_relaxed_v2_attendee-palette.png[39m[0m
[  43% ] [90m[1mreimport[22m | lwf_steward_female_overlay_v2_lwf_crew_trim_palette_v1.png[39m[0m
[  45% ] [90m[1mreimport[22m | lwf_attendee_male_drinking_beer_v2_attendee-palette.png[39m[0m
[  46% ] [90m[1mreimport[22m | lwf_attendee_male_drinking_beer_v2_attendee-palette.png[39m[0m
[  47% ] [90m[1mreimport[22m | lwf_attendee_female_drinking_soft_v2_attendee-palette.png[39m[0m
[  48% ] [90m[1mreimport[22m | lwf_attendee_male_drinking_soft_v2_attendee-palette.png[39m[0m
[  49% ] [90m[1mreimport[22m | lwf_attendee_male_drinking_soft_v2_attendee-palette.png[39m[0m
ERROR: Condition "f.is_null()" is true. Continuing.
   at: get_multiple_md5 (core/io/file_access.cpp:967)
[  50% ] [90m[1mreimport[22m | lwf_sound_male_overlay_v2_lwf_crew_trim_palette_v1.png[39m[0m
[  51% ] [90m[1mreimport[22m | lwf_attendee_male_drink_hold_v2_attendee-palette.png[39m[0m
[  52% ] [90m[1mreimport[22m | lwf_attendee_male_drink_hold_v2_attendee-palette.png[39m[0m
[  53% ] [90m[1mreimport[22m | lwf_attendee_female_drinking_beer_v2_attendee-palette.png[39m[0m
[  54% ] [90m[1mreimport[22m | lwf_attendee_male_eating_v2_attendee-palette.png[39m[0m
[  56% ] [90m[1mreimport[22m | lwf_sound_female_overlay_v2_lwf_crew_trim_palette_v1.png[39m[0m
[  57% ] [90m[1mreimport[22m | lwf_attendee_male_food_hold_v2_attendee-palette.png[39m[0m
[  58% ] [90m[1mreimport[22m | lwf_attendee_male_food_hold_v2_attendee-palette.png[39m[0m
[  59% ] [90m[1mreimport[22m | lwf_attendee_male_relaxed_v2_attendee-palette.png[39m[0m
[  60% ] [90m[1mreimport[22m | lwf_attendee_male_relaxed_v2_attendee-palette.png[39m[0m
[  61% ] [90m[1mreimport[22m | lwf_performer_male_body_v2_lwf_guitarist_body_palette_v1.png[39m[0m
[  62% ] [90m[1mreimport[22m | lwf_bassist_female_kit_v2_lwf_crew_trim_palette_v1.png[39m[0m
[  63% ] [90m[1mreimport[22m | lwf_bassist_female_kit_v2_lwf_bassist_palette.png[39m[0m
[  64% ] [90m[1mreimport[22m | lwf_modular_riser_speaker_v1.glb[39m[0m
[   0% ] [90m[1mimport[22m | Started Import Scene (104 steps)[39m[0m
[   0% ] [90m[1mimport[22m | Importing Scene...[39m[0m
[   1% ] [90m[1mimport[22m | Running Custom Script...[39m[0m
[  99% ] [90m[1mimport[22m | Saving...[39m[0m
[92m[ DONE ][39m [1mimport[22m
[0m
[  65% ] [90m[1mreimport[22m | lwf_medic_female_overlay_v2.glb[39m[0m
[   0% ] [90m[1mimport[22m | Started Import Scene (104 steps)[39m[0m
[   0% ] [90m[1mimport[22m | Importing Scene...[39m[0m
[   1% ] [90m[1mimport[22m | Running Custom Script...[39m[0m
[  99% ] [90m[1mimport[22m | Saving...[39m[0m
[92m[ DONE ][39m [1mimport[22m
[0m
[  67% ] [90m[1mreimport[22m | lwf_modular_riser_stage_v1.glb[39m[0m
[   0% ] [90m[1mimport[22m | Started Import Scene (104 steps)[39m[0m
[   0% ] [90m[1mimport[22m | Importing Scene...[39m[0m
[   1% ] [90m[1mimport[22m | Running Custom Script...[39m[0m
[  99% ] [90m[1mimport[22m | Saving...[39m[0m
[92m[ DONE ][39m [1mimport[22m
[0m
[  68% ] [90m[1mreimport[22m | lwf_medic_male_overlay_v2.glb[39m[0m
[   0% ] [90m[1mimport[22m | Started Import Scene (104 steps)[39m[0m
[   0% ] [90m[1mimport[22m | Importing Scene...[39m[0m
[   1% ] [90m[1mimport[22m | Running Custom Script...[39m[0m
[  99% ] [90m[1mimport[22m | Saving...[39m[0m
[92m[ DONE ][39m [1mimport[22m
[0m
[  69% ] [90m[1mreimport[22m | lwf_steward_male_overlay_v2.glb[39m[0m
[   0% ] [90m[1mimport[22m | Started Import Scene (104 steps)[39m[0m
[   0% ] [90m[1mimport[22m | Importing Scene...[39m[0m
[   1% ] [90m[1mimport[22m | Running Custom Script...[39m[0m
[  99% ] [90m[1mimport[22m | Saving...[39m[0m
[92m[ DONE ][39m [1mimport[22m
[0m
[  70% ] [90m[1mreimport[22m | lwf_performer_female_body_v2.glb[39m[0m
[   0% ] [90m[1mimport[22m | Started Import Scene (104 steps)[39m[0m
[   0% ] [90m[1mimport[22m | Importing Scene...[39m[0m
[   1% ] [90m[1mimport[22m | Running Custom Script...[39m[0m
[  99% ] [90m[1mimport[22m | Saving...[39m[0m
[92m[ DONE ][39m [1mimport[22m
[0m
[  71% ] [90m[1mreimport[22m | lwf_steward_female_overlay_v2.glb[39m[0m
[   0% ] [90m[1mimport[22m | Started Import Scene (104 steps)[39m[0m
[   0% ] [90m[1mimport[22m | Importing Scene...[39m[0m
[   1% ] [90m[1mimport[22m | Running Custom Script...[39m[0m
[  99% ] [90m[1mimport[22m | Saving...[39m[0m
[92m[ DONE ][39m [1mimport[22m
[0m
[  72% ] [90m[1mreimport[22m | lwf_sound_male_overlay_v2.glb[39m[0m
[   0% ] [90m[1mimport[22m | Started Import Scene (104 steps)[39m[0m
[   0% ] [90m[1mimport[22m | Importing Scene...[39m[0m
[   1% ] [90m[1mimport[22m | Running Custom Script...[39m[0m
[  99% ] [90m[1mimport[22m | Saving...[39m[0m
[92m[ DONE ][39m [1mimport[22m
[0m
[  73% ] [90m[1mreimport[22m | lwf_performer_male_body_v2.glb[39m[0m
[   0% ] [90m[1mimport[22m | Started Import Scene (104 steps)[39m[0m
[   0% ] [90m[1mimport[22m | Importing Scene...[39m[0m
[   1% ] [90m[1mimport[22m | Running Custom Script...[39m[0m
[  99% ] [90m[1mimport[22m | Saving...[39m[0m
[92m[ DONE ][39m [1mimport[22m
[0m
[  74% ] [90m[1mreimport[22m | lwf_sound_female_overlay_v2.glb[39m[0m
[   0% ] [90m[1mimport[22m | Started Import Scene (104 steps)[39m[0m
[   0% ] [90m[1mimport[22m | Importing Scene...[39m[0m
[   1% ] [90m[1mimport[22m | Running Custom Script...[39m[0m
[  99% ] [90m[1mimport[22m | Saving...[39m[0m
[92m[ DONE ][39m [1mimport[22m
[0m
[  75% ] [90m[1mreimport[22m | lwf_attendee_female_drinking_beer_v2.glb[39m[0m
[   0% ] [90m[1mimport[22m | Started Import Scene (104 steps)[39m[0m
[   0% ] [90m[1mimport[22m | Importing Scene...[39m[0m
[   1% ] [90m[1mimport[22m | Running Custom Script...[39m[0m
[  99% ] [90m[1mimport[22m | Saving...[39m[0m
[92m[ DONE ][39m [1mimport[22m
[0m
[  76% ] [90m[1mreimport[22m | lwf_attendee_female_drinking_soft_v2.glb[39m[0m
[   0% ] [90m[1mimport[22m | Started Import Scene (104 steps)[39m[0m
[   0% ] [90m[1mimport[22m | Importing Scene...[39m[0m
[   1% ] [90m[1mimport[22m | Running Custom Script...[39m[0m
[  99% ] [90m[1mimport[22m | Saving...[39m[0m
[92m[ DONE ][39m [1mimport[22m
[0m
[  78% ] [90m[1mreimport[22m | lwf_attendee_female_drink_hold_v2.glb[39m[0m
[   0% ] [90m[1mimport[22m | Started Import Scene (104 steps)[39m[0m
[   0% ] [90m[1mimport[22m | Importing Scene...[39m[0m
[   1% ] [90m[1mimport[22m | Running Custom Script...[39m[0m
[  99% ] [90m[1mimport[22m | Saving...[39m[0m
[92m[ DONE ][39m [1mimport[22m
[0m
[  79% ] [90m[1mreimport[22m | lwf_attendee_female_eating_v2.glb[39m[0m
[   0% ] [90m[1mimport[22m | Started Import Scene (104 steps)[39m[0m
[   0% ] [90m[1mimport[22m | Importing Scene...[39m[0m
[   1% ] [90m[1mimport[22m | Running Custom Script...[39m[0m
[  99% ] [90m[1mimport[22m | Saving...[39m[0m
[92m[ DONE ][39m [1mimport[22m
[0m
[  80% ] [90m[1mreimport[22m | lwf_attendee_female_food_hold_v2.glb[39m[0m
[   0% ] [90m[1mimport[22m | Started Import Scene (104 steps)[39m[0m
[   0% ] [90m[1mimport[22m | Importing Scene...[39m[0m
[   1% ] [90m[1mimport[22m | Running Custom Script...[39m[0m
[  99% ] [90m[1mimport[22m | Saving...[39m[0m
[92m[ DONE ][39m [1mimport[22m
[0m
[  81% ] [90m[1mreimport[22m | lwf_attendee_female_relaxed_v2.glb[39m[0m
[   0% ] [90m[1mimport[22m | Started Import Scene (104 steps)[39m[0m
[   0% ] [90m[1mimport[22m | Importing Scene...[39m[0m
[   1% ] [90m[1mimport[22m | Running Custom Script...[39m[0m
[  99% ] [90m[1mimport[22m | Saving...[39m[0m
[92m[ DONE ][39m [1mimport[22m
[0m
[  82% ] [90m[1mreimport[22m | lwf_attendee_male_drinking_beer_v2.glb[39m[0m
[   0% ] [90m[1mimport[22m | Started Import Scene (104 steps)[39m[0m
[   0% ] [90m[1mimport[22m | Importing Scene...[39m[0m
[   1% ] [90m[1mimport[22m | Running Custom Script...[39m[0m
[  99% ] [90m[1mimport[22m | Saving...[39m[0m
[92m[ DONE ][39m [1mimport[22m
[0m
[  83% ] [90m[1mreimport[22m | lwf_attendee_male_drinking_soft_v2.glb[39m[0m
[   0% ] [90m[1mimport[22m | Started Import Scene (104 steps)[39m[0m
[   0% ] [90m[1mimport[22m | Importing Scene...[39m[0m
[   1% ] [90m[1mimport[22m | Running Custom Script...[39m[0m
[  99% ] [90m[1mimport[22m | Saving...[39m[0m
[92m[ DONE ][39m [1mimport[22m
[0m
[  84% ] [90m[1mreimport[22m | lwf_attendee_male_drink_hold_v2.glb[39m[0m
[   0% ] [90m[1mimport[22m | Started Import Scene (104 steps)[39m[0m
[   0% ] [90m[1mimport[22m | Importing Scene...[39m[0m
[   1% ] [90m[1mimport[22m | Running Custom Script...[39m[0m
[  99% ] [90m[1mimport[22m | Saving...[39m[0m
[92m[ DONE ][39m [1mimport[22m
[0m
[  85% ] [90m[1mreimport[22m | lwf_attendee_male_eating_v2.glb[39m[0m
[   0% ] [90m[1mimport[22m | Started Import Scene (104 steps)[39m[0m
[   0% ] [90m[1mimport[22m | Importing Scene...[39m[0m
[   1% ] [90m[1mimport[22m | Running Custom Script...[39m[0m
[  99% ] [90m[1mimport[22m | Saving...[39m[0m
[92m[ DONE ][39m [1mimport[22m
[0m
[  86% ] [90m[1mreimport[22m | lwf_attendee_male_food_hold_v2.glb[39m[0m
[   0% ] [90m[1mimport[22m | Started Import Scene (104 steps)[39m[0m
[   0% ] [90m[1mimport[22m | Importing Scene...[39m[0m
[   1% ] [90m[1mimport[22m | Running Custom Script...[39m[0m
[  99% ] [90m[1mimport[22m | Saving...[39m[0m
[92m[ DONE ][39m [1mimport[22m
[0m
[  87% ] [90m[1mreimport[22m | lwf_attendee_male_relaxed_v2.glb[39m[0m
[   0% ] [90m[1mimport[22m | Started Import Scene (104 steps)[39m[0m
[   0% ] [90m[1mimport[22m | Importing Scene...[39m[0m
[   1% ] [90m[1mimport[22m | Running Custom Script...[39m[0m
[  99% ] [90m[1mimport[22m | Saving...[39m[0m
[92m[ DONE ][39m [1mimport[22m
[0m
[  89% ] [90m[1mreimport[22m | lwf_bassist_female_kit_v2.glb[39m[0m
[   0% ] [90m[1mimport[22m | Started Import Scene (104 steps)[39m[0m
[   0% ] [90m[1mimport[22m | Importing Scene...[39m[0m
[   1% ] [90m[1mimport[22m | Running Custom Script...[39m[0m
[  99% ] [90m[1mimport[22m | Saving...[39m[0m
[92m[ DONE ][39m [1mimport[22m
[0m
[  90% ] [90m[1mreimport[22m | lwf_bassist_male_kit_v2.glb[39m[0m
[   0% ] [90m[1mimport[22m | Started Import Scene (104 steps)[39m[0m
[   0% ] [90m[1mimport[22m | Importing Scene...[39m[0m
[   1% ] [90m[1mimport[22m | Running Custom Script...[39m[0m
[  99% ] [90m[1mimport[22m | Saving...[39m[0m
[92m[ DONE ][39m [1mimport[22m
[0m
[  91% ] [90m[1mreimport[22m | lwf_drummer_female_kit_v2.glb[39m[0m
[   0% ] [90m[1mimport[22m | Started Import Scene (104 steps)[39m[0m
[   0% ] [90m[1mimport[22m | Importing Scene...[39m[0m
[   1% ] [90m[1mimport[22m | Running Custom Script...[39m[0m
[  99% ] [90m[1mimport[22m | Saving...[39m[0m
[92m[ DONE ][39m [1mimport[22m
[0m
[  92% ] [90m[1mreimport[22m | lwf_drummer_male_kit_v2.glb[39m[0m
[   0% ] [90m[1mimport[22m | Started Import Scene (104 steps)[39m[0m
[   0% ] [90m[1mimport[22m | Importing Scene...[39m[0m
[   1% ] [90m[1mimport[22m | Running Custom Script...[39m[0m
[  99% ] [90m[1mimport[22m | Saving...[39m[0m
[92m[ DONE ][39m [1mimport[22m
[0m
[  93% ] [90m[1mreimport[22m | lwf_drum_hardware_only_v2.glb[39m[0m
[   0% ] [90m[1mimport[22m | Started Import Scene (104 steps)[39m[0m
[   0% ] [90m[1mimport[22m | Importing Scene...[39m[0m
[   1% ] [90m[1mimport[22m | Running Custom Script...[39m[0m
[  99% ] [90m[1mimport[22m | Saving...[39m[0m
[92m[ DONE ][39m [1mimport[22m
[0m
[  94% ] [90m[1mreimport[22m | lwf_guitarist_female_kit_v2.glb[39m[0m
[   0% ] [90m[1mimport[22m | Started Import Scene (104 steps)[39m[0m
[   0% ] [90m[1mimport[22m | Importing Scene...[39m[0m
[   1% ] [90m[1mimport[22m | Running Custom Script...[39m[0m
[  99% ] [90m[1mimport[22m | Saving...[39m[0m
[92m[ DONE ][39m [1mimport[22m
[0m
[  95% ] [90m[1mreimport[22m | lwf_guitarist_male_kit_v2.glb[39m[0m
[   0% ] [90m[1mimport[22m | Started Import Scene (104 steps)[39m[0m
[   0% ] [90m[1mimport[22m | Importing Scene...[39m[0m
[   1% ] [90m[1mimport[22m | Running Custom Script...[39m[0m
[  99% ] [90m[1mimport[22m | Saving...[39m[0m
[92m[ DONE ][39m [1mimport[22m
[0m
[  96% ] [90m[1mreimport[22m | lwf_maintenance_female_overlay_v2.glb[39m[0m
[   0% ] [90m[1mimport[22m | Started Import Scene (104 steps)[39m[0m
[   0% ] [90m[1mimport[22m | Importing Scene...[39m[0m
[   1% ] [90m[1mimport[22m | Running Custom Script...[39m[0m
[  99% ] [90m[1mimport[22m | Saving...[39m[0m
[92m[ DONE ][39m [1mimport[22m
[0m
[  97% ] [90m[1mreimport[22m | lwf_maintenance_male_overlay_v2.glb[39m[0m
[   0% ] [90m[1mimport[22m | Started Import Scene (104 steps)[39m[0m
[   0% ] [90m[1mimport[22m | Importing Scene...[39m[0m
[   1% ] [90m[1mimport[22m | Running Custom Script...[39m[0m
[  99% ] [90m[1mimport[22m | Saving...[39m[0m
[92m[ DONE ][39m [1mimport[22m
[0m
[  98% ] [90m[1mreimport[22m | Finalizing Asset Import...[39m[0m
[92m[ DONE ][39m [1mreimport[22m
[0m
[   0% ] [90m[1mreimport[22m | Started (Re)Importing Assets (90 steps)[39m[0m
[   0% ] [90m[1mreimport[22m | Executing post-reimport operations...[39m[0m
[92m[ DONE ][39m [1mreimport[22m
[0m
[   0% ] [90m[1mloading_editor_layout[22m | Started Loading editor (5 steps)[39m[0m
[   0% ] [90m[1mloading_editor_layout[22m | Loading editor layout...[39m[0m
[  16% ] [90m[1mloading_editor_layout[22m | Loading docks...[39m[0m
[92m[ DONE ][39m [1mloading_editor_layout[22m
[0m
