passed AtomicBookingsReorderWithoutDuplicateFeesAndRejectReplacement (217ms)
passed InsufficientFundsAndLateProgrammeCommandsLeaveStateUnchanged (95ms)
passed MalformedProgrammeAndOutOfWindowLiveStateAreRejectedWithoutThrowing (74ms)
passed IncomingCareRouteIsRetainedAndMissedSlotCannotExtendItsDeadline (120ms)
passed DayTimingIsExplicitAndOldTimetableVersionsAreNotSilentlyMigrated (5ms)
passed FullStaffCapacityHasThirtyFiveDistinctPhysicalPeople (951ms)
passed SameTierRetryKeepsNineIdentitiesAndTastesButClearsProgrammeAndContracts (1s 438ms)
passed ThreeFixedSlotsPhysicallyRunAndFullRosterRemainsOnFarm (20260926,True) (11s 238ms)
passed ThreeFixedSlotsPhysicallyRunAndFullRosterRemainsOnFarm (20260922,False) (9s 362ms)
passed ExactStarBoundaries (0,1) (2ms)
passed ExactStarBoundaries (1999,1) (0ms)
passed ExactStarBoundaries (2000,2) (0ms)
passed ExactStarBoundaries (3999,2) (0ms)
passed ExactStarBoundaries (4000,3) (0ms)
passed ExactStarBoundaries (5999,3) (0ms)
passed ExactStarBoundaries (6000,4) (0ms)
passed ExactStarBoundaries (7999,4) (0ms)
passed ExactStarBoundaries (8000,5) (0ms)
passed ExactStarBoundaries (10000,5) (0ms)
passed NoGuestsIsUnratedAndRoundingCannotChangeBoundary (0ms)
passed NaturalDepartureFrozenReportAndActualFileReload (7s 593ms)
passed BeerPartialGuestCompletionAndPerformerExclusionAreExact (522ms)
passed LedgerOperatingProfitExcludesOpeningFundsAndCapital (9s 929ms)
passed LegacyNullMetricsPreserveCanonicalHashAndInvalidCompletionRejected (633ms)
passed ActualExitTickDeathPrecedesDepartureAndRetryClearsMetrics (9s 701ms)
passed FinalSettlementSaveFailureDoesNotPublishAndOrdinaryDepartureDoesNotAutosave (8s 311ms)
passed EarlyUnhappyGuestRetainedInFinalMeanAndHistory (8s 581ms)
passed ActualMedicalCollapseCountsOnceAndFightKnockoutDoesNotCount (7s 553ms)
passed FightMetricUsesOneActualEncounterIncludingGuestAndExcludesPerformerPair (389ms)
passed ActualHistoricalSaveRemainsReadableWithKnownHashAndNewIdentityRejectsIt (150ms)
passed CurrencyFormattingOmitsOnlyRoundPoundDecimals (2ms)
passed SuccessfulExpensesEmitOnceRejectedCommandsNeverEmitAndHashIsUntouched (4ms)
passed SameTickSalesProjectFestivalCashNotBuyerDebitOrCostAndLoadResetsHistory (77ms)
passed SuccessfulClonedCommandSessionStillEmitsRatherThanSilentlyResetting (43ms)
passed TransactionIdentityScopesCampaignAttemptAndPaymentId (0ms)
passed ActualWarningDeathFavourRetryRetainsReactionIdentityAndResetsAdmission (1s 726ms)
passed ActualResultsSaveStillLoadsWithOriginalHashAndNewHeaderRejectsWithoutRewrite (118ms)
passed ExactApprovedTraitsAndIntegerFormulasAreMonotonicAndBounded (1ms)
passed SharedResolverAssignsMovesSwapsReplacesRemovesAndRejectsStaleOrInvalid (133ms)
passed ActualAdmissionUsesFinalPaidMappingOnceAndLoadDoesNotStack (1s 084ms)
passed CoordinatorEditsAndFailedStartAreAtomicWithOneSetupPaymentAndLiveLock (474ms)
passed IdentityValidationPreservesLegacyNullCanonicalAndActualOldFile (188ms)
passed ThreeDistinctUniformChoicesUseSeparateSavedEntropyAndOneReroll (1s 904ms)
passed PendingDraftBlocksPreparationAndStaleUnknownDuplicateCommandsArePure (34ms)
passed FullHandExcludesOwnedAndAllowsRepeatedRemainingThreeReplacementAndSkip (95ms)
passed SlotPerksAddNoWorkersAndPaidContractsCannotBypassRemovedSlot (28ms)
passed SeparateRoleTrainingDerivesActualAbilitiesAndSavedWalkingSpeeds (328ms)
passed TowerTapRemovalRestoresBaselineAndNeverRemovesMain (34ms)
passed ThirstPerkChangesOnlyGuestsByTenPercentAndWaterHappinessRequiresActualService (124ms)
passed SaveFailureRetainsHandCursorMoneyAndIdsAndSuccessfulChoiceReloadsExactly (152ms)
passed MalformedVersionHandCapacityRngAndEffectsAreRejected (5ms)
passed LegacyNullableStateIsOmittedAndExactCanonicalAndEffectsRemainUnchanged (74ms)
passed ActualCommittedLegacyHudSaveRetainsChecksumHashCanonicalEffectsAndFileBytes (47ms)
passed ActualFatalHearingRetryKeepsPerksDrawsOnceExpiresContractsAndTerminalResetPreservesHistory (7s 216ms)
passed EveryPerkRemovalRestoresItsBoundedEffectAndOwnedExclusion (4ms)
passed ActualGuestFreeWaterTicksImproveSatisfactionAndResumeExactlyWhileStaffDoNotGain (638ms)
passed PairedModestSynergyDiagnosticKeepsBaselineCountersAndExactContinuationBelowFifty (2s 625ms)
passed ActualStaffFreeWaterAndGuestPaidDrinkDoNotEarnPerkHappiness (896ms)
passed PerkTrainedPaidMedicTravelsTreatsAndResumesTheExactJob (1s 006ms)
passed SoundEngineerLabelsDescribeExistingQualityAndPrices (1ms)
passed EditsAreUnpaidReplaceableRemovableAndPersistIncompleteLineup (56ms)
passed MissingRoleSlotRejectsHireWithoutChangingDraftOrIds (22ms)
passed OverBudgetDraftSavesButCannotOpenAndMalformedPlanRejects (76ms)
passed ActualStartCoordinatorIsFailureSafeAndExactlyOnceAcrossLoad (1s 275ms)
passed OptionalOnlyStaffRetryRetainsImmutableSetupAndRehiresStablePerson (1s 595ms)
passed MalformedSetupAndCollectionsRejectWithoutThrowing (64ms)
passed PriorChargedSaveIsRejectedByNormalEconomicsIdentityAndFilePreserved (103ms)
passed TimetableShowsBothOwningTabsThenOnlyUnresolvedTabAndClearsWhenReady (30ms)
passed LegacyOneActGateAndAnyStaffContractSemanticsArePreserved (27ms)
passed MaintenanceAndOptionalEquipmentDoNotHideTheActualStaffBlocker (1ms)
passed PendingPerkUsesItsGlobalGuardAndDoesNotInventAnotherOwningTab (20ms)
passed StableOffersHaveBoundedAffordableChoicesWithoutReroll (53ms)
passed EntireProtectedRosterPhysicallyArrivesAndDeparts (1) (2s 172ms)
passed EntireProtectedRosterPhysicallyArrivesAndDeparts (2) (5s 070ms)
passed FailurePreservesPropertyContactsCashAndUnusedStockButExpiresContracts (656ms)
passed WeakMusicFitChangesNamedGuestSatisfactionAndRiskWithoutBlockingStart (648ms)
passed MalformedPreparationRejectsMissingRosterAndUnpaidProperty (1ms)
passed PurchasedRigCostsMoreNowAndImprovesActualMusicQuality (543ms)
passed SuccessfulRentalExpiresAndLedgerReconcilesExactly (836ms)
passed CommittedRetryCostsEventuallyRejectWithoutNegativeCashOrMutation (162ms)
passed EditionBoundariesSaveCandidatesAndFailedWritesPreserveVisibleState (False) (1s 207ms)
passed EditionBoundariesSaveCandidatesAndFailedWritesPreserveVisibleState (True) (1s 139ms)
passed OpeningInventoryPlusDeliveriesLessActualConsumptionEqualsRemainingValue (181ms)
passed SaveResumeContinuationMatchesUninterruptedHashTransactionsIdsAndRandom (13ms)
passed PausedCommandSavesImmediatelyAndRemainsAppliedOnce (5ms)
passed CorruptionTruncationUnknownSchemaAndContentMismatchAreActionable (20ms)
passed R004OldLayoutSaveIsRejectedWithoutChangingTheFile (10ms)
passed InjectedFailurePreservesPriorGoodSlotAndSuccessfulReplaceKeepsBackup (23ms)
passed AcceptedPurchaseCannotReplayAfterLoading (5ms)
passed BuildMismatchIsWarningAndSlotNamesCannotEscapeDirectory (6ms)
passed CheckedInNonpersonalV1FixtureLoads (1ms)
passed ZeroCommandIdRejectsWithoutMutationAndCannotEnterSaveState (0ms)

Test run summary: Passed! - C:\Projects\festival-tycoon\tests\Festival.Tests\bin\Debug\net8.0\Festival.Tests.dll (net8.0|x64)
  total: 92
  failed: 0
  succeeded: 92
  skipped: 0
  duration: 1m 52s 102ms
