passed ExplicitModeBudgetStockAndLegacyAreConserved (323ms)
passed PaidItemPartialConsumptionResumeAndPauseAreExact (265ms)
passed BeerRefusalAbstentionStaffAndOnstagePendingPhysiology (65ms)
passed FoodHalvesNewAbsorptionAndWaterDoesNotSober (65ms)
passed SemanticTamperRejectsBudgetsStockHeldOrdersAndMalformedCollections (62ms)
passed PhysicalDayCreatesSalesAndSaveReplayWithoutFreeAdmissionStock (2s 537ms)
passed SevereFixtureWarnsCollapsesAndUsesExistingFatalBoundaryThenFreezes (1s 292ms)
passed TimelyPhysicalMedicStabilizesGraduallyAndDoesNotCreateAlcoholImmunity (1s 136ms)
passed LegacyGzipFileWithoutImmersionReconstructsOriginalChecksum (68ms)
passed PhysicalArrivalFifoHeterogeneousSaleAndFailureNeverChargeTwice (87ms)
passed GeometryRotationReciprocalWaterAndLedgerTamperingAreRejected (196ms)
passed BudgetDistributionAndFullyStaffedDayHaveMeasuredBoundedCost (9s 717ms)
  Standard output
    35-person first4000ticks=1514.7ms, neededreal1x=50000ms
    full300s people=35 sales=80 peakcurrentintox=7002
    
passed QueuedHeavyBeerRefusalCancelsWithoutCashStockOrReceipt (66ms)
passed MaintenanceOwnershipSuspendsHeldItemAndPreventsShoppingRouteTheft (144ms)
passed NinePaidPerformerItemsSaveWhileFirstBandOnstageAndResumeExactly (2s 830ms)
passed ActualImmersionDeathAndFavourRetryResetConsumablesAndBudgetsOnce (1s 239ms)
passed CoexistingHeatCollapseRetainsEarlierClocksAndOrdinaryMedicSaveBoundary (False) (61ms)
passed CoexistingHeatCollapseRetainsEarlierClocksAndOrdinaryMedicSaveBoundary (True) (59ms)
passed ClosingContinuesPaidIngestionAndPendingExposureWithoutNewSalesAndStopsAtExit (102ms)
passed LateDepartureCollapseRetainsPhysicalPatientAndMedicCanRespondOrFatalFreeze (False) (288ms)
passed LateDepartureCollapseRetainsPhysicalPatientAndMedicCanRespondOrFatalFreeze (True) (505ms)
passed DeparturePrimaryHeatUsesOriginalGlobalClocksForBoundaryAndDeath (Distress) (63ms)
passed DeparturePrimaryHeatUsesOriginalGlobalClocksForBoundaryAndDeath (Collapsed) (63ms)
passed DeparturePrimaryHeatUsesOriginalGlobalClocksForBoundaryAndDeath (Critical) (64ms)
passed CoexistingInjuryKeepsOriginalDeadlineWhenAlcoholCrossesCollapseDuration (24ms)
passed PerformedPoweredSetEndsOnceWithFrozenActualAudienceAndEnjoymentAndExactReload (1s 107ms)
  Standard output
    actual end 7200; audience 20; enjoyment 14201; strength 0.3768; enthusiastic True
    
passed ActualPowerCutAtDeadlineCannotBecomeSetEndApplause (2s 164ms)
passed MissedUnplayedSlotHasNoApplauseAndCannotCountOwnedMedicalListeners (2s 057ms)
passed EndAudienceTamperAndImpossibleEnjoymentAreRejectedAndAbsentPayloadPreservesLegacyCanonical (1s 089ms)
passed ApplauseStrengthAndClipChoiceScaleWithActualAudienceAndEarnedEnjoyment (1ms)
passed LegacySaveFileChecksumStillLoadsWhenEndAudienceFieldIsAbsent (90ms)
passed BookedBandRoleTitlesRetainIdentityAndFollowReorderAndRestore (3ms)
passed NormalUiCoordinatorPersistsWaterChoiceAndHearingDecision (701ms)
passed PostDeathConcedeEndsCampaignWithoutSpendingFavourAndCannotRepeat (266ms)
passed RealDeathSpendsOneFavourAndResetsCashStockWithoutFarmingProperty (530ms)
passed CommunitySharingCapsFastDrinkersAndCannotBeCommittedTwice (30ms)
passed FailedSharedWeekendCannotClaimFavourOrRepeatWaterChoiceOnRetry (584ms)
passed HeadlessSecondFavourFixtureProvesTwoRetryResetsWithoutStockAccumulation (566ms)
passed CommunityFavourIsClaimedOnlyAfterFullHonouredWeekend (2s 508ms)
passed SlotsAreNotLabourAndPaidHiresAreAtomicAndSeedStable (4ms)
passed AllHireOrdersKeepDistinctStableIdsAndRestore (12ms)
passed RoleWideTrainingIsFreeClampedAndAppliesToActualRoutes (347ms)
passed TwoMedicsTravelAndTreatIndependentPatientsAcrossReload (False) (699ms)
passed TwoMedicsTravelAndTreatIndependentPatientsAcrossReload (True) (654ms)
passed RetryExpiresBothPaidContractsButRetainsEffectsAndContacts (722ms)
passed ProfileAndJobTamperingAreRejected (357ms)
passed TwoStewardsOwnIndependentPhysicalResponsesAndRestore (670ms)
passed OptionalStewardIsProtectedAndTimelyFirstAidPreventsItsDeath (1s 017ms)
passed UnaffordableAndFiftyBoundaryHiresDoNotMutateRosterOrLedger (1ms)
passed ProportionalExistingTierTwoDiagnosticStaysBelowFifty (1s 186ms)
  Standard output
    STAFF_HEADLESS_DIAGNOSTIC people=49 ticks=4000 elapsed_ms=1142.10 simulated_real_seconds=50
    
passed StrongAndWeakOptionalStewardSkillsChangeCalmingOutcome (928ms)
passed HigherPersonalSpeedArrivesEarlierOnTheSamePhysicalRoute (49ms)
passed NamedUnreachableDispatchIsRejectedWithReasonAndNoOwnership (387ms)
passed LateOptionalMedicCannotEraseDeathAndIsNamedInHearing (1s 003ms)
passed SafeSettlementExpiresOptionalContractsWithoutDeletingContacts (3s 081ms)
passed PreviouslyReviewedWaterSaveLoadsWithoutGrantingFreeStaff (18ms)
passed NinePerformerMedicalProfilesRemainProtectedAndSaved (366ms)
passed UpcomingAnticipationIsFiniteAndClampedAndSurvivesRestore (354ms)
passed UrgentThirstWinsUpcomingMusicAndNeedsChoiceRestoresDeterministically (395ms)
passed IdlePerformerHeatChoosesPhysicalRestWithoutStageEntitlement (560ms)
passed FuturePerformerRetainsWarningCollapseCriticalAndFirstDeathProtection (871ms)
passed PlannedSilenceDoesNotCreateMusicCutoffButActualPowerCutDoes (472ms)

Test run summary: Passed! - C:\Projects\festival-tycoon\tests\Festival.Tests\bin\Debug\net8.0\Festival.Tests.dll (net8.0|x64)
  total: 62
  failed: 0
  succeeded: 62
  skipped: 0
  duration: 47s 315ms
