passed EastSideVendorCandidatesHaveClearFootprintsTrackFacingQueuesAndPhysicalAccess (164,140,164,160,3) (502ms)
  Standard output
    east-side food: cell=GridCell { X = 164, Z = 140 }, front=GridCell { X = 160, Z = 140 }, queue-tail=GridCell { X = 142, Z = 140 }
    east-side drinks: cell=GridCell { X = 164, Z = 160 }, front=GridCell { X = 160, Z = 160 }, queue-tail=GridCell { X = 142, Z = 160 }
    
passed EastSideVendorCandidatesHaveClearFootprintsTrackFacingQueuesAndPhysicalAccess (150,172,162,172,2) (212ms)
  Standard output
    east-side food: cell=GridCell { X = 150, Z = 172 }, front=GridCell { X = 150, Z = 168 }, queue-tail=GridCell { X = 150, Z = 150 }
    east-side drinks: cell=GridCell { X = 162, Z = 172 }, front=GridCell { X = 162, Z = 168 }, queue-tail=GridCell { X = 162, Z = 150 }
    
passed EastSideVendorCandidatesHaveClearFootprintsTrackFacingQueuesAndPhysicalAccess (148,119,164,119,0) (175ms)
  Standard output
    east-side food: cell=GridCell { X = 148, Z = 119 }, front=GridCell { X = 148, Z = 123 }, queue-tail=GridCell { X = 148, Z = 141 }
    east-side drinks: cell=GridCell { X = 164, Z = 119 }, front=GridCell { X = 164, Z = 123 }, queue-tail=GridCell { X = 164, Z = 141 }
    
passed EastSideVendorCandidatesHaveClearFootprintsTrackFacingQueuesAndPhysicalAccess (148,119,164,120,0) (164ms)
  Standard output
    east-side food: cell=GridCell { X = 148, Z = 119 }, front=GridCell { X = 148, Z = 123 }, queue-tail=GridCell { X = 148, Z = 141 }
    east-side drinks: cell=GridCell { X = 164, Z = 120 }, front=GridCell { X = 164, Z = 124 }, queue-tail=GridCell { X = 164, Z = 142 }
    
passed EastSideVendorCandidatesHaveClearFootprintsTrackFacingQueuesAndPhysicalAccess (144,119,160,120,0) (158ms)
  Standard output
    east-side food: cell=GridCell { X = 144, Z = 119 }, front=GridCell { X = 144, Z = 123 }, queue-tail=GridCell { X = 144, Z = 141 }
    east-side drinks: cell=GridCell { X = 160, Z = 120 }, front=GridCell { X = 160, Z = 124 }, queue-tail=GridCell { X = 160, Z = 142 }
    
passed NewDefaultVendorsFormTentFrontRowOnEastGrassWithAlignedEntrances (32ms)
passed ExistingAndChosenVendorSitesRoundTripWithoutDefaultMigration (74,155,0,116,155,0) (158ms)
passed ExistingAndChosenVendorSitesRoundTripWithoutDefaultMigration (150,172,2,162,172,2) (102ms)
passed ExistingAndChosenVendorSitesRoundTripWithoutDefaultMigration (148,119,0,164,120,0) (96ms)
passed ExistingAndChosenVendorSitesRoundTripWithoutDefaultMigration (164,140,3,164,160,3) (100ms)
passed GeometryRotationReciprocalWaterAndLedgerTamperingAreRejected (342ms)

Test run summary: Passed! - C:\Projects\festival-tycoon\tests\Festival.Tests\bin\Debug\net8.0\Festival.Tests.dll (net8.0|x64)
  total: 11
  failed: 0
  succeeded: 11
  skipped: 0
  duration: 2s 156ms
