Godot Engine v4.7.2.stable.mono.official.ed1daf0bf - https://godotengine.org
OpenGL API 3.3.0 NVIDIA 596.08 - Compatibility - Using Device: NVIDIA - NVIDIA GeForce RTX 3050 Ti Laptop GPU

FESTIVAL_TYCOON_LAUNCHED build=0.0.1-m0.01 godot=4.7.2-stable (official)
FARM_SCENE_READY scenario=scenario.lower-wittering-farm objects=6 hash=c6dab452a75dc71aca4f0e83428e8a22a7f9a64ff1ec3389e6436fcabf7a613a
INCIDENT_AUDIO_READY ambient=True explosion=True female=True male=True mode=cc0-integrated
TIMETABLE_STATE name=checkpoint tick=1600 slot=0 phase=Live ready=3 people=32 performers=9 admitted=32 departed=0 status=Playing hash=65036d49df4f647ec1f44871dc5fd96ef8770d7e4af029a421601bbbdd981fa6
TIMETABLE_BAND person=24 physical=-15750,11250 action=Arrived intent=performance.stage-entry instrument=True
TIMETABLE_BAND person=25 physical=-16750,9250 action=Arrived intent=performance.stage-entry instrument=True
TIMETABLE_BAND person=26 physical=-17250,12250 action=Arrived intent=performance.stage-entry instrument=False
TIMETABLE_OPERATOR ordinary_medic_dispatch=True patient=22 tick=2000
TIMETABLE_OPERATOR ordinary_medic_dispatch=True patient=9 tick=4560
TIMETABLE_OPERATOR ordinary_medic_dispatch=True patient=3 tick=5360
TIMETABLE_STATE name=checkpoint tick=23980 slot=2 phase=Finished ready=0 people=32 performers=9 admitted=32 departed=0 status=Final set finished; performers remain on farm hash=a1e6f027249781774923072c581a252079e2b490e734feb0da2daa6879543607
TIMETABLE_BAND person=32 physical=-10277,9223 action=Travelling intent=medical.free-water-approach instrument=False
TIMETABLE_BAND person=33 physical=-2750,18810 action=Travelling intent=medical.return instrument=False
TIMETABLE_BAND person=34 physical=-16250,1750 action=Arrived intent=medical.free-water-queue instrument=False
TIMETABLE_STATE name=checkpoint tick=24001 slot=2 phase=Finished ready=0 people=32 performers=9 admitted=32 departed=0 status=Final set finished; performers remain on farm hash=1d1d2315f035d964c580b4f4862686a3bb704e81e5e56385d8edd9d57e3c4e0e
TIMETABLE_BAND person=32 physical=-10681,8819 action=Travelling intent=edition.departure instrument=False
TIMETABLE_BAND person=33 physical=-2750,19281 action=Travelling intent=edition.departure instrument=False
TIMETABLE_BAND person=34 physical=-16227,1773 action=Travelling intent=edition.departure instrument=False
ATTENDEE_SELECTED id=4 orientation=South
IMMERSION_INITIALIZED_EXPOSURE_FIXTURE person=4 exposure=9800 no_item_discard=True ordinary_reachability=False during_departure=True
ATTENDEE_SELECTED id=4 orientation=South
ATTENDEE_SELECTED id=4 orientation=South
ATTENDEE_SELECTED id=4 orientation=South
ATTENDEE_SELECTED id=4 orientation=South
ATTENDEE_SELECTED id=4 orientation=South
ATTENDEE_SELECTED id=4 orientation=South
ATTENDEE_SELECTED id=4 orientation=South
ATTENDEE_SELECTED id=4 orientation=South
ATTENDEE_SELECTED id=4 orientation=South
ATTENDEE_SELECTED id=4 orientation=South
ATTENDEE_SELECTED id=4 orientation=South
FARM_SELECTION_CLEARED
ATTENDEE_SELECTED id=4 orientation=South
IMMERSION_SEVERE_CARE_SAVE exact_hash=True ticks=21 exposure=9658
ATTENDEE_SELECTED id=4 orientation=South
ATTENDEE_SELECTED id=4 orientation=South
ATTENDEE_SELECTED id=4 orientation=South
ATTENDEE_SELECTED id=4 orientation=South
ATTENDEE_SELECTED id=4 orientation=South
ATTENDEE_SELECTED id=4 orientation=South
ATTENDEE_SELECTED id=4 orientation=South
ATTENDEE_SELECTED id=4 orientation=South
ATTENDEE_SELECTED id=4 orientation=South
ATTENDEE_SELECTED id=4 orientation=South
ATTENDEE_SELECTED id=4 orientation=South
ATTENDEE_SELECTED id=4 orientation=South
ATTENDEE_SELECTED id=4 orientation=South
ATTENDEE_SELECTED id=4 orientation=South
ATTENDEE_SELECTED id=4 orientation=South
ATTENDEE_SELECTED id=4 orientation=South
ATTENDEE_SELECTED id=4 orientation=South
ATTENDEE_SELECTED id=4 orientation=South
ATTENDEE_SELECTED id=4 orientation=South
ATTENDEE_SELECTED id=4 orientation=South
ATTENDEE_SELECTED id=4 orientation=South
ATTENDEE_SELECTED id=4 orientation=South
ATTENDEE_SELECTED id=4 orientation=South
ATTENDEE_SELECTED id=4 orientation=South
ATTENDEE_SELECTED id=4 orientation=South
ATTENDEE_SELECTED id=4 orientation=South
ATTENDEE_SELECTED id=4 orientation=South
ATTENDEE_SELECTED id=4 orientation=South
ATTENDEE_SELECTED id=4 orientation=South
ATTENDEE_SELECTED id=4 orientation=South
ATTENDEE_SELECTED id=4 orientation=South
ATTENDEE_SELECTED id=4 orientation=South
ATTENDEE_SELECTED id=4 orientation=South
ATTENDEE_SELECTED id=4 orientation=South
ATTENDEE_SELECTED id=4 orientation=South
ATTENDEE_SELECTED id=4 orientation=South
ATTENDEE_SELECTED id=4 orientation=South
ATTENDEE_SELECTED id=4 orientation=South
ATTENDEE_SELECTED id=4 orientation=South
ATTENDEE_SELECTED id=4 orientation=South
ATTENDEE_SELECTED id=4 orientation=South
IMMERSION_SEVERE_FIXTURE_COMPLETE initialized=True ordinary_reachability=False physical_care=True treatment_reload=True during_departure=True exposure_remaining=3142 no_casualties=True
