passed ExactStarBoundaries (0,1) (7ms)
passed ExactStarBoundaries (1999,1) (0ms)
passed ExactStarBoundaries (2000,2) (0ms)
passed ExactStarBoundaries (3999,2) (0ms)
passed ExactStarBoundaries (4000,3) (0ms)
passed ExactStarBoundaries (5999,3) (0ms)
passed ExactStarBoundaries (6000,4) (0ms)
passed ExactStarBoundaries (7999,4) (0ms)
passed ExactStarBoundaries (8000,5) (0ms)
passed ExactStarBoundaries (10000,5) (0ms)
passed NoGuestsIsUnratedAndRoundingCannotChangeBoundary (0ms)
passed NaturalDepartureFrozenReportAndActualFileReload (9s 931ms)
passed BeerPartialGuestCompletionAndPerformerExclusionAreExact (610ms)
passed LedgerOperatingProfitExcludesOpeningFundsAndCapital (8s 552ms)
passed LegacyNullMetricsPreserveCanonicalHashAndInvalidCompletionRejected (484ms)
passed ActualExitTickDeathPrecedesDepartureAndRetryClearsMetrics (6s 772ms)
passed FinalSettlementSaveFailureDoesNotPublishAndOrdinaryDepartureDoesNotAutosave (7s 654ms)
passed EarlyUnhappyGuestRetainedInFinalMeanAndHistory (7s 645ms)
passed ActualMedicalCollapseCountsOnceAndFightKnockoutDoesNotCount (6s 647ms)
passed FightMetricUsesOneActualEncounterIncludingGuestAndExcludesPerformerPair (401ms)
passed ActualHistoricalSaveRemainsReadableWithKnownHashAndNewIdentityRejectsIt (153ms)
passed CurrencyFormattingOmitsOnlyRoundPoundDecimals (2ms)
passed SuccessfulExpensesEmitOnceRejectedCommandsNeverEmitAndHashIsUntouched (4ms)
passed SameTickSalesProjectFestivalCashNotBuyerDebitOrCostAndLoadResetsHistory (60ms)
passed SuccessfulClonedCommandSessionStillEmitsRatherThanSilentlyResetting (56ms)
passed TransactionIdentityScopesCampaignAttemptAndPaymentId (1ms)
passed ClosingContinuesPaidIngestionAndPendingExposureWithoutNewSalesAndStopsAtExit (92ms)
passed LateDepartureCollapseRetainsPhysicalPatientAndMedicCanRespondOrFatalFreeze (False) (300ms)
passed LateDepartureCollapseRetainsPhysicalPatientAndMedicCanRespondOrFatalFreeze (True) (514ms)
passed FullFixtureTraceIsDeterministicPersistsEveryBoundaryAndAdvancesOnce (50ms)
passed SimultaneousDeathsChooseFirstProtectedPersonAndFreezeTicksAndCommands (7ms)
passed EveryProtectedRoleCanBeTerminalWhileUnknownSubjectRejectsWithoutMutation (13ms)
passed DuplicateFavourSettlementCasualtyAndAdvanceRejectWithoutMutation (13ms)
passed InjectedSaveFailureAtEachBoundaryLeavesMemoryAndPriorSlotAtPreviousValidState (32ms)
passed StableOffersHaveBoundedAffordableChoicesWithoutReroll (42ms)
passed EntireProtectedRosterPhysicallyArrivesAndDeparts (1) (1s 514ms)
passed EntireProtectedRosterPhysicallyArrivesAndDeparts (2) (3s 935ms)
passed FailurePreservesPropertyContactsCashAndUnusedStockButExpiresContracts (399ms)
passed WeakMusicFitChangesNamedGuestSatisfactionAndRiskWithoutBlockingStart (383ms)
passed MalformedPreparationRejectsMissingRosterAndUnpaidProperty (1ms)
passed PurchasedRigCostsMoreNowAndImprovesActualMusicQuality (387ms)
passed SuccessfulRentalExpiresAndLedgerReconcilesExactly (818ms)
passed CommittedRetryCostsEventuallyRejectWithoutNegativeCashOrMutation (191ms)
passed EditionBoundariesSaveCandidatesAndFailedWritesPreserveVisibleState (False) (1s 094ms)
passed EditionBoundariesSaveCandidatesAndFailedWritesPreserveVisibleState (True) (1s 150ms)
passed OpeningInventoryPlusDeliveriesLessActualConsumptionEqualsRemainingValue (200ms)
passed SaveResumeContinuationMatchesUninterruptedHashTransactionsIdsAndRandom (16ms)
passed PausedCommandSavesImmediatelyAndRemainsAppliedOnce (5ms)
passed CorruptionTruncationUnknownSchemaAndContentMismatchAreActionable (21ms)
passed R004OldLayoutSaveIsRejectedWithoutChangingTheFile (19ms)
passed InjectedFailurePreservesPriorGoodSlotAndSuccessfulReplaceKeepsBackup (19ms)
passed AcceptedPurchaseCannotReplayAfterLoading (5ms)
passed BuildMismatchIsWarningAndSlotNamesCannotEscapeDirectory (6ms)
passed CheckedInNonpersonalV1FixtureLoads (1ms)
passed ZeroCommandIdRejectsWithoutMutationAndCannotEnterSaveState (0ms)

Test run summary: Passed! - C:\Projects\festival-tycoon\tests\Festival.Tests\bin\Debug\net8.0\Festival.Tests.dll (net8.0|x64)
  total: 55
  failed: 0
  succeeded: 55
  skipped: 0
  duration: 1m 00s 351ms
