Godot Engine v4.7.2.stable.mono.official.ed1daf0bf - https://godotengine.org
OpenGL API 3.3.0 NVIDIA 596.08 - Compatibility - Using Device: NVIDIA - NVIDIA GeForce RTX 3050 Ti Laptop GPU

FESTIVAL_TYCOON_LAUNCHED build=0.0.1-m0.01 godot=4.7.2-stable (official)
FARM_SCENE_READY scenario=scenario.lower-wittering-farm objects=6 hash=38148ffe225dee1d65e755ee93946e63fe2c687d953ced2a0c58e9b279b1f8a5
INCIDENT_AUDIO_READY ambient=True explosion=True female=True male=True mode=cc0-integrated
FARM_SELECTION_CLEARED
FARM_SELECTION_CLEARED
FARM_SELECTION_CLEARED
MEDICAL_FACILITY_SELECTED type=Water
FARM_SELECTION_CLEARED
FARM_SELECTION_CLEARED
TIMETABLE_OPERATOR ordinary_medic_dispatch=True patient=22 tick=2015
TIMETABLE_STATE name=checkpoint tick=3200 slot=0 phase=Live ready=3 people=32 performers=9 admitted=32 departed=0 status=Playing hash=a619e897423da405417c19d8c815d9effeffe944f3602068286986c2aafb4514
TIMETABLE_BAND person=24 physical=-15750,11250 action=Arrived intent=performance.stage-entry instrument=True
TIMETABLE_BAND person=25 physical=-16750,9250 action=Arrived intent=performance.stage-entry instrument=True
TIMETABLE_BAND person=26 physical=-17250,12250 action=Arrived intent=performance.stage-entry instrument=False
FARM_SELECTION_CLEARED
ATTENDEE_SELECTED id=3 orientation=South
FARM_SELECTED id=farm.trailer-stage orientation=South
SECURITY_POST_SELECTED
FARM_SELECTION_CLEARED
FARM_SELECTION_CLEARED
FARM_SELECTION_CLEARED
TIMETABLE_OPERATOR ordinary_medic_dispatch=True patient=22 tick=2000
TIMETABLE_STATE name=checkpoint tick=3200 slot=0 phase=Live ready=3 people=34 performers=9 admitted=34 departed=0 status=Playing hash=02f8572dd3012da27e72d0e65b02a274697bae926119d6f31a39d0dc3708faef
TIMETABLE_BAND person=24 physical=-15750,11250 action=Arrived intent=performance.stage-entry instrument=True
TIMETABLE_BAND person=25 physical=-16750,9250 action=Arrived intent=performance.stage-entry instrument=True
TIMETABLE_BAND person=26 physical=-17250,12250 action=Arrived intent=performance.stage-entry instrument=False
ATTENDEE_SELECTED id=3 orientation=South
HUD_CAPTURE_COMPLETE native=1280x720 ordinary_commands=True demand_or_position_injection=False tabs=6 confirmation_cancel_exact=True placement_cancel_exact=True placement_commit=True file_restore_exact=True paused_cosmetic_exact=True legacy_current_context_clear=True actual_extra_hires=2 named_response_workers=4 money=MONEY £430 hash=abf4099b00f4b9ea6b3783598b2c3db3fcfb09496424c74adb42268b45ff8c2d
