Godot Engine v4.7.2.stable.mono.official.ed1daf0bf - https://godotengine.org
OpenGL API 3.3.0 NVIDIA 596.08 - Compatibility - Using Device: NVIDIA - NVIDIA GeForce RTX 3050 Ti Laptop GPU

ERROR: Failed to read the root certificate store.
   at: get_system_ca_certificates (platform/windows/os_windows.cpp:2582)
FESTIVAL_TYCOON_LAUNCHED build=0.0.1-m0.01 godot=4.7.2-stable (official)
FARM_SCENE_READY scenario=scenario.lower-wittering-farm objects=5 hash=84b0745d75c000b6c9defe4e1367da3f4edcf31dbfd6ea135fd75563a6a9a591
INCIDENT_AUDIO_READY ambient=True explosion=True female=True male=True mode=cc0-integrated
ERROR: Condition "f.is_null()" is true.
   at: _save_to_cache (drivers/gles3/shader_gles3.cpp:648)
ERROR: Condition "f.is_null()" is true.
   at: _save_to_cache (drivers/gles3/shader_gles3.cpp:648)
ERROR: Condition "f.is_null()" is true.
   at: _save_to_cache (drivers/gles3/shader_gles3.cpp:648)
ERROR: Condition "f.is_null()" is true.
   at: _save_to_cache (drivers/gles3/shader_gles3.cpp:648)
ERROR: Condition "f.is_null()" is true.
   at: _save_to_cache (drivers/gles3/shader_gles3.cpp:648)
ERROR: Condition "f.is_null()" is true.
   at: _save_to_cache (drivers/gles3/shader_gles3.cpp:648)
ERROR: Condition "f.is_null()" is true.
   at: _save_to_cache (drivers/gles3/shader_gles3.cpp:648)
POND_EVIDENCE_COMPLETE passed=true
