ERROR: System.InvalidOperationException: Handle is not initialized.
   at System.Runtime.InteropServices.GCHandle.FromIntPtr(IntPtr value)
   at Godot.Bridge.ScriptManagerBridge.SwapGCHandleForType(IntPtr oldGCHandlePtr, IntPtr* outNewGCHandlePtr, godot_bool createWeak) in /root/godot/modules/mono/glue/GodotSharp/GodotSharp/Core/Bridge/ScriptManagerBridge.cs:line 1284
   at: void Godot.NativeInterop.ExceptionUtils.LogException(System.Exception) (/root/godot/modules/mono/glue/GodotSharp/GodotSharp/Core/NativeInterop/ExceptionUtils.cs:113)
   C# backtrace (most recent call first):
       [0] void Godot.GD.PushError(string) (/root/godot/modules/mono/glue/GodotSharp/GodotSharp/Core/GD.cs:366)
       [1] void Godot.NativeInterop.ExceptionUtils.LogException(System.Exception) (/root/godot/modules/mono/glue/GodotSharp/GodotSharp/Core/NativeInterop/ExceptionUtils.cs:113)
       [2] Godot.NativeInterop.godot_bool Godot.Bridge.ScriptManagerBridge.SwapGCHandleForType(nint, System.IntPtr*, Godot.NativeInterop.godot_bool) (/root/godot/modules/mono/glue/GodotSharp/GodotSharp/Core/Bridge/ScriptManagerBridge.cs:1284)
       [3] void Godot.NativeInterop.NativeFuncs.godotsharp_method_bind_ptrcall(nint, nint, System.Void**, System.Void*) (/root/godot/modules/mono/glue/GodotSharp/GodotSharp/Godot.SourceGenerators.Internal/Godot.SourceGenerators.Internal.UnmanagedCallbacksGenerator/Godot.NativeInterop.NativeFuncs.generated.cs:380)
       [4] Godot.GodotObject Godot.NativeCalls.godot_icall_3_1268(nint, nint, string, string, int) (/root/godot/modules/mono/glue/GodotSharp/GodotSharp/Generated/NativeCalls.cs:11611)
       [5] Godot.Resource Godot.ResourceLoader.Load(string, string, Godot.ResourceLoader+CacheMode) (/root/godot/modules/mono/glue/GodotSharp/GodotSharp/Generated/GodotObjects/ResourceLoader.cs:120)
       [6] T Godot.ResourceLoader.Load<T>(string, string, Godot.ResourceLoader+CacheMode) (/root/godot/modules/mono/glue/GodotSharp/GodotSharp/Core/Extensions/ResourceLoaderExtensions.cs:27)
       [7] T Godot.GD.Load<T>(string) (/root/godot/modules/mono/glue/GodotSharp/GodotSharp/Core/GD.cs:129)
       [8] Godot.Node3D Festival.Game.Main.InstantiateAsset(string) (/_/game/Main.cs:552)
       [9] Godot.Node3D Festival.Game.Main.AddAsset(string, Godot.Vector3) (/_/game/Main.cs:547)
       [10] void Festival.Game.Main.BuildAttendee() (/_/game/Main.cs:375)
       [11] void Festival.Game.Main.PreparationLoad() (/_/game/Main.Preparation.cs:221)
       [12] void Festival.Game.Main.OrganicQueueRestore(Festival.Simulation.GameSession) (/_/game/Main.OrganicQueueCapture.cs:66)
       [13] void Festival.Game.Main.ProcessOrganicQueueCapture() (/_/game/Main.OrganicQueueCapture.cs:128)
       [14] void Festival.Game.Main._Process(double) (/_/game/Main.cs:279)
       [15] bool Godot.Node.InvokeGodotClassMethod(Godot.NativeInterop.godot_string_name&, Godot.NativeInterop.NativeVariantPtrArgs, Godot.NativeInterop.godot_variant&) (/root/godot/modules/mono/glue/GodotSharp/GodotSharp/Generated/GodotObjects/Node.cs:2654)
       [16] bool Festival.Game.Main.InvokeGodotClassMethod(Godot.NativeInterop.godot_string_name&, Godot.NativeInterop.NativeVariantPtrArgs, Godot.NativeInterop.godot_variant&) (/_/game/.godot/mono/temp/obj/Debug/Godot.SourceGenerators/Godot.SourceGenerators.ScriptMethodsGenerator/Festival.Game.Main_ScriptMethods.generated.cs:2290)
       [17] Godot.NativeInterop.godot_bool Godot.Bridge.CSharpInstanceBridge.Call(nint, Godot.NativeInterop.godot_string_name*, Godot.NativeInterop.godot_variant**, int, Godot.NativeInterop.godot_variant_call_error*, Godot.NativeInterop.godot_variant*) (/root/godot/modules/mono/glue/GodotSharp/GodotSharp/Core/Bridge/CSharpInstanceBridge.cs:24)
