Godot Engine v4.7.2.stable.mono.official.ed1daf0bf - https://godotengine.org
OpenGL API 3.3.0 NVIDIA 596.08 - Compatibility - Using Device: NVIDIA - NVIDIA GeForce RTX 3050 Ti Laptop GPU

FESTIVAL_TYCOON_LAUNCHED build=0.0.1-m0.01 godot=4.7.2-stable (official)
FARM_SCENE_READY scenario=scenario.lower-wittering-farm objects=6 hash=bf6b6380cb0872fa2fa0d0ff9f491a1b2f387151677bffd8d6fc2e38630c5d69
INCIDENT_AUDIO_READY ambient=True explosion=True female=True male=True mode=cc0-integrated
FINANCE_FEEDBACK transaction=cash:20260922:1:stock:immersion-stock:20260922:1 cash_pennies=-9600 anchor=preparation
FARM_SELECTION_CLEARED
FINANCE_FEEDBACK transaction=cash:20260922:1:preparation:1 cash_pennies=-4000 anchor=programme
FINANCE_FEEDBACK transaction=cash:20260922:1:preparation:2 cash_pennies=-11000 anchor=programme
FINANCE_FEEDBACK transaction=cash:20260922:1:preparation:3 cash_pennies=-8500 anchor=programme
FINANCE_FEEDBACK transaction=cash:20260922:1:preparation:4 cash_pennies=-2000 anchor=preparation
FINANCE_FEEDBACK transaction=cash:20260922:1:preparation:5 cash_pennies=-12000 anchor=preparation
ATTENDEE_SELECTED id=3 orientation=South
FARM_SELECTION_CLEARED
TIMETABLE_STATE name=checkpoint tick=160 slot=0 phase=BeforeSet ready=0 people=32 performers=9 admitted=0 departed=0 status=Performers approaching stage hash=cdb87f14431764c82db97d2790232c75431a87f4c06d897a5df4350402b46468
TIMETABLE_BAND person=24 physical=-3220,31280 action=Travelling intent=performance.side-entry instrument=False
TIMETABLE_BAND person=25 physical=-1862,30578 action=Travelling intent=performance.side-entry instrument=False
TIMETABLE_BAND person=26 physical=-1313,30687 action=Travelling intent=performance.side-entry instrument=False
TIMETABLE_STATE name=checkpoint tick=320 slot=0 phase=BeforeSet ready=0 people=32 performers=9 admitted=1 departed=0 status=Performers approaching stage hash=eed821c65f3616da029187fae2d9dbf3472c9166e3bae2c055b4f18a32f8f936
TIMETABLE_BAND person=24 physical=-6444,28056 action=Travelling intent=performance.side-entry instrument=False
TIMETABLE_BAND person=25 physical=-3224,25276 action=Travelling intent=performance.side-entry instrument=False
TIMETABLE_BAND person=26 physical=-4877,27123 action=Travelling intent=performance.side-entry instrument=False
TIMETABLE_STATE name=checkpoint tick=480 slot=0 phase=BeforeSet ready=0 people=32 performers=9 admitted=2 departed=0 status=Performers approaching stage hash=6bee9000841d145b757304e2275817a6cec882afe9bb29d9e483242ee4a65979
TIMETABLE_BAND person=24 physical=-9669,24831 action=Travelling intent=performance.side-entry instrument=False
TIMETABLE_BAND person=25 physical=-6618,21882 action=Travelling intent=performance.side-entry instrument=False
TIMETABLE_BAND person=26 physical=-8441,23559 action=Travelling intent=performance.side-entry instrument=False
TIMETABLE_STATE name=checkpoint tick=640 slot=0 phase=BeforeSet ready=0 people=32 performers=9 admitted=22 departed=0 status=Performers approaching stage hash=70db0e9ceeefb6ff225797cfd10c528805e7ef0528cefb7caf26ee2e940ec28e
TIMETABLE_BAND person=24 physical=-12893,21607 action=Travelling intent=performance.side-entry instrument=False
TIMETABLE_BAND person=25 physical=-10012,18488 action=Travelling intent=performance.side-entry instrument=False
TIMETABLE_BAND person=26 physical=-12005,19995 action=Travelling intent=performance.side-entry instrument=False
TIMETABLE_STATE name=checkpoint tick=800 slot=0 phase=BeforeSet ready=0 people=32 performers=9 admitted=28 departed=0 status=Performers approaching stage hash=8f84bc16c0f68989a5de2eecf5ef87c49a697589c5929c74ce9c5a52c24a82e9
TIMETABLE_BAND person=24 physical=-13250,17195 action=Travelling intent=performance.side-entry instrument=False
TIMETABLE_BAND person=25 physical=-13250,15029 action=Travelling intent=performance.side-entry instrument=False
TIMETABLE_BAND person=26 physical=-13250,15471 action=Travelling intent=performance.side-entry instrument=False
TIMETABLE_STATE name=checkpoint tick=960 slot=0 phase=BeforeSet ready=0 people=32 performers=9 admitted=31 departed=0 status=Performers approaching stage hash=7f9c7c9e4a2f59ca2d7396ebc24bfb8263be557127afbb65ab405264b6a489d1
TIMETABLE_BAND person=24 physical=-14799,14201 action=Travelling intent=performance.stage-entry instrument=False
TIMETABLE_BAND person=25 physical=-16710,12290 action=Travelling intent=performance.stage-entry instrument=False
TIMETABLE_BAND person=26 physical=-16945,12555 action=Travelling intent=performance.stage-entry instrument=False
TIMETABLE_STATE name=checkpoint tick=1120 slot=0 phase=BeforeSet ready=3 people=32 performers=9 admitted=31 departed=0 status=Performers approaching stage hash=a9823602bff1149246fffc5856f39be6922419918534b96bbca588e7edfac974
TIMETABLE_BAND person=24 physical=-15750,11250 action=Arrived intent=performance.stage-entry instrument=True
TIMETABLE_BAND person=25 physical=-16750,9250 action=Arrived intent=performance.stage-entry instrument=True
TIMETABLE_BAND person=26 physical=-17250,12250 action=Arrived intent=performance.stage-entry instrument=False
TIMETABLE_STATE name=checkpoint tick=1280 slot=0 phase=Live ready=3 people=32 performers=9 admitted=32 departed=0 status=Playing hash=1ef49f43485e401dd49326f4f2b1943e3b0c8be941ee54ef2238121552367a19
TIMETABLE_BAND person=24 physical=-15750,11250 action=Arrived intent=performance.stage-entry instrument=True
TIMETABLE_BAND person=25 physical=-16750,9250 action=Arrived intent=performance.stage-entry instrument=True
TIMETABLE_BAND person=26 physical=-17250,12250 action=Arrived intent=performance.stage-entry instrument=False
TIMETABLE_STATE name=checkpoint tick=1440 slot=0 phase=Live ready=3 people=32 performers=9 admitted=32 departed=0 status=Playing hash=040259638250262eb0036bf6dcb5fa4663f0e422ae9c92f7c44d9b7b8c70b625
TIMETABLE_BAND person=24 physical=-15750,11250 action=Arrived intent=performance.stage-entry instrument=True
TIMETABLE_BAND person=25 physical=-16750,9250 action=Arrived intent=performance.stage-entry instrument=True
TIMETABLE_BAND person=26 physical=-17250,12250 action=Arrived intent=performance.stage-entry instrument=False
TIMETABLE_STATE name=checkpoint tick=1600 slot=0 phase=Live ready=3 people=32 performers=9 admitted=32 departed=0 status=Playing hash=64cc5532be26ca9f1df5f74e8de6b786edabb45b661585d5a26848d4efdec125
TIMETABLE_BAND person=24 physical=-15750,11250 action=Arrived intent=performance.stage-entry instrument=True
TIMETABLE_BAND person=25 physical=-16750,9250 action=Arrived intent=performance.stage-entry instrument=True
TIMETABLE_BAND person=26 physical=-17250,12250 action=Arrived intent=performance.stage-entry instrument=False
FINANCE_FEEDBACK transaction=cash:20260922:1:sale:immersion:1:1 cash_pennies=300 anchor=vendor.drinks
FARM_SELECTION_CLEARED
FINANCE_CAPTURE_COMPLETE actual_expense=-9600 actual_sale_credit=300 dedup=True load_replay=False early_mid_expired=True alpha_drift_hash=True actual_programme_aggregation=True hidden_control_stack=True labelled_cosmetic_capacity=True max_visible=8 overflow_loss=False
