Godot Engine v4.7.2.stable.mono.official.ed1daf0bf - https://godotengine.org
OpenGL API 3.3.0 NVIDIA 596.08 - Compatibility - Using Device: NVIDIA - NVIDIA GeForce RTX 3050 Ti Laptop GPU

FESTIVAL_TYCOON_LAUNCHED build=0.0.1-m0.01 godot=4.7.2-stable (official)
FARM_SCENE_READY scenario=scenario.lower-wittering-farm objects=6 hash=a024c69f88fcce3661966b5e705c5132064bdb7518953f9238551f4a2212f1f4
INCIDENT_AUDIO_READY ambient=True explosion=True female=True male=True mode=cc0-integrated
TIMETABLE_STATE name=booked tick=0 slot=-1 phase= ready= people=32 performers=9 admitted=0 departed=0 status=Programme booked hash=34a6b3c87d0a894e271474cd6372a806b9eb09c37b82244bf0c21047a5b69084
TIMETABLE_OPERATOR ordinary_medic_dispatch=True patient=22 tick=2000
TIMETABLE_STATE name=checkpoint tick=3400 slot=0 phase=Live ready=3 people=32 performers=9 admitted=32 departed=0 status=Playing hash=48e3d1881a879b52703e3c250150b489b0cff5fada5e4fdc19bf43a11294ef1f
TIMETABLE_BAND person=24 physical=-15750,11250 action=Arrived intent=performance.stage-entry instrument=True
TIMETABLE_BAND person=25 physical=-16750,9250 action=Arrived intent=performance.stage-entry instrument=True
TIMETABLE_BAND person=26 physical=-17250,12250 action=Arrived intent=performance.stage-entry instrument=False
ATTENDEE_SELECTED id=3 orientation=South
TIMETABLE_STATE name=first-set tick=3400 slot=0 phase=Live ready=3 people=32 performers=9 admitted=32 departed=0 status=Playing hash=48e3d1881a879b52703e3c250150b489b0cff5fada5e4fdc19bf43a11294ef1f
TIMETABLE_BAND person=24 physical=-15750,11250 action=Arrived intent=performance.stage-entry instrument=True
TIMETABLE_BAND person=25 physical=-16750,9250 action=Arrived intent=performance.stage-entry instrument=True
TIMETABLE_BAND person=26 physical=-17250,12250 action=Arrived intent=performance.stage-entry instrument=False
FESTIVAL_AUDIO act=act.meadow-lanterns genre=0 stream=res://assets/audio/folk_loop_v1.wav playing=True
TIMETABLE_OPERATOR ordinary_medic_dispatch=True patient=4 tick=5000
TIMETABLE_STATE name=checkpoint tick=12160 slot=0 phase=Finished ready=0 people=32 performers=9 admitted=32 departed=0 status=Changeover: outgoing performers clearing stairs hash=779fef9cab1c19df6a5edd6d23b512c45699b3aa15e896e88915383c7bf7eb7d
TIMETABLE_BAND person=24 physical=-13605,14250 action=Travelling intent=medical.free-water-approach instrument=False
TIMETABLE_BAND person=25 physical=-14750,13221 action=Travelling intent=medical.free-water-approach instrument=False
TIMETABLE_BAND person=26 physical=-13463,15250 action=Travelling intent=medical.free-water-approach instrument=False
TIMETABLE_STATE name=first-changeover tick=12160 slot=0 phase=Finished ready=0 people=32 performers=9 admitted=32 departed=0 status=Changeover: outgoing performers clearing stairs hash=779fef9cab1c19df6a5edd6d23b512c45699b3aa15e896e88915383c7bf7eb7d
TIMETABLE_BAND person=24 physical=-13605,14250 action=Travelling intent=medical.free-water-approach instrument=False
TIMETABLE_BAND person=25 physical=-14750,13221 action=Travelling intent=medical.free-water-approach instrument=False
TIMETABLE_BAND person=26 physical=-13463,15250 action=Travelling intent=medical.free-water-approach instrument=False
TIMETABLE_SAVE changeover_exact=True
TIMETABLE_STATE name=checkpoint tick=14400 slot=1 phase=Live ready=3 people=32 performers=9 admitted=32 departed=0 status=Playing hash=f164f1aa383511006be4304e10b448db8a2624a7e7b3a2874de5d27cafff71aa
TIMETABLE_BAND person=29 physical=-15750,11250 action=Arrived intent=performance.stage-entry instrument=True
TIMETABLE_BAND person=30 physical=-16750,9250 action=Arrived intent=performance.stage-entry instrument=True
TIMETABLE_BAND person=31 physical=-17250,12250 action=Arrived intent=performance.stage-entry instrument=False
TIMETABLE_STATE name=second-set tick=14400 slot=1 phase=Live ready=3 people=32 performers=9 admitted=32 departed=0 status=Playing hash=f164f1aa383511006be4304e10b448db8a2624a7e7b3a2874de5d27cafff71aa
TIMETABLE_BAND person=29 physical=-15750,11250 action=Arrived intent=performance.stage-entry instrument=True
TIMETABLE_BAND person=30 physical=-16750,9250 action=Arrived intent=performance.stage-entry instrument=True
TIMETABLE_BAND person=31 physical=-17250,12250 action=Arrived intent=performance.stage-entry instrument=False
FESTIVAL_AUDIO act=act.neon-postcards genre=2 stream=res://assets/audio/pop_loop_v1.wav playing=False
TIMETABLE_STATE name=checkpoint tick=23360 slot=1 phase=Finished ready=0 people=32 performers=9 admitted=32 departed=0 status=Changeover: outgoing performers clearing stairs hash=24d52df59465d492ab558acacbb502016b62be49aca73a9f19fcb36164789bd9
TIMETABLE_BAND person=29 physical=-3750,-1250 action=Arrived intent=medical.rest instrument=False
TIMETABLE_BAND person=30 physical=-7243,2243 action=Travelling intent=medical.return-to-stage-access instrument=False
TIMETABLE_BAND person=31 physical=-13250,8826 action=Travelling intent=medical.return-to-stage-access instrument=False
TIMETABLE_STATE name=second-changeover tick=23360 slot=1 phase=Finished ready=0 people=32 performers=9 admitted=32 departed=0 status=Changeover: outgoing performers clearing stairs hash=24d52df59465d492ab558acacbb502016b62be49aca73a9f19fcb36164789bd9
TIMETABLE_BAND person=29 physical=-3750,-1250 action=Arrived intent=medical.rest instrument=False
TIMETABLE_BAND person=30 physical=-7243,2243 action=Travelling intent=medical.return-to-stage-access instrument=False
TIMETABLE_BAND person=31 physical=-13250,8826 action=Travelling intent=medical.return-to-stage-access instrument=False
TIMETABLE_STATE name=checkpoint tick=25600 slot=2 phase=Live ready=3 people=32 performers=9 admitted=32 departed=0 status=Playing hash=a236d47001947bb70e17d4c8cc021d0f298b1a44edb0c84f86b8e1a3e44c7a40
TIMETABLE_BAND person=32 physical=-15750,11250 action=Arrived intent=performance.stage-entry instrument=True
TIMETABLE_BAND person=33 physical=-16750,9250 action=Arrived intent=performance.stage-entry instrument=True
TIMETABLE_BAND person=34 physical=-17250,12250 action=Arrived intent=performance.stage-entry instrument=False
TIMETABLE_STATE name=third-set tick=25600 slot=2 phase=Live ready=3 people=32 performers=9 admitted=32 departed=0 status=Playing hash=a236d47001947bb70e17d4c8cc021d0f298b1a44edb0c84f86b8e1a3e44c7a40
TIMETABLE_BAND person=32 physical=-15750,11250 action=Arrived intent=performance.stage-entry instrument=True
TIMETABLE_BAND person=33 physical=-16750,9250 action=Arrived intent=performance.stage-entry instrument=True
TIMETABLE_BAND person=34 physical=-17250,12250 action=Arrived intent=performance.stage-entry instrument=False
FESTIVAL_AUDIO act=act.field-frequency genre=3 stream=res://assets/audio/electronic_loop_v1.wav playing=False
TIMETABLE_STATE name=checkpoint tick=35200 slot=2 phase=Finished ready=0 people=32 performers=9 admitted=32 departed=0 status=Final set finished; performers remain on farm hash=4bdf2320ab261f3a5a11c8798fdb69804691e8edffffb7916e65d4e4f41a4d00
TIMETABLE_BAND person=32 physical=-3650,-955 action=Travelling intent=medical.rest instrument=False
TIMETABLE_BAND person=33 physical=-4255,-1055 action=Travelling intent=medical.rest instrument=False
TIMETABLE_BAND person=34 physical=-16250,-250 action=Arrived intent=medical.free-water-queue instrument=False
TIMETABLE_STATE name=wind-down tick=35200 slot=2 phase=Finished ready=0 people=32 performers=9 admitted=32 departed=0 status=Final set finished; performers remain on farm hash=4bdf2320ab261f3a5a11c8798fdb69804691e8edffffb7916e65d4e4f41a4d00
TIMETABLE_BAND person=32 physical=-3650,-955 action=Travelling intent=medical.rest instrument=False
TIMETABLE_BAND person=33 physical=-4255,-1055 action=Travelling intent=medical.rest instrument=False
TIMETABLE_BAND person=34 physical=-16250,-250 action=Arrived intent=medical.free-water-queue instrument=False
TIMETABLE_STATE name=checkpoint tick=38401 slot=2 phase=Finished ready=0 people=32 performers=9 admitted=32 departed=0 status=Final set finished; performers remain on farm hash=62c801e50433622337333fb0b79fdaaf750ceeca37bb4cc114c5f9d5d728e620
TIMETABLE_BAND person=32 physical=-4096,-1261 action=Travelling intent=edition.departure instrument=False
TIMETABLE_BAND person=33 physical=-4553,-1322 action=Travelling intent=edition.departure instrument=False
TIMETABLE_BAND person=34 physical=-1750,19283 action=Travelling intent=edition.departure instrument=False
TIMETABLE_STATE name=physical-final-departure tick=39866 slot=2 phase=Finished ready=0 people=32 performers=9 admitted=32 departed=32 status=Final set finished; performers remain on farm hash=86fe262077f830453cbba29d26afa17672adf49fdf36f2fa84047a9b499646e0
TIMETABLE_BAND person=32 physical=2250,35250 action=Arrived intent=edition.departure instrument=False
TIMETABLE_BAND person=33 physical=-2750,36250 action=Arrived intent=edition.departure instrument=False
TIMETABLE_BAND person=34 physical=-1750,36250 action=Arrived intent=edition.departure instrument=False
TIMETABLE_CAPTURE_COMPLETE three_sets=True protected_performers=9 physical_departure=True existing_graphics=True
