Godot Engine v4.7.2.stable.mono.official.ed1daf0bf - https://godotengine.org
OpenGL API 3.3.0 NVIDIA 596.08 - Compatibility - Using Device: NVIDIA - NVIDIA GeForce RTX 3050 Ti Laptop GPU

FESTIVAL_TYCOON_LAUNCHED build=0.0.1-m0.01 godot=4.7.2-stable (official)
FARM_SCENE_READY scenario=scenario.lower-wittering-farm objects=6 hash=38148ffe225dee1d65e755ee93946e63fe2c687d953ced2a0c58e9b279b1f8a5
INCIDENT_AUDIO_READY ambient=True explosion=True female=True male=True mode=cc0-integrated
FINANCE_FEEDBACK transaction=cash:20260922:1:stock:immersion-stock:20260922:1 cash_pennies=-9600 anchor=stock
FARM_SELECTION_CLEARED
FINANCE_FEEDBACK transaction=cash:20260922:1:preparation:1 cash_pennies=-4000 anchor=programme
FINANCE_FEEDBACK transaction=cash:20260922:1:preparation:2 cash_pennies=-11000 anchor=programme
FINANCE_FEEDBACK transaction=cash:20260922:1:preparation:3 cash_pennies=-8500 anchor=programme
FINANCE_FEEDBACK transaction=cash:20260922:1:preparation:4 cash_pennies=-2000 anchor=preparation
FINANCE_FEEDBACK transaction=cash:20260922:1:preparation:5 cash_pennies=-12000 anchor=preparation
ATTENDEE_SELECTED id=3 orientation=South
FARM_SELECTION_CLEARED
TIMETABLE_STATE name=checkpoint tick=160 slot=0 phase=BeforeSet ready=0 people=32 performers=9 admitted=0 departed=0 status=Performers approaching stage hash=3fcfde772098c035e02081ca77d914b9bd0cce0c2c429cc418e37d7bcaec18c8
TIMETABLE_BAND person=24 physical=-3220,31280 action=Travelling intent=performance.side-entry instrument=False
TIMETABLE_BAND person=25 physical=-1862,30578 action=Travelling intent=performance.side-entry instrument=False
TIMETABLE_BAND person=26 physical=-1313,30687 action=Travelling intent=performance.side-entry instrument=False
TIMETABLE_STATE name=checkpoint tick=320 slot=0 phase=BeforeSet ready=0 people=32 performers=9 admitted=1 departed=0 status=Performers approaching stage hash=c1674703fe0b2e38e55ccb0a191672334db5cd628413ebd1b141b04dc6fde9af
TIMETABLE_BAND person=24 physical=-6444,28056 action=Travelling intent=performance.side-entry instrument=False
TIMETABLE_BAND person=25 physical=-3224,25276 action=Travelling intent=performance.side-entry instrument=False
TIMETABLE_BAND person=26 physical=-4877,27123 action=Travelling intent=performance.side-entry instrument=False
TIMETABLE_STATE name=checkpoint tick=480 slot=0 phase=BeforeSet ready=0 people=32 performers=9 admitted=2 departed=0 status=Performers approaching stage hash=15a9c44f8bbf708a084300824e0a77b9367f27d0ed70ecc4b656c9c40d2fe808
TIMETABLE_BAND person=24 physical=-9669,24831 action=Travelling intent=performance.side-entry instrument=False
TIMETABLE_BAND person=25 physical=-6618,21882 action=Travelling intent=performance.side-entry instrument=False
TIMETABLE_BAND person=26 physical=-8441,23559 action=Travelling intent=performance.side-entry instrument=False
TIMETABLE_STATE name=checkpoint tick=640 slot=0 phase=BeforeSet ready=0 people=32 performers=9 admitted=22 departed=0 status=Performers approaching stage hash=7f263e3b259252be527fcf71559d630d297858e4d3067e2832b437a505bbb762
TIMETABLE_BAND person=24 physical=-12893,21607 action=Travelling intent=performance.side-entry instrument=False
TIMETABLE_BAND person=25 physical=-10012,18488 action=Travelling intent=performance.side-entry instrument=False
TIMETABLE_BAND person=26 physical=-12005,19995 action=Travelling intent=performance.side-entry instrument=False
TIMETABLE_STATE name=checkpoint tick=800 slot=0 phase=BeforeSet ready=0 people=32 performers=9 admitted=28 departed=0 status=Performers approaching stage hash=af7b2d9227990654958cf4abb3e6c4d9fc5fa992484eae88bd6aa4cda5388984
TIMETABLE_BAND person=24 physical=-13250,17195 action=Travelling intent=performance.side-entry instrument=False
TIMETABLE_BAND person=25 physical=-13250,15029 action=Travelling intent=performance.side-entry instrument=False
TIMETABLE_BAND person=26 physical=-13250,15471 action=Travelling intent=performance.side-entry instrument=False
TIMETABLE_STATE name=checkpoint tick=960 slot=0 phase=BeforeSet ready=0 people=32 performers=9 admitted=31 departed=0 status=Performers approaching stage hash=497b065c8bf029c7ce5d85fb8425498adc3229370d75b2a82866cbe6b9c525f1
TIMETABLE_BAND person=24 physical=-14799,14201 action=Travelling intent=performance.stage-entry instrument=False
TIMETABLE_BAND person=25 physical=-16710,12290 action=Travelling intent=performance.stage-entry instrument=False
TIMETABLE_BAND person=26 physical=-16945,12555 action=Travelling intent=performance.stage-entry instrument=False
TIMETABLE_STATE name=checkpoint tick=1120 slot=0 phase=BeforeSet ready=3 people=32 performers=9 admitted=31 departed=0 status=Performers approaching stage hash=6d977fe7b07df8678d7afab41fd0d4aa94f68c6289e3877fce80f42a347ba203
TIMETABLE_BAND person=24 physical=-15750,11250 action=Arrived intent=performance.stage-entry instrument=True
TIMETABLE_BAND person=25 physical=-16750,9250 action=Arrived intent=performance.stage-entry instrument=True
TIMETABLE_BAND person=26 physical=-17250,12250 action=Arrived intent=performance.stage-entry instrument=False
TIMETABLE_STATE name=checkpoint tick=1280 slot=0 phase=Live ready=3 people=32 performers=9 admitted=32 departed=0 status=Playing hash=1dae57e109921f4fede07907abd3facd98d8ae29f0031b316bdfa18f0f50dc4d
TIMETABLE_BAND person=24 physical=-15750,11250 action=Arrived intent=performance.stage-entry instrument=True
TIMETABLE_BAND person=25 physical=-16750,9250 action=Arrived intent=performance.stage-entry instrument=True
TIMETABLE_BAND person=26 physical=-17250,12250 action=Arrived intent=performance.stage-entry instrument=False
TIMETABLE_STATE name=checkpoint tick=1440 slot=0 phase=Live ready=3 people=32 performers=9 admitted=32 departed=0 status=Playing hash=c4b24f00736a230b050fd870a2e8e840069874aecc6b02b7924cb7479af0479d
TIMETABLE_BAND person=24 physical=-15750,11250 action=Arrived intent=performance.stage-entry instrument=True
TIMETABLE_BAND person=25 physical=-16750,9250 action=Arrived intent=performance.stage-entry instrument=True
TIMETABLE_BAND person=26 physical=-17250,12250 action=Arrived intent=performance.stage-entry instrument=False
FINANCE_FEEDBACK transaction=cash:20260922:1:sale:immersion:1:1 cash_pennies=300 anchor=vendor.drinks
FARM_SELECTION_CLEARED
FINANCE_CAPTURE_COMPLETE actual_expense=-9600 actual_sale_credit=300 dedup=True load_replay=False early_mid_expired=True alpha_drift_hash=True actual_programme_aggregation=True hidden_control_stack=True labelled_cosmetic_capacity=True max_visible=8 overflow_loss=False
