ERROR: Failed to open 'user://logs/godot2026-10-08T07.23.33.log'.
   at: copy (core/io/dir_access.cpp:429)
ERROR: Failed to open log file for writing: user://logs/godot.log
   at: rotate_file (core/io/logger.cpp:169)
Godot Engine v4.7.2.stable.mono.official.ed1daf0bf - https://godotengine.org
OpenGL API 3.3.0 NVIDIA 596.08 - Compatibility - Using Device: NVIDIA - NVIDIA GeForce RTX 3050 Ti Laptop GPU

ERROR: Failed to read the root certificate store.
   at: get_system_ca_certificates (platform/windows/os_windows.cpp:2582)
FESTIVAL_TYCOON_LAUNCHED build=0.0.1-m0.01 godot=4.7.2-stable (official)
FARM_SCENE_READY scenario=scenario.lower-wittering-farm objects=5 hash=671b0799b7863a6654be3b370aae406cf34d88455c76903e0318ff32a406cbad
INCIDENT_AUDIO_READY ambient=True explosion=True female=True male=True mode=cc0-integrated
ERROR: Condition "f.is_null()" is true.
   at: _save_to_cache (drivers/gles3/shader_gles3.cpp:648)
ERROR: Condition "f.is_null()" is true.
   at: _save_to_cache (drivers/gles3/shader_gles3.cpp:648)
ERROR: Condition "f.is_null()" is true.
   at: _save_to_cache (drivers/gles3/shader_gles3.cpp:648)
ERROR: Condition "f.is_null()" is true.
   at: _save_to_cache (drivers/gles3/shader_gles3.cpp:648)
ERROR: Condition "f.is_null()" is true.
   at: _save_to_cache (drivers/gles3/shader_gles3.cpp:648)
ERROR: Condition "f.is_null()" is true.
   at: _save_to_cache (drivers/gles3/shader_gles3.cpp:648)
ERROR: Condition "f.is_null()" is true.
   at: _save_to_cache (drivers/gles3/shader_gles3.cpp:648)
POND_EVIDENCE_COMPLETE passed=true
