Godot Engine v4.7.2.stable.mono.official.ed1daf0bf - https://godotengine.org
OpenGL API 3.3.0 NVIDIA 596.08 - Compatibility - Using Device: NVIDIA - NVIDIA GeForce RTX 3050 Ti Laptop GPU

FESTIVAL_TYCOON_LAUNCHED build=0.0.1-m0.01 godot=4.7.2-stable (official)
FARM_SCENE_READY scenario=scenario.lower-wittering-farm objects=5 hash=d0f6d1283504e8749d6974f503a4d10426043ee41e3bdb6791fa48249d7de51d
INCIDENT_AUDIO_READY ambient=True explosion=True female=True male=True mode=cc0-integrated
ERROR: IMMERSION_CAPTURE_FAILED System.ArgumentException: Expected a 96x8 RGBA8 palette and approved colour indices.
   at Festival.ContentAdapter.AttendeePalette.Apply(ReadOnlySpan`1 originalRgba, AttendeeColourChoice choice) in /_/src/Festival.ContentAdapter/AttendeePalette.cs:line 57
   at Festival.Game.Main.GuestPaletteMaterial(StandardMaterial3D source, AttendeeColourChoice choice) in /_/game/Main.AttendeePalette.cs:line 56
   at Festival.Game.Main.ApplyGuestPalette(Node3D root, Node3D body) in /_/game/Main.AttendeePalette.cs:line 76
   at Festival.Game.Main.SetGuestBodyPose(Node3D root, String state, Nullable`1 product) in /_/game/Main.AttendeePoses.cs:line 46
   at Festival.Game.Main.AddGuestPoseRoot(EntityId id, Vector3 position) in /_/game/Main.AttendeePoses.cs:line 23
   at Festival.Game.Main.BuildAttendee() in /_/game/Main.cs:line 411
   at Festival.Game.Main.PreparationStart() in /_/game/Main.Preparation.cs:line 99
   at Festival.Game.Main.ProcessAttendeePoseCapture() in /_/game/Main.AttendeePoseCapture.cs:line 51
   at Festival.Game.Main.ProcessImmersionCaptureStep() in /_/game/Main.ImmersionCapture.cs:line 59
   at Festival.Game.Main.ProcessImmersionCapture() in /_/game/Main.ImmersionCapture.cs:line 54
   at: void Festival.Game.Main.ProcessImmersionCapture() (/_/game/Main.ImmersionCapture.cs:54)
   C# backtrace (most recent call first):
       [0] void Godot.GD.PushError(string) (/root/godot/modules/mono/glue/GodotSharp/GodotSharp/Core/GD.cs:366)
       [1] void Festival.Game.Main.ProcessImmersionCapture() (/_/game/Main.ImmersionCapture.cs:54)
       [2] void Festival.Game.Main.ProcessPresentationFrame(double) (/_/game/Main.cs:290)
       [3] void Festival.Game.Main._Process(double) (/_/game/Main.cs:247)
       [4] bool Godot.Node.InvokeGodotClassMethod(Godot.NativeInterop.godot_string_name&, Godot.NativeInterop.NativeVariantPtrArgs, Godot.NativeInterop.godot_variant&) (/root/godot/modules/mono/glue/GodotSharp/GodotSharp/Generated/GodotObjects/Node.cs:2654)
       [5] bool Festival.Game.Main.InvokeGodotClassMethod(Godot.NativeInterop.godot_string_name&, Godot.NativeInterop.NativeVariantPtrArgs, Godot.NativeInterop.godot_variant&) (/_/game/.godot/mono/temp/obj/Debug/Godot.SourceGenerators/Godot.SourceGenerators.ScriptMethodsGenerator/Festival.Game.Main_ScriptMethods.generated.cs:3300)
       [6] Godot.NativeInterop.godot_bool Godot.Bridge.CSharpInstanceBridge.Call(nint, Godot.NativeInterop.godot_string_name*, Godot.NativeInterop.godot_variant**, int, Godot.NativeInterop.godot_variant_call_error*, Godot.NativeInterop.godot_variant*) (/root/godot/modules/mono/glue/GodotSharp/GodotSharp/Core/Bridge/CSharpInstanceBridge.cs:24)
