TBBmalloc: skip allocation functions replacement in ucrtbase.dll: unknown prologue for function _msize
Blender 4.1.1 (hash e1743a0317bc built 2024-04-15 23:33:30)
Read prefs: "C:\Users\99wil\AppData\Roaming\Blender Foundation\Blender\4.1\config\userpref.blend"
Fra:1 Mem:10.84M (Peak 10.84M) | Time:00:00.00 | Mem:0.00M, Peak:0.00M | Scene, ViewLayer | Synchronizing object | Trunk
Fra:1 Mem:10.84M (Peak 10.84M) | Time:00:00.00 | Mem:0.00M, Peak:0.00M | Scene, ViewLayer | Synchronizing object | Trunk.001
Fra:1 Mem:10.85M (Peak 10.85M) | Time:00:00.00 | Mem:0.00M, Peak:0.00M | Scene, ViewLayer | Synchronizing object | Plane
Fra:1 Mem:13.59M (Peak 14.75M) | Time:00:00.01 | Mem:0.00M, Peak:0.00M | Scene, ViewLayer | Initializing
Fra:1 Mem:13.56M (Peak 14.75M) | Time:00:00.01 | Mem:0.00M, Peak:0.00M | Scene, ViewLayer | Updating Images | Loading sculpted_tree_palette.001
Fra:1 Mem:13.56M (Peak 14.75M) | Time:00:00.01 | Mem:0.00M, Peak:0.00M | Scene, ViewLayer | Updating Images | Loading sculpted_tree_palette
Fra:1 Mem:13.26M (Peak 14.75M) | Time:00:00.01 | Mem:0.01M, Peak:0.01M | Scene, ViewLayer | Waiting for render to start
Fra:1 Mem:13.26M (Peak 14.75M) | Time:00:00.01 | Mem:0.01M, Peak:0.01M | Scene, ViewLayer | Loading render kernels (may take a few minutes the first time)
Fra:1 Mem:13.26M (Peak 14.75M) | Time:00:00.01 | Mem:0.01M, Peak:0.01M | Scene, ViewLayer | Updating Scene
Fra:1 Mem:13.26M (Peak 14.75M) | Time:00:00.01 | Mem:0.01M, Peak:0.01M | Scene, ViewLayer | Updating Shaders
Fra:1 Mem:13.34M (Peak 14.75M) | Time:00:00.01 | Mem:0.01M, Peak:0.01M | Scene, ViewLayer | Updating Procedurals
Fra:1 Mem:13.34M (Peak 14.75M) | Time:00:00.01 | Mem:0.01M, Peak:0.01M | Scene, ViewLayer | Updating Background
Fra:1 Mem:13.34M (Peak 14.75M) | Time:00:00.01 | Mem:0.01M, Peak:0.01M | Scene, ViewLayer | Updating Camera
Fra:1 Mem:13.34M (Peak 14.75M) | Time:00:00.01 | Mem:0.01M, Peak:0.01M | Scene, ViewLayer | Updating Meshes Flags
Fra:1 Mem:13.34M (Peak 14.75M) | Time:00:00.02 | Mem:0.01M, Peak:0.01M | Scene, ViewLayer | Updating Objects
Fra:1 Mem:13.34M (Peak 14.75M) | Time:00:00.02 | Mem:0.01M, Peak:0.01M | Scene, ViewLayer | Updating Objects | Copying Transformations to device
Fra:1 Mem:13.34M (Peak 14.75M) | Time:00:00.02 | Mem:0.01M, Peak:0.01M | Scene, ViewLayer | Updating Objects | Applying Static Transformations
Fra:1 Mem:13.34M (Peak 14.75M) | Time:00:00.02 | Mem:0.01M, Peak:0.01M | Scene, ViewLayer | Updating Particle Systems
Fra:1 Mem:13.34M (Peak 14.75M) | Time:00:00.02 | Mem:0.01M, Peak:0.01M | Scene, ViewLayer | Updating Particle Systems | Copying Particles to device
Fra:1 Mem:13.34M (Peak 14.75M) | Time:00:00.02 | Mem:0.01M, Peak:0.01M | Scene, ViewLayer | Updating Meshes
Fra:1 Mem:13.40M (Peak 14.75M) | Time:00:00.02 | Mem:0.01M, Peak:0.01M | Scene, ViewLayer | Updating Mesh | Computing attributes
Fra:1 Mem:13.61M (Peak 14.75M) | Time:00:00.02 | Mem:0.01M, Peak:0.01M | Scene, ViewLayer | Updating Mesh | Copying Attributes to device
Fra:1 Mem:13.61M (Peak 14.75M) | Time:00:00.02 | Mem:0.22M, Peak:0.22M | Scene, ViewLayer | Updating Scene BVH | Building
Fra:1 Mem:13.61M (Peak 14.75M) | Time:00:00.02 | Mem:0.22M, Peak:0.22M | Scene, ViewLayer | Updating Scene BVH | Building BVH
Fra:1 Mem:13.61M (Peak 14.75M) | Time:00:00.02 | Mem:0.33M, Peak:0.33M | Scene, ViewLayer | Updating Scene BVH | Building BVH 0%
Fra:1 Mem:13.61M (Peak 14.75M) | Time:00:00.02 | Mem:0.46M, Peak:0.58M | Scene, ViewLayer | Updating Scene BVH | Copying BVH to device
Fra:1 Mem:13.61M (Peak 14.75M) | Time:00:00.02 | Mem:0.46M, Peak:0.58M | Scene, ViewLayer | Updating Mesh | Computing normals
Fra:1 Mem:14.01M (Peak 14.75M) | Time:00:00.02 | Mem:0.46M, Peak:0.58M | Scene, ViewLayer | Updating Mesh | Copying Mesh to device
Fra:1 Mem:14.01M (Peak 14.75M) | Time:00:00.02 | Mem:0.86M, Peak:0.86M | Scene, ViewLayer | Updating Objects Flags
Fra:1 Mem:14.01M (Peak 14.75M) | Time:00:00.02 | Mem:0.86M, Peak:0.86M | Scene, ViewLayer | Updating Primitive Offsets
Fra:1 Mem:14.01M (Peak 14.75M) | Time:00:00.02 | Mem:0.86M, Peak:0.86M | Scene, ViewLayer | Updating Images
Fra:1 Mem:14.01M (Peak 14.75M) | Time:00:00.02 | Mem:0.86M, Peak:0.86M | Scene, ViewLayer | Updating Camera Volume
Fra:1 Mem:14.01M (Peak 14.75M) | Time:00:00.02 | Mem:0.86M, Peak:0.86M | Scene, ViewLayer | Updating Lookup Tables
Fra:1 Mem:14.01M (Peak 14.75M) | Time:00:00.02 | Mem:0.95M, Peak:0.95M | Scene, ViewLayer | Updating Lights
Fra:1 Mem:14.01M (Peak 14.75M) | Time:00:00.02 | Mem:0.95M, Peak:0.95M | Scene, ViewLayer | Updating Lights | Computing distribution
Fra:1 Mem:14.01M (Peak 14.75M) | Time:00:00.02 | Mem:0.95M, Peak:0.95M | Scene, ViewLayer | Updating Lights | Computing tree
Fra:1 Mem:14.01M (Peak 14.75M) | Time:00:00.02 | Mem:0.95M, Peak:0.95M | Scene, ViewLayer | Updating Integrator
Fra:1 Mem:15.01M (Peak 15.01M) | Time:00:00.02 | Mem:1.95M, Peak:1.95M | Scene, ViewLayer | Updating Film
Fra:1 Mem:15.02M (Peak 15.02M) | Time:00:00.02 | Mem:1.86M, Peak:1.95M | Scene, ViewLayer | Updating Lookup Tables
Fra:1 Mem:15.02M (Peak 15.02M) | Time:00:00.02 | Mem:1.95M, Peak:1.95M | Scene, ViewLayer | Updating Baking
Fra:1 Mem:15.02M (Peak 15.02M) | Time:00:00.02 | Mem:1.95M, Peak:1.95M | Scene, ViewLayer | Updating Device | Writing constant memory
Fra:1 Mem:15.02M (Peak 15.02M) | Time:00:00.02 | Mem:1.95M, Peak:1.95M | Scene, ViewLayer | Sample 0/16
Fra:1 Mem:115.24M (Peak 115.24M) | Time:00:01.71 | Remaining:00:25.34 | Mem:102.16M, Peak:102.16M | Scene, ViewLayer | Sample 1/16
Fra:1 Mem:157.43M (Peak 220.71M) | Time:00:34.37 | Mem:102.16M, Peak:102.16M | Scene, ViewLayer | Sample 16/16
Fra:1 Mem:157.43M (Peak 220.71M) | Time:00:34.37 | Mem:102.16M, Peak:102.16M | Scene, ViewLayer | Finished
Saved: 'C:\Projects\festival-tycoon\assets\source\environment\tree-sculpted-crown-v2\review\exported-trees-0.png'
Time: 00:34.87 (Saving: 00:00.48)

Fra:1 Mem:12.94M (Peak 12.94M) | Time:00:00.00 | Mem:0.00M, Peak:0.00M | Scene, ViewLayer | Synchronizing object | Trunk
Fra:1 Mem:12.95M (Peak 12.95M) | Time:00:00.00 | Mem:0.00M, Peak:0.00M | Scene, ViewLayer | Synchronizing object | Plane
Fra:1 Mem:13.59M (Peak 14.88M) | Time:00:00.01 | Mem:0.00M, Peak:0.00M | Scene, ViewLayer | Initializing
Fra:1 Mem:13.56M (Peak 14.88M) | Time:00:00.01 | Mem:0.00M, Peak:0.00M | Scene, ViewLayer | Updating Images | Loading sculpted_tree_palette.001
Fra:1 Mem:13.56M (Peak 14.88M) | Time:00:00.01 | Mem:0.00M, Peak:0.00M | Scene, ViewLayer | Updating Images | Loading sculpted_tree_palette
Fra:1 Mem:13.26M (Peak 14.88M) | Time:00:00.01 | Mem:0.01M, Peak:0.01M | Scene, ViewLayer | Waiting for render to start
Fra:1 Mem:13.26M (Peak 14.88M) | Time:00:00.01 | Mem:0.01M, Peak:0.01M | Scene, ViewLayer | Loading render kernels (may take a few minutes the first time)
Fra:1 Mem:13.26M (Peak 14.88M) | Time:00:00.01 | Mem:0.01M, Peak:0.01M | Scene, ViewLayer | Updating Scene
Fra:1 Mem:13.26M (Peak 14.88M) | Time:00:00.01 | Mem:0.01M, Peak:0.01M | Scene, ViewLayer | Updating Shaders
Fra:1 Mem:13.34M (Peak 14.88M) | Time:00:00.01 | Mem:0.01M, Peak:0.01M | Scene, ViewLayer | Updating Procedurals
Fra:1 Mem:13.34M (Peak 14.88M) | Time:00:00.01 | Mem:0.01M, Peak:0.01M | Scene, ViewLayer | Updating Background
Fra:1 Mem:13.34M (Peak 14.88M) | Time:00:00.01 | Mem:0.01M, Peak:0.01M | Scene, ViewLayer | Updating Camera
Fra:1 Mem:13.34M (Peak 14.88M) | Time:00:00.01 | Mem:0.01M, Peak:0.01M | Scene, ViewLayer | Updating Meshes Flags
Fra:1 Mem:13.34M (Peak 14.88M) | Time:00:00.01 | Mem:0.01M, Peak:0.01M | Scene, ViewLayer | Updating Objects
Fra:1 Mem:13.34M (Peak 14.88M) | Time:00:00.01 | Mem:0.01M, Peak:0.01M | Scene, ViewLayer | Updating Objects | Copying Transformations to device
Fra:1 Mem:13.34M (Peak 14.88M) | Time:00:00.01 | Mem:0.01M, Peak:0.01M | Scene, ViewLayer | Updating Objects | Applying Static Transformations
Fra:1 Mem:13.34M (Peak 14.88M) | Time:00:00.01 | Mem:0.01M, Peak:0.01M | Scene, ViewLayer | Updating Particle Systems
Fra:1 Mem:13.34M (Peak 14.88M) | Time:00:00.01 | Mem:0.01M, Peak:0.01M | Scene, ViewLayer | Updating Particle Systems | Copying Particles to device
Fra:1 Mem:13.34M (Peak 14.88M) | Time:00:00.01 | Mem:0.01M, Peak:0.01M | Scene, ViewLayer | Updating Meshes
Fra:1 Mem:13.40M (Peak 14.88M) | Time:00:00.01 | Mem:0.01M, Peak:0.01M | Scene, ViewLayer | Updating Mesh | Computing attributes
Fra:1 Mem:13.61M (Peak 14.88M) | Time:00:00.01 | Mem:0.01M, Peak:0.01M | Scene, ViewLayer | Updating Mesh | Copying Attributes to device
Fra:1 Mem:13.61M (Peak 14.88M) | Time:00:00.01 | Mem:0.22M, Peak:0.22M | Scene, ViewLayer | Updating Scene BVH | Building
Fra:1 Mem:13.61M (Peak 14.88M) | Time:00:00.01 | Mem:0.22M, Peak:0.22M | Scene, ViewLayer | Updating Scene BVH | Building BVH
Fra:1 Mem:13.61M (Peak 14.88M) | Time:00:00.01 | Mem:0.33M, Peak:0.33M | Scene, ViewLayer | Updating Scene BVH | Building BVH 0%
Fra:1 Mem:13.61M (Peak 14.88M) | Time:00:00.01 | Mem:0.46M, Peak:0.58M | Scene, ViewLayer | Updating Scene BVH | Copying BVH to device
Fra:1 Mem:13.61M (Peak 14.88M) | Time:00:00.01 | Mem:0.46M, Peak:0.58M | Scene, ViewLayer | Updating Mesh | Computing normals
Fra:1 Mem:14.01M (Peak 14.88M) | Time:00:00.01 | Mem:0.46M, Peak:0.58M | Scene, ViewLayer | Updating Mesh | Copying Mesh to device
Fra:1 Mem:14.01M (Peak 14.88M) | Time:00:00.01 | Mem:0.86M, Peak:0.86M | Scene, ViewLayer | Updating Objects Flags
Fra:1 Mem:14.01M (Peak 14.88M) | Time:00:00.01 | Mem:0.86M, Peak:0.86M | Scene, ViewLayer | Updating Primitive Offsets
Fra:1 Mem:14.01M (Peak 14.88M) | Time:00:00.01 | Mem:0.86M, Peak:0.86M | Scene, ViewLayer | Updating Images
Fra:1 Mem:14.01M (Peak 14.88M) | Time:00:00.01 | Mem:0.86M, Peak:0.86M | Scene, ViewLayer | Updating Camera Volume
Fra:1 Mem:14.01M (Peak 14.88M) | Time:00:00.01 | Mem:0.86M, Peak:0.86M | Scene, ViewLayer | Updating Lookup Tables
Fra:1 Mem:14.01M (Peak 14.88M) | Time:00:00.01 | Mem:0.95M, Peak:0.95M | Scene, ViewLayer | Updating Lights
Fra:1 Mem:14.01M (Peak 14.88M) | Time:00:00.01 | Mem:0.95M, Peak:0.95M | Scene, ViewLayer | Updating Lights | Computing distribution
Fra:1 Mem:14.01M (Peak 14.88M) | Time:00:00.01 | Mem:0.95M, Peak:0.95M | Scene, ViewLayer | Updating Lights | Computing tree
Fra:1 Mem:14.01M (Peak 14.88M) | Time:00:00.01 | Mem:0.95M, Peak:0.95M | Scene, ViewLayer | Updating Integrator
Fra:1 Mem:15.01M (Peak 15.01M) | Time:00:00.01 | Mem:1.95M, Peak:1.95M | Scene, ViewLayer | Updating Film
Fra:1 Mem:15.02M (Peak 15.02M) | Time:00:00.01 | Mem:1.86M, Peak:1.95M | Scene, ViewLayer | Updating Lookup Tables
Fra:1 Mem:15.02M (Peak 15.02M) | Time:00:00.01 | Mem:1.95M, Peak:1.95M | Scene, ViewLayer | Updating Baking
Fra:1 Mem:15.02M (Peak 15.02M) | Time:00:00.01 | Mem:1.95M, Peak:1.95M | Scene, ViewLayer | Updating Device | Writing constant memory
Fra:1 Mem:15.02M (Peak 15.02M) | Time:00:00.01 | Mem:1.95M, Peak:1.95M | Scene, ViewLayer | Sample 0/16
Fra:1 Mem:115.24M (Peak 115.24M) | Time:00:01.55 | Remaining:00:23.06 | Mem:102.16M, Peak:102.16M | Scene, ViewLayer | Sample 1/16
Fra:1 Mem:157.43M (Peak 220.71M) | Time:00:32.02 | Mem:102.16M, Peak:102.16M | Scene, ViewLayer | Sample 16/16
Fra:1 Mem:157.43M (Peak 220.71M) | Time:00:32.02 | Mem:102.16M, Peak:102.16M | Scene, ViewLayer | Finished
Saved: 'C:\Projects\festival-tycoon\assets\source\environment\tree-sculpted-crown-v2\review\exported-trees-1.png'
Time: 00:32.47 (Saving: 00:00.44)

Fra:1 Mem:12.94M (Peak 12.94M) | Time:00:00.00 | Mem:0.00M, Peak:0.00M | Scene, ViewLayer | Synchronizing object | Trunk
Fra:1 Mem:12.95M (Peak 12.95M) | Time:00:00.00 | Mem:0.00M, Peak:0.00M | Scene, ViewLayer | Synchronizing object | Plane
Fra:1 Mem:13.59M (Peak 14.79M) | Time:00:00.00 | Mem:0.00M, Peak:0.00M | Scene, ViewLayer | Initializing
Fra:1 Mem:13.56M (Peak 14.79M) | Time:00:00.00 | Mem:0.00M, Peak:0.00M | Scene, ViewLayer | Updating Images | Loading sculpted_tree_palette.001
Fra:1 Mem:13.56M (Peak 14.79M) | Time:00:00.00 | Mem:0.00M, Peak:0.00M | Scene, ViewLayer | Updating Images | Loading sculpted_tree_palette
Fra:1 Mem:13.26M (Peak 14.79M) | Time:00:00.00 | Mem:0.01M, Peak:0.01M | Scene, ViewLayer | Waiting for render to start
Fra:1 Mem:13.26M (Peak 14.79M) | Time:00:00.00 | Mem:0.01M, Peak:0.01M | Scene, ViewLayer | Loading render kernels (may take a few minutes the first time)
Fra:1 Mem:13.26M (Peak 14.79M) | Time:00:00.00 | Mem:0.01M, Peak:0.01M | Scene, ViewLayer | Updating Scene
Fra:1 Mem:13.26M (Peak 14.79M) | Time:00:00.00 | Mem:0.01M, Peak:0.01M | Scene, ViewLayer | Updating Shaders
Fra:1 Mem:13.34M (Peak 14.79M) | Time:00:00.01 | Mem:0.01M, Peak:0.01M | Scene, ViewLayer | Updating Procedurals
Fra:1 Mem:13.34M (Peak 14.79M) | Time:00:00.01 | Mem:0.01M, Peak:0.01M | Scene, ViewLayer | Updating Background
Fra:1 Mem:13.34M (Peak 14.79M) | Time:00:00.01 | Mem:0.01M, Peak:0.01M | Scene, ViewLayer | Updating Camera
Fra:1 Mem:13.34M (Peak 14.79M) | Time:00:00.01 | Mem:0.01M, Peak:0.01M | Scene, ViewLayer | Updating Meshes Flags
Fra:1 Mem:13.34M (Peak 14.79M) | Time:00:00.01 | Mem:0.01M, Peak:0.01M | Scene, ViewLayer | Updating Objects
Fra:1 Mem:13.34M (Peak 14.79M) | Time:00:00.01 | Mem:0.01M, Peak:0.01M | Scene, ViewLayer | Updating Objects | Copying Transformations to device
Fra:1 Mem:13.34M (Peak 14.79M) | Time:00:00.01 | Mem:0.01M, Peak:0.01M | Scene, ViewLayer | Updating Objects | Applying Static Transformations
Fra:1 Mem:13.34M (Peak 14.79M) | Time:00:00.01 | Mem:0.01M, Peak:0.01M | Scene, ViewLayer | Updating Particle Systems
Fra:1 Mem:13.34M (Peak 14.79M) | Time:00:00.01 | Mem:0.01M, Peak:0.01M | Scene, ViewLayer | Updating Particle Systems | Copying Particles to device
Fra:1 Mem:13.34M (Peak 14.79M) | Time:00:00.01 | Mem:0.01M, Peak:0.01M | Scene, ViewLayer | Updating Meshes
Fra:1 Mem:13.40M (Peak 14.79M) | Time:00:00.01 | Mem:0.01M, Peak:0.01M | Scene, ViewLayer | Updating Mesh | Computing attributes
Fra:1 Mem:13.61M (Peak 14.79M) | Time:00:00.01 | Mem:0.01M, Peak:0.01M | Scene, ViewLayer | Updating Mesh | Copying Attributes to device
Fra:1 Mem:13.61M (Peak 14.79M) | Time:00:00.01 | Mem:0.22M, Peak:0.22M | Scene, ViewLayer | Updating Scene BVH | Building
Fra:1 Mem:13.61M (Peak 14.79M) | Time:00:00.01 | Mem:0.22M, Peak:0.22M | Scene, ViewLayer | Updating Scene BVH | Building BVH
Fra:1 Mem:13.61M (Peak 14.79M) | Time:00:00.01 | Mem:0.33M, Peak:0.33M | Scene, ViewLayer | Updating Scene BVH | Building BVH 0%
Fra:1 Mem:13.61M (Peak 14.79M) | Time:00:00.01 | Mem:0.46M, Peak:0.58M | Scene, ViewLayer | Updating Scene BVH | Copying BVH to device
Fra:1 Mem:13.61M (Peak 14.79M) | Time:00:00.01 | Mem:0.46M, Peak:0.58M | Scene, ViewLayer | Updating Mesh | Computing normals
Fra:1 Mem:14.01M (Peak 14.79M) | Time:00:00.01 | Mem:0.46M, Peak:0.58M | Scene, ViewLayer | Updating Mesh | Copying Mesh to device
Fra:1 Mem:14.01M (Peak 14.79M) | Time:00:00.01 | Mem:0.86M, Peak:0.86M | Scene, ViewLayer | Updating Objects Flags
Fra:1 Mem:14.01M (Peak 14.79M) | Time:00:00.01 | Mem:0.86M, Peak:0.86M | Scene, ViewLayer | Updating Primitive Offsets
Fra:1 Mem:14.01M (Peak 14.79M) | Time:00:00.01 | Mem:0.86M, Peak:0.86M | Scene, ViewLayer | Updating Images
Fra:1 Mem:14.01M (Peak 14.79M) | Time:00:00.01 | Mem:0.86M, Peak:0.86M | Scene, ViewLayer | Updating Camera Volume
Fra:1 Mem:14.01M (Peak 14.79M) | Time:00:00.01 | Mem:0.86M, Peak:0.86M | Scene, ViewLayer | Updating Lookup Tables
Fra:1 Mem:14.01M (Peak 14.79M) | Time:00:00.01 | Mem:0.95M, Peak:0.95M | Scene, ViewLayer | Updating Lights
Fra:1 Mem:14.01M (Peak 14.79M) | Time:00:00.01 | Mem:0.95M, Peak:0.95M | Scene, ViewLayer | Updating Lights | Computing distribution
Fra:1 Mem:14.01M (Peak 14.79M) | Time:00:00.01 | Mem:0.95M, Peak:0.95M | Scene, ViewLayer | Updating Lights | Computing tree
Fra:1 Mem:14.01M (Peak 14.79M) | Time:00:00.01 | Mem:0.95M, Peak:0.95M | Scene, ViewLayer | Updating Integrator
Fra:1 Mem:15.01M (Peak 15.01M) | Time:00:00.01 | Mem:1.95M, Peak:1.95M | Scene, ViewLayer | Updating Film
Fra:1 Mem:15.02M (Peak 15.02M) | Time:00:00.01 | Mem:1.86M, Peak:1.95M | Scene, ViewLayer | Updating Lookup Tables
Fra:1 Mem:15.02M (Peak 15.02M) | Time:00:00.01 | Mem:1.95M, Peak:1.95M | Scene, ViewLayer | Updating Baking
Fra:1 Mem:15.02M (Peak 15.02M) | Time:00:00.01 | Mem:1.95M, Peak:1.95M | Scene, ViewLayer | Updating Device | Writing constant memory
Fra:1 Mem:15.02M (Peak 15.02M) | Time:00:00.01 | Mem:1.95M, Peak:1.95M | Scene, ViewLayer | Sample 0/16
Fra:1 Mem:115.24M (Peak 115.24M) | Time:00:01.59 | Remaining:00:23.63 | Mem:102.16M, Peak:102.16M | Scene, ViewLayer | Sample 1/16
Fra:1 Mem:157.43M (Peak 220.71M) | Time:00:31.03 | Mem:102.16M, Peak:102.16M | Scene, ViewLayer | Sample 16/16
Fra:1 Mem:157.43M (Peak 220.71M) | Time:00:31.03 | Mem:102.16M, Peak:102.16M | Scene, ViewLayer | Finished
Saved: 'C:\Projects\festival-tycoon\assets\source\environment\tree-sculpted-crown-v2\review\exported-trees-2.png'
Time: 00:31.40 (Saving: 00:00.36)

Fra:1 Mem:12.94M (Peak 12.94M) | Time:00:00.00 | Mem:0.00M, Peak:0.00M | Scene, ViewLayer | Synchronizing object | Trunk
Fra:1 Mem:12.95M (Peak 12.95M) | Time:00:00.00 | Mem:0.00M, Peak:0.00M | Scene, ViewLayer | Synchronizing object | Plane
Fra:1 Mem:13.59M (Peak 14.83M) | Time:00:00.00 | Mem:0.00M, Peak:0.00M | Scene, ViewLayer | Initializing
Fra:1 Mem:13.56M (Peak 14.83M) | Time:00:00.00 | Mem:0.00M, Peak:0.00M | Scene, ViewLayer | Updating Images | Loading sculpted_tree_palette.001
Fra:1 Mem:13.58M (Peak 14.83M) | Time:00:00.00 | Mem:0.00M, Peak:0.00M | Scene, ViewLayer | Updating Images | Loading sculpted_tree_palette
Fra:1 Mem:13.26M (Peak 14.83M) | Time:00:00.00 | Mem:0.01M, Peak:0.01M | Scene, ViewLayer | Waiting for render to start
Fra:1 Mem:13.26M (Peak 14.83M) | Time:00:00.00 | Mem:0.01M, Peak:0.01M | Scene, ViewLayer | Loading render kernels (may take a few minutes the first time)
Fra:1 Mem:13.26M (Peak 14.83M) | Time:00:00.00 | Mem:0.01M, Peak:0.01M | Scene, ViewLayer | Updating Scene
Fra:1 Mem:13.26M (Peak 14.83M) | Time:00:00.00 | Mem:0.01M, Peak:0.01M | Scene, ViewLayer | Updating Shaders
Fra:1 Mem:13.34M (Peak 14.83M) | Time:00:00.00 | Mem:0.01M, Peak:0.01M | Scene, ViewLayer | Updating Procedurals
Fra:1 Mem:13.34M (Peak 14.83M) | Time:00:00.00 | Mem:0.01M, Peak:0.01M | Scene, ViewLayer | Updating Background
Fra:1 Mem:13.34M (Peak 14.83M) | Time:00:00.00 | Mem:0.01M, Peak:0.01M | Scene, ViewLayer | Updating Camera
Fra:1 Mem:13.34M (Peak 14.83M) | Time:00:00.00 | Mem:0.01M, Peak:0.01M | Scene, ViewLayer | Updating Meshes Flags
Fra:1 Mem:13.34M (Peak 14.83M) | Time:00:00.00 | Mem:0.01M, Peak:0.01M | Scene, ViewLayer | Updating Objects
Fra:1 Mem:13.34M (Peak 14.83M) | Time:00:00.00 | Mem:0.01M, Peak:0.01M | Scene, ViewLayer | Updating Objects | Copying Transformations to device
Fra:1 Mem:13.34M (Peak 14.83M) | Time:00:00.00 | Mem:0.01M, Peak:0.01M | Scene, ViewLayer | Updating Objects | Applying Static Transformations
Fra:1 Mem:13.34M (Peak 14.83M) | Time:00:00.00 | Mem:0.01M, Peak:0.01M | Scene, ViewLayer | Updating Particle Systems
Fra:1 Mem:13.34M (Peak 14.83M) | Time:00:00.00 | Mem:0.01M, Peak:0.01M | Scene, ViewLayer | Updating Particle Systems | Copying Particles to device
Fra:1 Mem:13.34M (Peak 14.83M) | Time:00:00.00 | Mem:0.01M, Peak:0.01M | Scene, ViewLayer | Updating Meshes
Fra:1 Mem:13.40M (Peak 14.83M) | Time:00:00.00 | Mem:0.01M, Peak:0.01M | Scene, ViewLayer | Updating Mesh | Computing attributes
Fra:1 Mem:13.61M (Peak 14.83M) | Time:00:00.00 | Mem:0.01M, Peak:0.01M | Scene, ViewLayer | Updating Mesh | Copying Attributes to device
Fra:1 Mem:13.61M (Peak 14.83M) | Time:00:00.00 | Mem:0.22M, Peak:0.22M | Scene, ViewLayer | Updating Scene BVH | Building
Fra:1 Mem:13.61M (Peak 14.83M) | Time:00:00.00 | Mem:0.22M, Peak:0.22M | Scene, ViewLayer | Updating Scene BVH | Building BVH
Fra:1 Mem:13.61M (Peak 14.83M) | Time:00:00.00 | Mem:0.33M, Peak:0.33M | Scene, ViewLayer | Updating Scene BVH | Building BVH 0%
Fra:1 Mem:13.61M (Peak 14.83M) | Time:00:00.01 | Mem:0.46M, Peak:0.58M | Scene, ViewLayer | Updating Scene BVH | Copying BVH to device
Fra:1 Mem:13.61M (Peak 14.83M) | Time:00:00.01 | Mem:0.46M, Peak:0.58M | Scene, ViewLayer | Updating Mesh | Computing normals
Fra:1 Mem:14.01M (Peak 14.83M) | Time:00:00.01 | Mem:0.46M, Peak:0.58M | Scene, ViewLayer | Updating Mesh | Copying Mesh to device
Fra:1 Mem:14.01M (Peak 14.83M) | Time:00:00.01 | Mem:0.86M, Peak:0.86M | Scene, ViewLayer | Updating Objects Flags
Fra:1 Mem:14.01M (Peak 14.83M) | Time:00:00.01 | Mem:0.86M, Peak:0.86M | Scene, ViewLayer | Updating Primitive Offsets
Fra:1 Mem:14.01M (Peak 14.83M) | Time:00:00.01 | Mem:0.86M, Peak:0.86M | Scene, ViewLayer | Updating Images
Fra:1 Mem:14.01M (Peak 14.83M) | Time:00:00.01 | Mem:0.86M, Peak:0.86M | Scene, ViewLayer | Updating Camera Volume
Fra:1 Mem:14.01M (Peak 14.83M) | Time:00:00.01 | Mem:0.86M, Peak:0.86M | Scene, ViewLayer | Updating Lookup Tables
Fra:1 Mem:14.01M (Peak 14.83M) | Time:00:00.01 | Mem:0.95M, Peak:0.95M | Scene, ViewLayer | Updating Lights
Fra:1 Mem:14.01M (Peak 14.83M) | Time:00:00.01 | Mem:0.95M, Peak:0.95M | Scene, ViewLayer | Updating Lights | Computing distribution
Fra:1 Mem:14.01M (Peak 14.83M) | Time:00:00.01 | Mem:0.95M, Peak:0.95M | Scene, ViewLayer | Updating Lights | Computing tree
Fra:1 Mem:14.01M (Peak 14.83M) | Time:00:00.01 | Mem:0.95M, Peak:0.95M | Scene, ViewLayer | Updating Integrator
Fra:1 Mem:15.01M (Peak 15.01M) | Time:00:00.01 | Mem:1.95M, Peak:1.95M | Scene, ViewLayer | Updating Film
Fra:1 Mem:15.02M (Peak 15.02M) | Time:00:00.01 | Mem:1.86M, Peak:1.95M | Scene, ViewLayer | Updating Lookup Tables
Fra:1 Mem:15.02M (Peak 15.02M) | Time:00:00.01 | Mem:1.95M, Peak:1.95M | Scene, ViewLayer | Updating Baking
Fra:1 Mem:15.02M (Peak 15.02M) | Time:00:00.01 | Mem:1.95M, Peak:1.95M | Scene, ViewLayer | Updating Device | Writing constant memory
Fra:1 Mem:15.02M (Peak 15.02M) | Time:00:00.01 | Mem:1.95M, Peak:1.95M | Scene, ViewLayer | Sample 0/16
Fra:1 Mem:115.24M (Peak 115.24M) | Time:00:01.46 | Remaining:00:21.76 | Mem:102.16M, Peak:102.16M | Scene, ViewLayer | Sample 1/16
Fra:1 Mem:157.43M (Peak 220.71M) | Time:00:37.82 | Mem:102.16M, Peak:102.16M | Scene, ViewLayer | Sample 16/16
Fra:1 Mem:157.43M (Peak 220.71M) | Time:00:37.82 | Mem:102.16M, Peak:102.16M | Scene, ViewLayer | Finished
Saved: 'C:\Projects\festival-tycoon\assets\source\environment\tree-sculpted-crown-v2\review\exported-trees-3.png'
Time: 00:38.31 (Saving: 00:00.47)

Data are loaded, start creating Blender stuff
glTF import finished in 0.03s
Data are loaded, start creating Blender stuff
glTF import finished in 0.04s

Blender quit
