Godot Engine v4.7.2.stable.mono.official.ed1daf0bf - https://godotengine.org
OpenGL API 3.3.0 NVIDIA 596.08 - Compatibility - Using Device: NVIDIA - NVIDIA GeForce RTX 3050 Ti Laptop GPU

FESTIVAL_TYCOON_LAUNCHED build=0.0.1-m0.01 godot=4.7.2-stable (official)
FARM_SCENE_READY scenario=scenario.lower-wittering-farm objects=6 hash=38148ffe225dee1d65e755ee93946e63fe2c687d953ced2a0c58e9b279b1f8a5
INCIDENT_AUDIO_READY ambient=True explosion=True female=True male=True mode=cc0-integrated
FARM_SELECTION_CLEARED
FARM_SELECTION_CLEARED
ORGANIC_QUEUE_IMAGE route=water-after-varied kind=short-overview tick=1860 actual_members=11 settled=5 in_transit=6 distances=3:0mm:Arrived;14:0mm:Arrived;9:0mm:Arrived;5:324mm:Arrived;10:0mm:Arrived;21:0mm:Arrived;4:400mm:Travelling;6:185mm:Travelling;19:896mm:Travelling;13:380mm:Travelling;20:941mm:Travelling fifo=3,14,9,5,10,21,4,6,19,13,20 cells=95,125;95,127;94,129;94,132;94,134;94,136;95,138;97,138;99,138;101,138;103,138;105,138 physical=3:-16250,-1250:Arrived;14:-16250,-250:Arrived;9:-16750,750:Arrived;5:-16541,2003:Arrived;10:-16750,3250:Arrived;21:-16750,4250:Arrived;4:-16141,4865:Travelling;6:-15065,5250:Travelling;19:-15087,4930:Travelling;13:-13630,5250:Travelling;20:-13126,5595:Travelling
FARM_SELECTION_CLEARED
ORGANIC_QUEUE_IMAGE route=water-after-varied kind=short-detail tick=1860 actual_members=11 settled=5 in_transit=6 distances=3:0mm:Arrived;14:0mm:Arrived;9:0mm:Arrived;5:324mm:Arrived;10:0mm:Arrived;21:0mm:Arrived;4:400mm:Travelling;6:185mm:Travelling;19:896mm:Travelling;13:380mm:Travelling;20:941mm:Travelling fifo=3,14,9,5,10,21,4,6,19,13,20 cells=95,125;95,127;94,129;94,132;94,134;94,136;95,138;97,138;99,138;101,138;103,138;105,138 physical=3:-16250,-1250:Arrived;14:-16250,-250:Arrived;9:-16750,750:Arrived;5:-16541,2003:Arrived;10:-16750,3250:Arrived;21:-16750,4250:Arrived;4:-16141,4865:Travelling;6:-15065,5250:Travelling;19:-15087,4930:Travelling;13:-13630,5250:Travelling;20:-13126,5595:Travelling
FARM_SELECTION_CLEARED
FARM_SELECTION_CLEARED
FARM_SELECTION_CLEARED
ORGANIC_QUEUE_IMAGE route=water-after-varied kind=longest-observed-overview tick=1900 actual_members=11 settled=10 in_transit=1 distances=3:0mm:Arrived;14:0mm:Arrived;9:0mm:Arrived;5:324mm:Arrived;10:0mm:Arrived;21:0mm:Arrived;4:0mm:Arrived;6:0mm:Arrived;19:0mm:Arrived;13:0mm:Arrived;20:0mm:Arrived fifo=3,14,9,5,10,21,4,6,19,13,20 cells=95,125;95,127;94,129;94,132;94,134;94,136;95,138;97,138;99,138;101,138;103,138;105,138 physical=3:-16250,-1250:Arrived;14:-16250,-250:Arrived;9:-16750,750:Arrived;5:-16541,2003:Arrived;10:-16750,3250:Arrived;21:-16750,4250:Arrived;4:-16250,5250:Arrived;6:-15250,5250:Arrived;19:-14250,5250:Arrived;13:-13250,5250:Arrived;20:-12250,5250:Arrived
FARM_SELECTION_CLEARED
ORGANIC_QUEUE_IMAGE route=water-after-varied kind=longest-observed-detail tick=1900 actual_members=11 settled=10 in_transit=1 distances=3:0mm:Arrived;14:0mm:Arrived;9:0mm:Arrived;5:324mm:Arrived;10:0mm:Arrived;21:0mm:Arrived;4:0mm:Arrived;6:0mm:Arrived;19:0mm:Arrived;13:0mm:Arrived;20:0mm:Arrived fifo=3,14,9,5,10,21,4,6,19,13,20 cells=95,125;95,127;94,129;94,132;94,134;94,136;95,138;97,138;99,138;101,138;103,138;105,138 physical=3:-16250,-1250:Arrived;14:-16250,-250:Arrived;9:-16750,750:Arrived;5:-16541,2003:Arrived;10:-16750,3250:Arrived;21:-16750,4250:Arrived;4:-16250,5250:Arrived;6:-15250,5250:Arrived;19:-14250,5250:Arrived;13:-13250,5250:Arrived;20:-12250,5250:Arrived
FARM_SELECTION_CLEARED
ORGANIC_QUEUE_IMAGE route=water-after-varied kind=reloaded-stable tick=1900 actual_members=11 settled=10 in_transit=1 distances=3:0mm:Arrived;14:0mm:Arrived;9:0mm:Arrived;5:324mm:Arrived;10:0mm:Arrived;21:0mm:Arrived;4:0mm:Arrived;6:0mm:Arrived;19:0mm:Arrived;13:0mm:Arrived;20:0mm:Arrived fifo=3,14,9,5,10,21,4,6,19,13,20 cells=95,125;95,127;94,129;94,132;94,134;94,136;95,138;97,138;99,138;101,138;103,138;105,138 physical=3:-16250,-1250:Arrived;14:-16250,-250:Arrived;9:-16750,750:Arrived;5:-16541,2003:Arrived;10:-16750,3250:Arrived;21:-16750,4250:Arrived;4:-16250,5250:Arrived;6:-15250,5250:Arrived;19:-14250,5250:Arrived;13:-13250,5250:Arrived;20:-12250,5250:Arrived
ORGANIC_QUEUE_IMAGE route=water-after-varied kind=advanced-fifo tick=2300 actual_members=19 settled=1 in_transit=18 distances=14:138mm:Travelling;9:524mm:Travelling;5:541mm:Travelling;10:288mm:Travelling;21:138mm:Travelling;4:458mm:Travelling;6:175mm:Travelling;19:213mm:Travelling;13:175mm:Travelling;20:175mm:Travelling;12:213mm:Travelling;22:363mm:Travelling;18:250mm:Travelling;17:288mm:Travelling;7:138mm:Travelling;11:250mm:Travelling;15:363mm:Travelling;8:482mm:Travelling;16:0mm:Arrived fifo=14,9,5,10,21,4,6,19,13,20,12,22,18,17,7,11,15,8,16 cells=95,125;95,127;94,129;94,132;94,134;94,136;95,138;97,138;99,138;101,138;103,138;105,138;107,138;109,138;111,138;113,138;115,138;117,138;119,138;121,138 physical=14:-16250,-1112:Travelling;9:-16273,273:Travelling;5:-16750,1291:Travelling;10:-16750,2538:Travelling;21:-16750,3388:Travelling;4:-16750,4708:Travelling;6:-16075,5250:Travelling;19:-15037,5250:Travelling;13:-14075,5250:Travelling;20:-13075,5250:Travelling;12:-12037,5250:Travelling;22:-10887,5250:Travelling;18:-10000,5250:Travelling;17:-8962,5250:Travelling;7:-8112,5250:Travelling;11:-7000,5250:Travelling;15:-5887,5250:Travelling;8:-4768,5250:Travelling;16:-4250,5250:Arrived
ORGANIC_QUEUE_ROUTE_COMPLETE route=water-after-varied maximum_claimed=11 long_image_members=11 long_image_settled=10 target_depth_reached=True reload=True pause_stable=True advanced=True positions_injected=False
FARM_SELECTION_CLEARED
FARM_SELECTION_CLEARED
ORGANIC_QUEUE_IMAGE route=food-before-legacy-reference kind=short-overview tick=2500 actual_members=8 settled=5 in_transit=3 distances=7:0mm:Arrived;10:0mm:Arrived;12:0mm:Arrived;6:0mm:Arrived;8:0mm:Arrived;11:276mm:Travelling;9:1152mm:Travelling;5:929mm:Travelling fifo=7,10,12,6,8,11,9,5 cells=144,123;144,125;144,127;144,129;144,131;144,133;144,135;144,137;144,139;144,141 physical=7:8250,-2250:Arrived;10:8250,-1250:Arrived;12:8250,-250:Arrived;6:8250,750:Arrived;8:8250,1750:Arrived;11:8250,3026:Travelling;9:8250,4902:Travelling;5:8250,5679:Travelling
FARM_SELECTION_CLEARED
ORGANIC_QUEUE_IMAGE route=food-before-legacy-reference kind=short-detail tick=2500 actual_members=8 settled=5 in_transit=3 distances=7:0mm:Arrived;10:0mm:Arrived;12:0mm:Arrived;6:0mm:Arrived;8:0mm:Arrived;11:276mm:Travelling;9:1152mm:Travelling;5:929mm:Travelling fifo=7,10,12,6,8,11,9,5 cells=144,123;144,125;144,127;144,129;144,131;144,133;144,135;144,137;144,139;144,141 physical=7:8250,-2250:Arrived;10:8250,-1250:Arrived;12:8250,-250:Arrived;6:8250,750:Arrived;8:8250,1750:Arrived;11:8250,3026:Travelling;9:8250,4902:Travelling;5:8250,5679:Travelling
FARM_SELECTION_CLEARED
FARM_SELECTION_CLEARED
FARM_SELECTION_CLEARED
ORGANIC_QUEUE_IMAGE route=food-before-legacy-reference kind=longest-observed-overview tick=2500 actual_members=8 settled=5 in_transit=3 distances=7:0mm:Arrived;10:0mm:Arrived;12:0mm:Arrived;6:0mm:Arrived;8:0mm:Arrived;11:276mm:Travelling;9:1152mm:Travelling;5:929mm:Travelling fifo=7,10,12,6,8,11,9,5 cells=144,123;144,125;144,127;144,129;144,131;144,133;144,135;144,137;144,139;144,141 physical=7:8250,-2250:Arrived;10:8250,-1250:Arrived;12:8250,-250:Arrived;6:8250,750:Arrived;8:8250,1750:Arrived;11:8250,3026:Travelling;9:8250,4902:Travelling;5:8250,5679:Travelling
FARM_SELECTION_CLEARED
ORGANIC_QUEUE_IMAGE route=food-before-legacy-reference kind=longest-observed-detail tick=2500 actual_members=8 settled=5 in_transit=3 distances=7:0mm:Arrived;10:0mm:Arrived;12:0mm:Arrived;6:0mm:Arrived;8:0mm:Arrived;11:276mm:Travelling;9:1152mm:Travelling;5:929mm:Travelling fifo=7,10,12,6,8,11,9,5 cells=144,123;144,125;144,127;144,129;144,131;144,133;144,135;144,137;144,139;144,141 physical=7:8250,-2250:Arrived;10:8250,-1250:Arrived;12:8250,-250:Arrived;6:8250,750:Arrived;8:8250,1750:Arrived;11:8250,3026:Travelling;9:8250,4902:Travelling;5:8250,5679:Travelling
FARM_SELECTION_CLEARED
ORGANIC_QUEUE_IMAGE route=food-before-legacy-reference kind=reloaded-stable tick=2500 actual_members=8 settled=5 in_transit=3 distances=7:0mm:Arrived;10:0mm:Arrived;12:0mm:Arrived;6:0mm:Arrived;8:0mm:Arrived;11:276mm:Travelling;9:1152mm:Travelling;5:929mm:Travelling fifo=7,10,12,6,8,11,9,5 cells=144,123;144,125;144,127;144,129;144,131;144,133;144,135;144,137;144,139;144,141 physical=7:8250,-2250:Arrived;10:8250,-1250:Arrived;12:8250,-250:Arrived;6:8250,750:Arrived;8:8250,1750:Arrived;11:8250,3026:Travelling;9:8250,4902:Travelling;5:8250,5679:Travelling
ORGANIC_QUEUE_IMAGE route=food-before-legacy-reference kind=advanced-fifo tick=2900 actual_members=9 settled=9 in_transit=0 distances=10:0mm:Arrived;12:0mm:Arrived;6:0mm:Arrived;8:0mm:Arrived;11:0mm:Arrived;9:0mm:Arrived;5:0mm:Arrived;3:0mm:Arrived;4:0mm:Arrived fifo=10,12,6,8,11,9,5,3,4 cells=144,123;144,125;144,127;144,129;144,131;144,133;144,135;144,137;144,139;144,141 physical=10:8250,-2250:Arrived;12:8250,-1250:Arrived;6:8250,-250:Arrived;8:8250,750:Arrived;11:8250,1750:Arrived;9:8250,2750:Arrived;5:8250,3750:Arrived;3:8250,4750:Arrived;4:8250,5750:Arrived
ORGANIC_QUEUE_ROUTE_COMPLETE route=food-before-legacy-reference maximum_claimed=8 long_image_members=8 long_image_settled=5 target_depth_reached=True reload=True pause_stable=True advanced=True positions_injected=False
FARM_SELECTION_CLEARED
FARM_SELECTION_CLEARED
ORGANIC_QUEUE_IMAGE route=food-after-varied kind=short-overview tick=2420 actual_members=8 settled=3 in_transit=5 distances=7:0mm:Arrived;10:1386mm:Travelling;12:2631mm:Travelling;6:0mm:Arrived;5:0mm:Arrived;11:2708mm:Travelling;8:2126mm:Travelling;9:1946mm:Travelling fifo=7,10,12,6,5,11,8,9 cells=144,123;144,125;144,128;143,130;143,132;143,134;143,136;144,139;144,141;144,143 physical=7:8250,-2250:Arrived;10:8250,136:Travelling;12:7963,2865:Travelling;6:7750,1250:Arrived;5:7750,2250:Arrived;11:7750,5958:Travelling;8:7872,6372:Travelling;9:8250,7696:Travelling
FARM_SELECTION_CLEARED
ORGANIC_QUEUE_IMAGE route=food-after-varied kind=short-detail tick=2420 actual_members=8 settled=3 in_transit=5 distances=7:0mm:Arrived;10:1386mm:Travelling;12:2631mm:Travelling;6:0mm:Arrived;5:0mm:Arrived;11:2708mm:Travelling;8:2126mm:Travelling;9:1946mm:Travelling fifo=7,10,12,6,5,11,8,9 cells=144,123;144,125;144,128;143,130;143,132;143,134;143,136;144,139;144,141;144,143 physical=7:8250,-2250:Arrived;10:8250,136:Travelling;12:7963,2865:Travelling;6:7750,1250:Arrived;5:7750,2250:Arrived;11:7750,5958:Travelling;8:7872,6372:Travelling;9:8250,7696:Travelling
FARM_SELECTION_CLEARED
FARM_SELECTION_CLEARED
FARM_SELECTION_CLEARED
ORGANIC_QUEUE_IMAGE route=food-after-varied kind=longest-observed-overview tick=2500 actual_members=8 settled=5 in_transit=3 distances=7:0mm:Arrived;10:0mm:Arrived;12:159mm:Travelling;6:0mm:Arrived;5:0mm:Arrived;11:308mm:Travelling;8:132mm:Travelling;9:0mm:Arrived fifo=7,10,12,6,5,11,8,9 cells=144,123;144,125;144,128;143,130;143,132;143,134;143,136;144,139;144,141;144,143 physical=7:8250,-2250:Arrived;10:8250,-1250:Arrived;12:8250,409:Travelling;6:7750,1250:Arrived;5:7750,2250:Arrived;11:7750,3558:Travelling;8:7750,4382:Travelling;9:8250,5750:Arrived
FARM_SELECTION_CLEARED
ORGANIC_QUEUE_IMAGE route=food-after-varied kind=longest-observed-detail tick=2500 actual_members=8 settled=5 in_transit=3 distances=7:0mm:Arrived;10:0mm:Arrived;12:159mm:Travelling;6:0mm:Arrived;5:0mm:Arrived;11:308mm:Travelling;8:132mm:Travelling;9:0mm:Arrived fifo=7,10,12,6,5,11,8,9 cells=144,123;144,125;144,128;143,130;143,132;143,134;143,136;144,139;144,141;144,143 physical=7:8250,-2250:Arrived;10:8250,-1250:Arrived;12:8250,409:Travelling;6:7750,1250:Arrived;5:7750,2250:Arrived;11:7750,3558:Travelling;8:7750,4382:Travelling;9:8250,5750:Arrived
FARM_SELECTION_CLEARED
ORGANIC_QUEUE_IMAGE route=food-after-varied kind=reloaded-stable tick=2500 actual_members=8 settled=5 in_transit=3 distances=7:0mm:Arrived;10:0mm:Arrived;12:159mm:Travelling;6:0mm:Arrived;5:0mm:Arrived;11:308mm:Travelling;8:132mm:Travelling;9:0mm:Arrived fifo=7,10,12,6,5,11,8,9 cells=144,123;144,125;144,128;143,130;143,132;143,134;143,136;144,139;144,141;144,143 physical=7:8250,-2250:Arrived;10:8250,-1250:Arrived;12:8250,409:Travelling;6:7750,1250:Arrived;5:7750,2250:Arrived;11:7750,3558:Travelling;8:7750,4382:Travelling;9:8250,5750:Arrived
ORGANIC_QUEUE_IMAGE route=food-after-varied kind=advanced-fifo tick=2900 actual_members=9 settled=9 in_transit=0 distances=10:0mm:Arrived;12:0mm:Arrived;6:0mm:Arrived;5:0mm:Arrived;11:0mm:Arrived;8:0mm:Arrived;9:0mm:Arrived;3:0mm:Arrived;4:0mm:Arrived fifo=10,12,6,5,11,8,9,3,4 cells=144,123;144,125;144,128;143,130;143,132;143,134;143,136;144,139;144,141;144,143 physical=10:8250,-2250:Arrived;12:8250,-1250:Arrived;6:8250,250:Arrived;5:7750,1250:Arrived;11:7750,2250:Arrived;8:7750,3250:Arrived;9:7750,4250:Arrived;3:8250,5750:Arrived;4:8250,6750:Arrived
ORGANIC_QUEUE_ROUTE_COMPLETE route=food-after-varied maximum_claimed=8 long_image_members=8 long_image_settled=5 target_depth_reached=True reload=True pause_stable=True advanced=True positions_injected=False
FARM_SELECTION_CLEARED
FARM_SELECTION_CLEARED
ORGANIC_QUEUE_IMAGE route=drinks-before-legacy-reference kind=short-overview tick=2700 actual_members=6 settled=3 in_transit=3 distances=14:0mm:Arrived;7:0mm:Arrived;13:296mm:Travelling;12:1994mm:Travelling;5:0mm:Arrived;11:3400mm:Travelling fifo=14,7,13,12,5,11 cells=160,124;160,126;160,128;160,130;160,132;160,134;160,136;160,138;160,140;160,142 physical=14:16250,-1750:Arrived;7:16250,-750:Arrived;13:16250,546:Travelling;12:16684,3196:Travelling;5:16250,2250:Arrived;11:16250,6650:Travelling
FARM_SELECTION_CLEARED
ORGANIC_QUEUE_IMAGE route=drinks-before-legacy-reference kind=short-detail tick=2700 actual_members=6 settled=3 in_transit=3 distances=14:0mm:Arrived;7:0mm:Arrived;13:296mm:Travelling;12:1994mm:Travelling;5:0mm:Arrived;11:3400mm:Travelling fifo=14,7,13,12,5,11 cells=160,124;160,126;160,128;160,130;160,132;160,134;160,136;160,138;160,140;160,142 physical=14:16250,-1750:Arrived;7:16250,-750:Arrived;13:16250,546:Travelling;12:16684,3196:Travelling;5:16250,2250:Arrived;11:16250,6650:Travelling
FARM_SELECTION_CLEARED
FARM_SELECTION_CLEARED
FARM_SELECTION_CLEARED
ORGANIC_QUEUE_IMAGE route=drinks-before-legacy-reference kind=longest-observed-overview tick=2740 actual_members=9 settled=6 in_transit=3 distances=14:0mm:Arrived;7:0mm:Arrived;13:0mm:Arrived;12:769mm:Travelling;5:0mm:Arrived;11:2302mm:Travelling;3:0mm:Arrived;4:0mm:Arrived;9:703mm:Travelling fifo=14,7,13,12,5,11,3,4,9 cells=160,124;160,126;160,128;160,130;160,132;160,134;160,136;160,138;160,140;160,142 physical=14:16250,-1750:Arrived;7:16250,-750:Arrived;13:16250,250:Arrived;12:15968,1965:Travelling;5:16250,2250:Arrived;11:16550,5532:Travelling;3:16250,4250:Arrived;4:16250,5250:Arrived;9:16250,6953:Travelling
FARM_SELECTION_CLEARED
ORGANIC_QUEUE_IMAGE route=drinks-before-legacy-reference kind=longest-observed-detail tick=2740 actual_members=9 settled=6 in_transit=3 distances=14:0mm:Arrived;7:0mm:Arrived;13:0mm:Arrived;12:769mm:Travelling;5:0mm:Arrived;11:2302mm:Travelling;3:0mm:Arrived;4:0mm:Arrived;9:703mm:Travelling fifo=14,7,13,12,5,11,3,4,9 cells=160,124;160,126;160,128;160,130;160,132;160,134;160,136;160,138;160,140;160,142 physical=14:16250,-1750:Arrived;7:16250,-750:Arrived;13:16250,250:Arrived;12:15968,1965:Travelling;5:16250,2250:Arrived;11:16550,5532:Travelling;3:16250,4250:Arrived;4:16250,5250:Arrived;9:16250,6953:Travelling
FARM_SELECTION_CLEARED
ORGANIC_QUEUE_IMAGE route=drinks-before-legacy-reference kind=reloaded-stable tick=2740 actual_members=9 settled=6 in_transit=3 distances=14:0mm:Arrived;7:0mm:Arrived;13:0mm:Arrived;12:769mm:Travelling;5:0mm:Arrived;11:2302mm:Travelling;3:0mm:Arrived;4:0mm:Arrived;9:703mm:Travelling fifo=14,7,13,12,5,11,3,4,9 cells=160,124;160,126;160,128;160,130;160,132;160,134;160,136;160,138;160,140;160,142 physical=14:16250,-1750:Arrived;7:16250,-750:Arrived;13:16250,250:Arrived;12:15968,1965:Travelling;5:16250,2250:Arrived;11:16550,5532:Travelling;3:16250,4250:Arrived;4:16250,5250:Arrived;9:16250,6953:Travelling
ORGANIC_QUEUE_IMAGE route=drinks-before-legacy-reference kind=advanced-fifo tick=3140 actual_members=2 settled=1 in_transit=1 distances=13:0mm:Arrived;4:1000mm:Travelling fifo=13,4 cells=160,124;160,126;160,128 physical=13:16250,-1750:Arrived;4:16250,250:Travelling
ORGANIC_QUEUE_ROUTE_COMPLETE route=drinks-before-legacy-reference maximum_claimed=9 long_image_members=9 long_image_settled=6 target_depth_reached=True reload=True pause_stable=True advanced=True positions_injected=False
FARM_SELECTION_CLEARED
FARM_SELECTION_CLEARED
ORGANIC_QUEUE_IMAGE route=drinks-after-varied kind=short-overview tick=2700 actual_members=6 settled=3 in_transit=3 distances=14:0mm:Arrived;13:2169mm:Travelling;7:0mm:Arrived;12:3333mm:Travelling;5:0mm:Arrived;11:4142mm:Travelling fifo=14,13,7,12,5,11 cells=160,124;160,126;160,128;161,130;161,133;161,135;161,137;160,139;160,141;160,144 physical=14:16250,-1750:Arrived;13:16250,1419:Travelling;7:16250,250:Arrived;12:16750,4583:Travelling;5:16750,2750:Arrived;11:16610,7890:Travelling
FARM_SELECTION_CLEARED
ORGANIC_QUEUE_IMAGE route=drinks-after-varied kind=short-detail tick=2700 actual_members=6 settled=3 in_transit=3 distances=14:0mm:Arrived;13:2169mm:Travelling;7:0mm:Arrived;12:3333mm:Travelling;5:0mm:Arrived;11:4142mm:Travelling fifo=14,13,7,12,5,11 cells=160,124;160,126;160,128;161,130;161,133;161,135;161,137;160,139;160,141;160,144 physical=14:16250,-1750:Arrived;13:16250,1419:Travelling;7:16250,250:Arrived;12:16750,4583:Travelling;5:16750,2750:Arrived;11:16610,7890:Travelling
FARM_SELECTION_CLEARED
FARM_SELECTION_CLEARED
FARM_SELECTION_CLEARED
ORGANIC_QUEUE_IMAGE route=drinks-after-varied kind=longest-observed-overview tick=2820 actual_members=9 settled=5 in_transit=4 distances=13:0mm:Arrived;7:0mm:Arrived;12:557mm:Travelling;5:0mm:Arrived;11:1281mm:Travelling;8:538mm:Travelling;9:1779mm:Travelling;4:0mm:Arrived;3:0mm:Arrived fifo=13,7,12,5,11,8,9,4,3 cells=160,124;160,126;160,128;161,130;161,133;161,135;161,137;160,139;160,141;160,144 physical=13:16250,-1750:Arrived;7:16250,-750:Arrived;12:16250,807:Travelling;5:16750,1250:Arrived;11:17074,3989:Travelling;8:16703,4286:Travelling;9:16750,6529:Travelling;4:16250,5750:Arrived;3:16250,6750:Arrived
FARM_SELECTION_CLEARED
ORGANIC_QUEUE_IMAGE route=drinks-after-varied kind=longest-observed-detail tick=2820 actual_members=9 settled=5 in_transit=4 distances=13:0mm:Arrived;7:0mm:Arrived;12:557mm:Travelling;5:0mm:Arrived;11:1281mm:Travelling;8:538mm:Travelling;9:1779mm:Travelling;4:0mm:Arrived;3:0mm:Arrived fifo=13,7,12,5,11,8,9,4,3 cells=160,124;160,126;160,128;161,130;161,133;161,135;161,137;160,139;160,141;160,144 physical=13:16250,-1750:Arrived;7:16250,-750:Arrived;12:16250,807:Travelling;5:16750,1250:Arrived;11:17074,3989:Travelling;8:16703,4286:Travelling;9:16750,6529:Travelling;4:16250,5750:Arrived;3:16250,6750:Arrived
FARM_SELECTION_CLEARED
ORGANIC_QUEUE_IMAGE route=drinks-after-varied kind=reloaded-stable tick=2820 actual_members=9 settled=5 in_transit=4 distances=13:0mm:Arrived;7:0mm:Arrived;12:557mm:Travelling;5:0mm:Arrived;11:1281mm:Travelling;8:538mm:Travelling;9:1779mm:Travelling;4:0mm:Arrived;3:0mm:Arrived fifo=13,7,12,5,11,8,9,4,3 cells=160,124;160,126;160,128;161,130;161,133;161,135;161,137;160,139;160,141;160,144 physical=13:16250,-1750:Arrived;7:16250,-750:Arrived;12:16250,807:Travelling;5:16750,1250:Arrived;11:17074,3989:Travelling;8:16703,4286:Travelling;9:16750,6529:Travelling;4:16250,5750:Arrived;3:16250,6750:Arrived
ORGANIC_QUEUE_IMAGE route=drinks-after-varied kind=advanced-fifo tick=3220 actual_members=1 settled=0 in_transit=1 distances=4:3708mm:Travelling fifo=4 cells=160,124;160,126 physical=4:16250,1958:Travelling
ORGANIC_QUEUE_ROUTE_COMPLETE route=drinks-after-varied maximum_claimed=9 long_image_members=9 long_image_settled=5 target_depth_reached=True reload=True pause_stable=True advanced=True positions_injected=False
FARM_SELECTION_CLEARED
FARM_SELECTION_CLEARED
ORGANIC_QUEUE_CAPTURE_COMPLETE water_after_max=11 food_before_max=8 food_after_max=8 drinks_before_max=9 drinks_after_max=9 water_before_archived_point=water.extra-1 water_before_archived_members=3 water_before_long_unverified=True actual_routes=True no_position_injection=True saved_reload=True paused_stable=True before_water_archived_save=True fixture_need_cooldown=True
