Godot Engine v4.7.2.stable.mono.official.ed1daf0bf - https://godotengine.org
OpenGL API 3.3.0 NVIDIA 596.08 - Compatibility - Using Device: NVIDIA - NVIDIA GeForce RTX 3050 Ti Laptop GPU

FESTIVAL_TYCOON_LAUNCHED build=0.0.1-m0.01 godot=4.7.2-stable (official)
FARM_SCENE_READY scenario=scenario.lower-wittering-farm objects=6 hash=a024c69f88fcce3661966b5e705c5132064bdb7518953f9238551f4a2212f1f4
INCIDENT_AUDIO_READY ambient=True explosion=True female=True male=True mode=cc0-integrated
TIMETABLE_STATE name=booked tick=0 slot=-1 phase= ready= people=32 performers=9 admitted=0 departed=0 status=Programme booked hash=34a6b3c87d0a894e271474cd6372a806b9eb09c37b82244bf0c21047a5b69084
TIMETABLE_OPERATOR ordinary_medic_dispatch=True patient=22 tick=2000
TIMETABLE_STATE name=checkpoint tick=3400 slot=0 phase=Live ready=3 people=32 performers=9 admitted=32 departed=0 status=Playing hash=c341958b1910fcba3cb0c92dcada6a6096438b39c21d95ad80e2f86368f90375
ATTENDEE_SELECTED id=3 orientation=South
TIMETABLE_STATE name=first-set tick=3400 slot=0 phase=Live ready=3 people=32 performers=9 admitted=32 departed=0 status=Playing hash=c341958b1910fcba3cb0c92dcada6a6096438b39c21d95ad80e2f86368f90375
FESTIVAL_AUDIO act=act.meadow-lanterns genre=0 stream=res://assets/audio/folk_loop_v1.wav playing=True
TIMETABLE_OPERATOR ordinary_medic_dispatch=True patient=4 tick=5000
TIMETABLE_STATE name=checkpoint tick=12160 slot=0 phase=Finished ready=0 people=32 performers=9 admitted=32 departed=0 status=Changeover: outgoing performers clearing stairs hash=f2da170fc105398abc4d4d73bc384eb4fbd4ed15f0c8bfb073dc0f4857bedd72
TIMETABLE_STATE name=first-changeover tick=12160 slot=0 phase=Finished ready=0 people=32 performers=9 admitted=32 departed=0 status=Changeover: outgoing performers clearing stairs hash=f2da170fc105398abc4d4d73bc384eb4fbd4ed15f0c8bfb073dc0f4857bedd72
TIMETABLE_SAVE changeover_exact=True
TIMETABLE_STATE name=checkpoint tick=14400 slot=0 phase=Finished ready=0 people=32 performers=9 admitted=32 departed=0 status=Changeover: outgoing performers clearing stairs hash=92989afed682f057774ccfc08469a218cf340f9559fe8832aa5b28125c5eb2fb
ERROR: TIMETABLE_CAPTURE_FAILED second-set did not physically start within its fixed window.
   at: void Festival.Game.Main.ProcessTimetableCapture() (/_/game/Main.TimetableCapture.cs:68)
   C# backtrace (most recent call first):
       [0] void Godot.GD.PushError(string) (/root/godot/modules/mono/glue/GodotSharp/GodotSharp/Core/GD.cs:366)
       [1] void Festival.Game.Main.ProcessTimetableCapture() (/_/game/Main.TimetableCapture.cs:68)
       [2] void Festival.Game.Main._Process(double) (/_/game/Main.cs:267)
       [3] bool Godot.Node.InvokeGodotClassMethod(Godot.NativeInterop.godot_string_name&, Godot.NativeInterop.NativeVariantPtrArgs, Godot.NativeInterop.godot_variant&) (/root/godot/modules/mono/glue/GodotSharp/GodotSharp/Generated/GodotObjects/Node.cs:2654)
       [4] bool Festival.Game.Main.InvokeGodotClassMethod(Godot.NativeInterop.godot_string_name&, Godot.NativeInterop.NativeVariantPtrArgs, Godot.NativeInterop.godot_variant&) (/_/game/.godot/mono/temp/obj/Debug/Godot.SourceGenerators/Godot.SourceGenerators.ScriptMethodsGenerator/Festival.Game.Main_ScriptMethods.generated.cs:1780)
       [5] Godot.NativeInterop.godot_bool Godot.Bridge.CSharpInstanceBridge.Call(nint, Godot.NativeInterop.godot_string_name*, Godot.NativeInterop.godot_variant**, int, Godot.NativeInterop.godot_variant_call_error*, Godot.NativeInterop.godot_variant*) (/root/godot/modules/mono/glue/GodotSharp/GodotSharp/Core/Bridge/CSharpInstanceBridge.cs:24)
